                  :-) GROMACS - gmx mdrun, 2025.1-Homebrew (-:

Copyright 1991-2025 The GROMACS Authors.
GROMACS is free software; you can redistribute it and/or modify it
under the terms of the GNU Lesser General Public License
as published by the Free Software Foundation; either version 2.1
of the License, or (at your option) any later version.

                         Current GROMACS contributors:
       Mark Abraham           Andrey Alekseenko           Brian Andrews       
      Vladimir Basov              Paul Bauer                Hugh Bird         
      Eliane Briand               Ania Brown              Mahesh Doijade      
      Giacomo Fiorin          Stefan Fleischmann          Sergey Gorelov      
   Gilles Gouaillardet            Alan Gray              M. Eric Irrgang      
   Farzaneh Jalalypour         Petter Johansson          Carsten Kutzner      
    Grzegorz Łazarski         Justin A. Lemkul          Magnus Lundborg      
       Pascal Merz             Vedran Miletić            Dmitry Morozov      
     Lukas Müllender            Julien Nabet             Szilárd Páll      
 Andrea Pasquadibisceglie     Michele Pellegrino         Nicola Piasentin     
     Daniele Rapetti         Muhammad Umair Sadiq         Hubert Santuz       
      Roland Schulz             Michael Shirts           Tatiana Shugaeva     
     Alexey Shvetsov            Philip Turner            Alessandra Villa     
 Sebastian Wingbermühle  

                         Previous GROMACS contributors:
        Emile Apol             Rossen Apostolov           James Barnett       
  Herman J.C. Berendsen         Cathrine Bergh             Par Bjelkmar       
      Christian Blau          Viacheslav Bolnykh            Kevin Boyd        
    Aldert van Buuren          Carlo Camilloni           Rudi van Drunen      
      Anton Feenstra           Oliver Fleetwood            Vytas Gapsys       
       Gaurav Garg             Gerrit Groenhof            Bert de Groot       
      Anca Hamuraru           Vincent Hindriksen          Victor Holanda      
     Aleksei Iupinov              Joe Jordan            Christoph Junghans    
    Prashanth Kanduri        Dimitrios Karkoulis           Peter Kasson       
      Sebastian Kehl           Sebastian Keller             Jiri Kraus        
       Per Larsson              Viveca Lindahl            Erik Marklund       
    Pieter Meulenhoff           Teemu Murtola              Sander Pronk       
      Alfons Sijbers            Balint Soproni         David van der Spoel    
      Peter Tieleman            Carsten Uphoff             Jon Vincent        
     Teemu Virolainen         Christian Wennberg           Maarten Wolf       
      Artem Zhmurov       

                  Coordinated by the GROMACS project leaders:
                           Berk Hess and Erik Lindahl

GROMACS:      gmx mdrun, version 2025.1-Homebrew
Executable:   /opt/homebrew/bin/../Cellar/gromacs/2025.1/bin/gmx
Data prefix:  /opt/homebrew/bin/../Cellar/gromacs/2025.1
Working dir:  /Users/kushalpatil/Downloads/03_md
Process ID:   74944
Command line:
  gmx mdrun -deffnm npt_nya -v

GROMACS version:     2025.1-Homebrew
Precision:           mixed
Memory model:        64 bit
MPI library:         thread_mpi
OpenMP support:      enabled (GMX_OPENMP_MAX_THREADS = 128)
GPU support:         disabled
SIMD instructions:   ARM_NEON_ASIMD
CPU FFT library:     fftw-3.3.10
GPU FFT library:     none
Multi-GPU FFT:       none
TNG support:         enabled
Hwloc support:       disabled
Tracing support:     disabled
C compiler:          /opt/homebrew/opt/gcc/bin/gcc-14
C compiler flags:    -fexcess-precision=fast -funroll-all-loops -Wno-missing-field-initializers -O3 -DNDEBUG
C++ compiler:        /opt/homebrew/opt/gcc/bin/g++-14
C++ compiler flags:  -fexcess-precision=fast -funroll-all-loops -Wno-missing-field-initializers -Weverything -Wno-c++98-compat -Wno-c++98-compat-pedantic -Wno-return-std-move-in-c++11 -Wno-source-uses-openmp -Wno-c++17-extensions -Wno-documentation-unknown-command -Wno-covered-switch-default -Wno-switch-enum -Wno-switch-default -Wno-extra-semi-stmt -Wno-weak-vtables -Wno-shadow -Wno-padded -Wno-reserved-id-macro -Wno-double-promotion -Wno-exit-time-destructors -Wno-global-constructors -Wno-documentation -Wno-format-nonliteral -Wno-used-but-marked-unused -Wno-float-equal -Wno-conditional-uninitialized -Wno-conversion -Wno-disabled-macro-expansion -Wno-unused-macros -Wno-unsafe-buffer-usage -Wno-cast-function-type-strict SHELL:-fopenmp -O3 -DNDEBUG
BLAS library:        External - detected on the system
LAPACK library:      External - detected on the system


Running on 1 node with total 0 processing units
Hardware detected on host Mac:
  CPU info:
    Vendor: ARM
    Brand:  Unknown CPU brand
    Family: 0   Model: 0   Stepping: 0
    Features: neon neon_asimd
  Hardware topology: Only logical processor count
    CPU limit set by OS: -1   Recommended max number of threads: 10


++++ PLEASE READ AND CITE THE FOLLOWING REFERENCE ++++
M. J. Abraham, T. Murtola, R. Schulz, S. Páll, J. C. Smith, B. Hess, E.
Lindahl
GROMACS: High performance molecular simulations through multi-level
parallelism from laptops to supercomputers
SoftwareX (2015)
DOI: 10.1016/j.softx.2015.06.001
-------- -------- --- Thank You --- -------- --------


++++ PLEASE READ AND CITE THE FOLLOWING REFERENCE ++++
S. Páll, M. J. Abraham, C. Kutzner, B. Hess, E. Lindahl
Tackling Exascale Software Challenges in Molecular Dynamics Simulations with
GROMACS
In S. Markidis & E. Laure (Eds.), Solving Software Challenges for Exascale (2015)
DOI: 10.1007/978-3-319-15976-8_1
-------- -------- --- Thank You --- -------- --------


++++ PLEASE READ AND CITE THE FOLLOWING REFERENCE ++++
S. Pronk, S. Páll, R. Schulz, P. Larsson, P. Bjelkmar, R. Apostolov, M. R.
Shirts, J. C. Smith, P. M. Kasson, D. van der Spoel, B. Hess, E. Lindahl
GROMACS 4.5: a high-throughput and highly parallel open source molecular
simulation toolkit
Bioinformatics (2013)
DOI: 10.1093/bioinformatics/btt055
-------- -------- --- Thank You --- -------- --------


++++ PLEASE READ AND CITE THE FOLLOWING REFERENCE ++++
B. Hess, C. Kutzner, D. van der Spoel, E. Lindahl
GROMACS 4: Algorithms for highly efficient, load-balanced, and scalable
molecular simulation
J. Chem. Theory Comput. (2008)
DOI: 10.1021/ct700301q
-------- -------- --- Thank You --- -------- --------


++++ PLEASE READ AND CITE THE FOLLOWING REFERENCE ++++
D. van der Spoel, E. Lindahl, B. Hess, G. Groenhof, A. E. Mark, H. J. C.
Berendsen
GROMACS: Fast, Flexible and Free
J. Comp. Chem. (2005)
DOI: 10.1002/jcc.20291
-------- -------- --- Thank You --- -------- --------


++++ PLEASE READ AND CITE THE FOLLOWING REFERENCE ++++
E. Lindahl, B. Hess, D. van der Spoel
GROMACS 3.0: A package for molecular simulation and trajectory analysis
J. Mol. Mod. (2001)
DOI: 10.1007/s008940100045
-------- -------- --- Thank You --- -------- --------


++++ PLEASE READ AND CITE THE FOLLOWING REFERENCE ++++
H. J. C. Berendsen, D. van der Spoel and R. van Drunen
GROMACS: A message-passing parallel molecular dynamics implementation
Comp. Phys. Comm. (1995)
DOI: 10.1016/0010-4655(95)00042-E
-------- -------- --- Thank You --- -------- --------

Input Parameters:
   integrator                     = md
   tinit                          = 0
   dt                             = 0.0005
   nsteps                         = 2000000
   init-step                      = 0
   simulation-part                = 1
   mts                            = false
   mass-repartition-factor        = 1
   comm-mode                      = Linear
   nstcomm                        = 100
   bd-fric                        = 0
   ld-seed                        = -689964117
   emtol                          = 10
   emstep                         = 0.01
   niter                          = 20
   fcstep                         = 0
   nstcgsteep                     = 1000
   nbfgscorr                      = 10
   rtpi                           = 0.05
   nstxout                        = 50000
   nstvout                        = 50000
   nstfout                        = 0
   nstlog                         = 50000
   nstcalcenergy                  = 100
   nstenergy                      = 50000
   nstxout-compressed             = 50000
   compressed-x-precision         = 1000
   cutoff-scheme                  = Verlet
   nstlist                        = 10
   pbc                            = xyz
   periodic-molecules             = false
   verlet-buffer-tolerance        = 0.005
   verlet-buffer-pressure-tolerance = 0.5
   rlist                          = 1
   coulombtype                    = PME
   coulomb-modifier               = Potential-shift
   rcoulomb-switch                = 0
   rcoulomb                       = 1
   epsilon-r                      = 1
   epsilon-rf                     = inf
   vdw-type                       = Cut-off
   vdw-modifier                   = Potential-shift
   rvdw-switch                    = 0
   rvdw                           = 1
   DispCorr                       = No
   table-extension                = 1
   fourierspacing                 = 0.12
   fourier-nx                     = 56
   fourier-ny                     = 56
   fourier-nz                     = 56
   pme-order                      = 4
   ewald-rtol                     = 1e-05
   ewald-rtol-lj                  = 0.001
   lj-pme-comb-rule               = Geometric
   ewald-geometry                 = 3d
   epsilon-surface                = 0
   ensemble-temperature-setting   = constant
   ensemble-temperature           = 300
   tcoupl                         = V-rescale
   nsttcouple                     = 100
   nh-chain-length                = 0
   print-nose-hoover-chain-variables = false
   pcoupl                         = Parrinello-Rahman
   pcoupltype                     = Isotropic
   nstpcouple                     = 100
   tau-p                          = 2
   compressibility (3x3):
      compressibility[    0]={ 4.50000e-05,  0.00000e+00,  0.00000e+00}
      compressibility[    1]={ 0.00000e+00,  4.50000e-05,  0.00000e+00}
      compressibility[    2]={ 0.00000e+00,  0.00000e+00,  4.50000e-05}
   ref-p (3x3):
      ref-p[    0]={ 1.00000e+00,  0.00000e+00,  0.00000e+00}
      ref-p[    1]={ 0.00000e+00,  1.00000e+00,  0.00000e+00}
      ref-p[    2]={ 0.00000e+00,  0.00000e+00,  1.00000e+00}
   refcoord-scaling               = No
   posres-com: not available
   posres-comB: not available
   QMMM                           = false
qm-opts:
   ngQM                           = 0
   constraint-algorithm           = Lincs
   continuation                   = true
   Shake-SOR                      = false
   shake-tol                      = 0.0001
   lincs-order                    = 4
   lincs-iter                     = 1
   lincs-warnangle                = 30
   nwall                          = 0
   wall-type                      = 9-3
   wall-r-linpot                  = -1
   wall-atomtype[0]               = -1
   wall-atomtype[1]               = -1
   wall-density[0]                = 0
   wall-density[1]                = 0
   wall-ewald-zfac                = 3
   pull                           = false
   awh                            = false
   rotation                       = false
   interactiveMD                  = false
   disre                          = No
   disre-weighting                = Conservative
   disre-mixed                    = false
   dr-fc                          = 1000
   dr-tau                         = 0
   nstdisreout                    = 100
   orire-fc                       = 0
   orire-tau                      = 0
   nstorireout                    = 100
   free-energy                    = no
   cos-acceleration               = 0
   deform (3x3):
      deform[    0]={ 0.00000e+00,  0.00000e+00,  0.00000e+00}
      deform[    1]={ 0.00000e+00,  0.00000e+00,  0.00000e+00}
      deform[    2]={ 0.00000e+00,  0.00000e+00,  0.00000e+00}
   simulated-tempering            = false
   swapcoords                     = no
   userint1                       = 0
   userint2                       = 0
   userint3                       = 0
   userint4                       = 0
   userreal1                      = 0
   userreal2                      = 0
   userreal3                      = 0
   userreal4                      = 0
   applied-forces:
     electric-field:
       x:
         E0                       = 0
         omega                    = 0
         t0                       = 0
         sigma                    = 0
       y:
         E0                       = 0
         omega                    = 0
         t0                       = 0
         sigma                    = 0
       z:
         E0                       = 0
         omega                    = 0
         t0                       = 0
         sigma                    = 0
     density-guided-simulation:
       active                     = false
       group                      = protein
       similarity-measure         = inner-product
       atom-spreading-weight      = unity
       force-constant             = 1e+09
       gaussian-transform-spreading-width = 0.2
       gaussian-transform-spreading-range-in-multiples-of-width = 4
       reference-density-filename = reference.mrc
       nst                        = 1
       normalize-densities        = true
       adaptive-force-scaling     = false
       adaptive-force-scaling-time-constant = 4
       shift-vector               = 
       transformation-matrix      = 
     qmmm-cp2k:
       active                     = false
       qmgroup                    = System
       qmmethod                   = PBE
       qmfilenames                = 
       qmcharge                   = 0
       qmmultiplicity             = 1
     colvars:
       active                     = false
       configfile                 = 
       seed                       = -1
     nnpot:
       active                     = false
       modelfile                  = model.pt
       input-group                = System
       model-input1               = 
       model-input2               = 
       model-input3               = 
       model-input4               = 
grpopts:
   nrdf:       53742
   ref-t:         300
   tau-t:         0.5
annealing:          No
annealing-npoints:           0
   acc:	           0           0           0
   nfreeze:           N           N           N
   energygrp-flags[  0]: 0

Changing nstlist from 10 to 100, rlist from 1 to 1.05

Update groups can not be used for this system because there are three or more consecutively coupled constraints

Initializing Domain Decomposition on 10 ranks
Dynamic load balancing: auto
Minimum cell size due to atom displacement: 0.326 nm
Initial maximum distances in bonded interactions:
    two-body bonded interactions: 0.393 nm, LJ-14, atoms 32 38
  multi-body bonded interactions: 0.393 nm, Proper Dih., atoms 38 32
Minimum cell size due to bonded interactions: 0.433 nm
Maximum distance for 5 constraints, at 120 deg. angles, all-trans: 0.819 nm
Estimated maximum distance required for P-LINCS: 0.819 nm
This distance will limit the DD cell size, you can override this with -rcon
Scaling the initial minimum size with 1/0.8 (option -dds) = 1.25
Using 0 separate PME ranks because: there are too few total ranks for efficient splitting
Optimizing the DD grid for 10 cells with a minimum initial size of 1.024 nm
The maximum allowed number of cells is: X 6 Y 6 Z 6
Domain decomposition grid 5 x 2 x 1, separate PME ranks 0
PME domain decomposition: 5 x 2 x 1
Domain decomposition rank 0, coordinates 0 0 0

The initial number of communication pulses is: X 1 Y 1
The initial domain decomposition cell size is: X 1.30 nm Y 3.25 nm

The maximum allowed distance for atoms involved in interactions is:
                 non-bonded interactions           1.050 nm
(the following are initial values, they could change due to box deformation)
            two-body bonded interactions  (-rdd)   1.050 nm
          multi-body bonded interactions  (-rdd)   1.050 nm
  atoms separated by up to 5 constraints  (-rcon)  1.302 nm

When dynamic load balancing gets turned on, these settings will change to:
The maximum number of communication pulses is: X 2 Y 1
The minimum size for domain decomposition cells is 0.867 nm
The requested allowed shrink of DD cells (option -dds) is: 0.80
The allowed shrink of domain decomposition cells is: X 0.67 Y 0.32
The maximum allowed distance for atoms involved in interactions is:
                 non-bonded interactions           1.050 nm
            two-body bonded interactions  (-rdd)   1.050 nm
          multi-body bonded interactions  (-rdd)   0.867 nm
  atoms separated by up to 5 constraints  (-rcon)  0.867 nm

Local state does not use filler particles

Using 10 MPI threads
Using 1 OpenMP thread per tMPI thread

System total charge: 0.000
Will do PME sum in reciprocal space for electrostatic interactions.

++++ PLEASE READ AND CITE THE FOLLOWING REFERENCE ++++
U. Essmann, L. Perera, M. L. Berkowitz, T. Darden, H. Lee, L. G. Pedersen 
A smooth particle mesh Ewald method
J. Chem. Phys. (1995)
DOI: 10.1063/1.470117
-------- -------- --- Thank You --- -------- --------

Using a Gaussian width (1/beta) of 0.320163 nm for Ewald
Potential shift: LJ r^-12: -1.000e+00 r^-6: -1.000e+00, Ewald -1.000e-05
Initialized non-bonded Coulomb Ewald tables, spacing: 9.33e-04 size: 1073

Generated table with 1025 data points for 1-4 COUL.
Tabscale = 500 points/nm
Generated table with 1025 data points for 1-4 LJ6.
Tabscale = 500 points/nm
Generated table with 1025 data points for 1-4 LJ12.
Tabscale = 500 points/nm


Using SIMD4xM 4x4 nonbonded short-range kernels

Using a dual 4x4 pair-list setup updated with dynamic pruning:
  outer list: updated every 100 steps, buffer 0.050 nm, rlist 1.050 nm
  inner list: updated every  34 steps, buffer 0.000 nm, rlist 1.000 nm
At tolerance 0.005 kJ/mol/ps per atom, equivalent classical 1x1 list would be:
  outer list: updated every 100 steps, buffer 0.135 nm, rlist 1.135 nm
  inner list: updated every  34 steps, buffer 0.032 nm, rlist 1.032 nm

The average pressure is off by at most 0.34 bar due to missing LJ interactions

Using Lorentz-Berthelot Lennard-Jones combination rule

Linking all bonded interactions to atoms


Initializing Parallel LINear Constraint Solver

++++ PLEASE READ AND CITE THE FOLLOWING REFERENCE ++++
B. Hess
P-LINCS: A Parallel Linear Constraint Solver for molecular simulation
J. Chem. Theory Comput. (2008)
DOI: 10.1021/ct700200b
-------- -------- --- Thank You --- -------- --------

The number of constraints is 633
There are constraints between atoms in different decomposition domains,
will communicate selected coordinates each lincs iteration

++++ PLEASE READ AND CITE THE FOLLOWING REFERENCE ++++
S. Miyamoto, P. A. Kollman
SETTLE: An Analytical Version of the SHAKE and RATTLE Algorithms for Rigid
Water Models
J. Comp. Chem. (1992)
DOI: 10.1002/jcc.540130805
-------- -------- --- Thank You --- -------- --------


Intra-simulation communication will occur every 100 steps.

++++ PLEASE READ AND CITE THE FOLLOWING REFERENCE ++++
G. Bussi, D. Donadio, M. Parrinello
Canonical sampling through velocity rescaling
J. Chem. Phys. (2007)
DOI: 10.1063/1.2408420
-------- -------- --- Thank You --- -------- --------

There are: 26874 Atoms
Atom distribution over 10 domains: av 2687 stddev 53 min 2650 max 2742
Center of mass motion removal mode is Linear
We have the following groups for center of mass motion removal:
  0:  rest

Started mdrun on rank 0 Thu Aug  7 21:31:03 2025

           Step           Time
              0        0.00000

   Energies (kJ/mol)
          Angle    Proper Dih. Per. Imp. Dih.          LJ-14     Coulomb-14
    1.45819e+03    1.61926e+03    9.28831e+01    6.99935e+02    1.08450e+04
        LJ (SR)   Coulomb (SR)   Coul. recip.      Potential    Kinetic En.
    5.35718e+04   -4.20750e+05    2.40452e+03   -3.50058e+05    7.14778e+04
   Total Energy  Conserved En.    Temperature Pressure (bar)   Constr. rmsd
   -2.78581e+05   -2.78564e+05    3.19928e+02    8.55229e+02    1.00599e-05


DD  step 99 load imb.: force  6.2%

step 300 Turning on dynamic load balancing, because the performance loss due to load imbalance is 3.4 %.
step 4000 Turning off dynamic load balancing, because it is degrading performance.
Atom distribution over 10 domains: av 2687 stddev 50 min 2661 max 2714
step 20000 Turning on dynamic load balancing, because the performance loss due to load imbalance is 3.1 %.
step 22000 Turning off dynamic load balancing, because it is degrading performance.
Atom distribution over 10 domains: av 2687 stddev 51 min 2650 max 2731
step 30000 Will no longer try dynamic load balancing, as it degraded performance.

DD  step 49999 load imb.: force  4.2%
           Step           Time
          50000       25.00000

   Energies (kJ/mol)
          Angle    Proper Dih. Per. Imp. Dih.          LJ-14     Coulomb-14
    1.41017e+03    1.66300e+03    6.29328e+01    6.99951e+02    1.07866e+04
        LJ (SR)   Coulomb (SR)   Coul. recip.      Potential    Kinetic En.
    5.25879e+04   -4.20770e+05    2.36102e+03   -3.51199e+05    6.70045e+04
   Total Energy  Conserved En.    Temperature Pressure (bar)   Constr. rmsd
   -2.84194e+05   -2.82816e+05    2.99906e+02   -1.89159e+02    2.51003e-06

Writing checkpoint, step 79300 at Thu Aug  7 21:46:05 2025



DD  step 99999 load imb.: force  4.4%
           Step           Time
         100000       50.00000

   Energies (kJ/mol)
          Angle    Proper Dih. Per. Imp. Dih.          LJ-14     Coulomb-14
    1.41525e+03    1.69111e+03    7.98949e+01    6.74036e+02    1.07851e+04
        LJ (SR)   Coulomb (SR)   Coul. recip.      Potential    Kinetic En.
    5.26066e+04   -4.20701e+05    2.42564e+03   -3.51023e+05    6.74999e+04
   Total Energy  Conserved En.    Temperature Pressure (bar)   Constr. rmsd
   -2.83523e+05   -2.82611e+05    3.02124e+02   -2.81912e+02    2.72235e-06


DD  step 149999 load imb.: force  2.8%
           Step           Time
         150000       75.00000

   Energies (kJ/mol)
          Angle    Proper Dih. Per. Imp. Dih.          LJ-14     Coulomb-14
    1.38404e+03    1.62695e+03    6.96940e+01    7.12135e+02    1.07947e+04
        LJ (SR)   Coulomb (SR)   Coul. recip.      Potential    Kinetic En.
    5.41888e+04   -4.21866e+05    2.36384e+03   -3.50726e+05    6.64897e+04
   Total Energy  Conserved En.    Temperature Pressure (bar)   Constr. rmsd
   -2.84236e+05   -2.82357e+05    2.97602e+02    2.05124e+02    2.56274e-06

Writing checkpoint, step 158200 at Thu Aug  7 22:01:05 2025



DD  step 199999 load imb.: force  6.3%
           Step           Time
         200000      100.00000

   Energies (kJ/mol)
          Angle    Proper Dih. Per. Imp. Dih.          LJ-14     Coulomb-14
    1.41870e+03    1.66720e+03    7.22596e+01    7.11480e+02    1.08669e+04
        LJ (SR)   Coulomb (SR)   Coul. recip.      Potential    Kinetic En.
    5.45172e+04   -4.23250e+05    2.26233e+03   -3.51734e+05    6.66806e+04
   Total Energy  Conserved En.    Temperature Pressure (bar)   Constr. rmsd
   -2.85053e+05   -2.82149e+05    2.98457e+02    1.82188e+02    2.58070e-06

Writing checkpoint, step 221800 at Thu Aug  7 22:16:05 2025



DD  step 249999 load imb.: force  6.8%
           Step           Time
         250000      125.00000

   Energies (kJ/mol)
          Angle    Proper Dih. Per. Imp. Dih.          LJ-14     Coulomb-14
    1.41392e+03    1.61778e+03    7.28097e+01    6.92880e+02    1.08441e+04
        LJ (SR)   Coulomb (SR)   Coul. recip.      Potential    Kinetic En.
    5.27568e+04   -4.20185e+05    2.35746e+03   -3.50430e+05    6.63833e+04
   Total Energy  Conserved En.    Temperature Pressure (bar)   Constr. rmsd
   -2.84046e+05   -2.81921e+05    2.97126e+02   -2.17886e+02    2.39663e-06

Writing checkpoint, step 282300 at Thu Aug  7 22:31:05 2025



DD  step 299999 load imb.: force  4.7%
           Step           Time
         300000      150.00000

   Energies (kJ/mol)
          Angle    Proper Dih. Per. Imp. Dih.          LJ-14     Coulomb-14
    1.41375e+03    1.65435e+03    5.65459e+01    6.67932e+02    1.07934e+04
        LJ (SR)   Coulomb (SR)   Coul. recip.      Potential    Kinetic En.
    5.44406e+04   -4.22100e+05    2.39845e+03   -3.50675e+05    6.67603e+04
   Total Energy  Conserved En.    Temperature Pressure (bar)   Constr. rmsd
   -2.83915e+05   -2.81706e+05    2.98814e+02    8.39883e+01    2.63493e-06

Writing checkpoint, step 349500 at Thu Aug  7 22:46:05 2025



DD  step 349999 load imb.: force  3.7%
           Step           Time
         350000      175.00000

   Energies (kJ/mol)
          Angle    Proper Dih. Per. Imp. Dih.          LJ-14     Coulomb-14
    1.42204e+03    1.68637e+03    8.88791e+01    6.67863e+02    1.07525e+04
        LJ (SR)   Coulomb (SR)   Coul. recip.      Potential    Kinetic En.
    5.38861e+04   -4.21857e+05    2.37014e+03   -3.50984e+05    6.66012e+04
   Total Energy  Conserved En.    Temperature Pressure (bar)   Constr. rmsd
   -2.84382e+05   -2.81483e+05    2.98101e+02    5.24550e+01    2.58609e-06


DD  step 399999 load imb.: force  3.6%
           Step           Time
         400000      200.00000

   Energies (kJ/mol)
          Angle    Proper Dih. Per. Imp. Dih.          LJ-14     Coulomb-14
    1.47054e+03    1.61308e+03    7.87184e+01    6.60050e+02    1.07278e+04
        LJ (SR)   Coulomb (SR)   Coul. recip.      Potential    Kinetic En.
    5.47883e+04   -4.22988e+05    2.30842e+03   -3.51341e+05    6.69563e+04
   Total Energy  Conserved En.    Temperature Pressure (bar)   Constr. rmsd
   -2.84385e+05   -2.81281e+05    2.99691e+02    4.84788e+01    2.85525e-06

Writing checkpoint, step 413700 at Thu Aug  7 23:01:04 2025



DD  step 449999 load imb.: force  5.2%
           Step           Time
         450000      225.00000

   Energies (kJ/mol)
          Angle    Proper Dih. Per. Imp. Dih.          LJ-14     Coulomb-14
    1.25496e+03    1.64246e+03    8.19858e+01    7.23542e+02    1.08331e+04
        LJ (SR)   Coulomb (SR)   Coul. recip.      Potential    Kinetic En.
    5.50573e+04   -4.22660e+05    2.33771e+03   -3.50729e+05    6.70559e+04
   Total Energy  Conserved En.    Temperature Pressure (bar)   Constr. rmsd
   -2.83673e+05   -2.81093e+05    3.00137e+02    4.02896e+02    2.32974e-06

Writing checkpoint, step 488700 at Thu Aug  7 23:16:04 2025



DD  step 499999 load imb.: force  3.8%
           Step           Time
         500000      250.00000

   Energies (kJ/mol)
          Angle    Proper Dih. Per. Imp. Dih.          LJ-14     Coulomb-14
    1.30663e+03    1.64168e+03    6.99417e+01    7.16534e+02    1.08117e+04
        LJ (SR)   Coulomb (SR)   Coul. recip.      Potential    Kinetic En.
    5.46067e+04   -4.22430e+05    2.40457e+03   -3.50872e+05    6.76925e+04
   Total Energy  Conserved En.    Temperature Pressure (bar)   Constr. rmsd
   -2.83179e+05   -2.80862e+05    3.02986e+02    1.51413e+02    2.46634e-06


DD  step 549999 load imb.: force  4.9%
           Step           Time
         550000      275.00000

   Energies (kJ/mol)
          Angle    Proper Dih. Per. Imp. Dih.          LJ-14     Coulomb-14
    1.48478e+03    1.67426e+03    8.57130e+01    7.07431e+02    1.08393e+04
        LJ (SR)   Coulomb (SR)   Coul. recip.      Potential    Kinetic En.
    5.30149e+04   -4.20951e+05    2.32616e+03   -3.50819e+05    6.71210e+04
   Total Energy  Conserved En.    Temperature Pressure (bar)   Constr. rmsd
   -2.83698e+05   -2.80651e+05    3.00428e+02   -1.51777e+02    2.80448e-06

Writing checkpoint, step 572200 at Thu Aug  7 23:31:05 2025



DD  step 599999 load imb.: force  4.8%
           Step           Time
         600000      300.00000

   Energies (kJ/mol)
          Angle    Proper Dih. Per. Imp. Dih.          LJ-14     Coulomb-14
    1.40308e+03    1.66030e+03    7.25632e+01    6.87824e+02    1.07915e+04
        LJ (SR)   Coulomb (SR)   Coul. recip.      Potential    Kinetic En.
    5.27801e+04   -4.19858e+05    2.34024e+03   -3.50122e+05    6.69478e+04
   Total Energy  Conserved En.    Temperature Pressure (bar)   Constr. rmsd
   -2.83175e+05   -2.80424e+05    2.99653e+02   -9.71328e+01    2.66149e-06

Writing checkpoint, step 649800 at Thu Aug  7 23:46:04 2025



DD  step 649999 load imb.: force  4.9%
           Step           Time
         650000      325.00000

   Energies (kJ/mol)
          Angle    Proper Dih. Per. Imp. Dih.          LJ-14     Coulomb-14
    1.40449e+03    1.62490e+03    7.54754e+01    7.24626e+02    1.07560e+04
        LJ (SR)   Coulomb (SR)   Coul. recip.      Potential    Kinetic En.
    5.32824e+04   -4.20943e+05    2.35017e+03   -3.50725e+05    6.72029e+04
   Total Energy  Conserved En.    Temperature Pressure (bar)   Constr. rmsd
   -2.83522e+05   -2.80175e+05    3.00794e+02   -1.00692e+02    2.68812e-06


DD  step 699999 load imb.: force  4.2%
           Step           Time
         700000      350.00000

   Energies (kJ/mol)
          Angle    Proper Dih. Per. Imp. Dih.          LJ-14     Coulomb-14
    1.44648e+03    1.67208e+03    7.42017e+01    6.90891e+02    1.09008e+04
        LJ (SR)   Coulomb (SR)   Coul. recip.      Potential    Kinetic En.
    5.41154e+04   -4.21885e+05    2.40352e+03   -3.50581e+05    6.73422e+04
   Total Energy  Conserved En.    Temperature Pressure (bar)   Constr. rmsd
   -2.83239e+05   -2.79944e+05    3.01418e+02    1.86775e+02    2.66016e-06

Writing checkpoint, step 719100 at Fri Aug  8 00:01:05 2025



DD  step 749999 load imb.: force  8.6%
           Step           Time
         750000      375.00000

   Energies (kJ/mol)
          Angle    Proper Dih. Per. Imp. Dih.          LJ-14     Coulomb-14
    1.42014e+03    1.66117e+03    8.20381e+01    7.02059e+02    1.07628e+04
        LJ (SR)   Coulomb (SR)   Coul. recip.      Potential    Kinetic En.
    5.47036e+04   -4.22175e+05    2.30574e+03   -3.50537e+05    6.68052e+04
   Total Energy  Conserved En.    Temperature Pressure (bar)   Constr. rmsd
   -2.83732e+05   -2.79736e+05    2.99014e+02    2.72651e+02    2.73765e-06

Writing checkpoint, step 777900 at Fri Aug  8 00:16:04 2025



DD  step 799999 load imb.: force  6.4%
           Step           Time
         800000      400.00000

   Energies (kJ/mol)
          Angle    Proper Dih. Per. Imp. Dih.          LJ-14     Coulomb-14
    1.43647e+03    1.64494e+03    5.90806e+01    7.37113e+02    1.08246e+04
        LJ (SR)   Coulomb (SR)   Coul. recip.      Potential    Kinetic En.
    5.39413e+04   -4.21715e+05    2.39435e+03   -3.50677e+05    6.62504e+04
   Total Energy  Conserved En.    Temperature Pressure (bar)   Constr. rmsd
   -2.84427e+05   -2.79524e+05    2.96531e+02    3.37975e+01    2.69717e-06

Writing checkpoint, step 840200 at Fri Aug  8 00:31:04 2025



DD  step 849999 load imb.: force 13.6%
           Step           Time
         850000      425.00000

   Energies (kJ/mol)
          Angle    Proper Dih. Per. Imp. Dih.          LJ-14     Coulomb-14
    1.38731e+03    1.65117e+03    7.56761e+01    6.62413e+02    1.08526e+04
        LJ (SR)   Coulomb (SR)   Coul. recip.      Potential    Kinetic En.
    5.34675e+04   -4.21571e+05    2.37700e+03   -3.51097e+05    6.72500e+04
   Total Energy  Conserved En.    Temperature Pressure (bar)   Constr. rmsd
   -2.83847e+05   -2.79327e+05    3.01005e+02   -6.63134e+01    2.58330e-06


DD  step 899999 load imb.: force  6.7%
           Step           Time
         900000      450.00000

   Energies (kJ/mol)
          Angle    Proper Dih. Per. Imp. Dih.          LJ-14     Coulomb-14
    1.40345e+03    1.65336e+03    7.25510e+01    6.88812e+02    1.09046e+04
        LJ (SR)   Coulomb (SR)   Coul. recip.      Potential    Kinetic En.
    5.38322e+04   -4.21334e+05    2.34913e+03   -3.50429e+05    6.72967e+04
   Total Energy  Conserved En.    Temperature Pressure (bar)   Constr. rmsd
   -2.83133e+05   -2.79112e+05    3.01214e+02    1.10786e+02    2.66974e-06

Writing checkpoint, step 904100 at Fri Aug  8 00:46:05 2025



DD  step 949999 load imb.: force  6.5%
           Step           Time
         950000      475.00000

   Energies (kJ/mol)
          Angle    Proper Dih. Per. Imp. Dih.          LJ-14     Coulomb-14
    1.43418e+03    1.65675e+03    7.78738e+01    6.92441e+02    1.07959e+04
        LJ (SR)   Coulomb (SR)   Coul. recip.      Potential    Kinetic En.
    5.30797e+04   -4.20715e+05    2.38513e+03   -3.50593e+05    6.73092e+04
   Total Energy  Conserved En.    Temperature Pressure (bar)   Constr. rmsd
   -2.83284e+05   -2.78870e+05    3.01271e+02   -9.65975e+01    2.65023e-06

Writing checkpoint, step 980400 at Fri Aug  8 01:01:04 2025



DD  step 999999 load imb.: force  3.6%
           Step           Time
        1000000      500.00000

   Energies (kJ/mol)
          Angle    Proper Dih. Per. Imp. Dih.          LJ-14     Coulomb-14
    1.52770e+03    1.71738e+03    9.15665e+01    6.70185e+02    1.07831e+04
        LJ (SR)   Coulomb (SR)   Coul. recip.      Potential    Kinetic En.
    5.36305e+04   -4.20641e+05    2.39254e+03   -3.49828e+05    6.75320e+04
   Total Energy  Conserved En.    Temperature Pressure (bar)   Constr. rmsd
   -2.82296e+05   -2.78652e+05    3.02268e+02   -7.38981e+01    2.81092e-06

Writing checkpoint, step 1048900 at Fri Aug  8 01:16:04 2025



DD  step 1049999 load imb.: force  5.2%
           Step           Time
        1050000      525.00000

   Energies (kJ/mol)
          Angle    Proper Dih. Per. Imp. Dih.          LJ-14     Coulomb-14
    1.24589e+03    1.64988e+03    7.51544e+01    6.86356e+02    1.08580e+04
        LJ (SR)   Coulomb (SR)   Coul. recip.      Potential    Kinetic En.
    5.44778e+04   -4.22936e+05    2.34301e+03   -3.51600e+05    6.67024e+04
   Total Energy  Conserved En.    Temperature Pressure (bar)   Constr. rmsd
   -2.84897e+05   -2.78432e+05    2.98555e+02    2.14772e+01    2.79643e-06


DD  step 1099999 load imb.: force  6.3%
           Step           Time
        1100000      550.00000

   Energies (kJ/mol)
          Angle    Proper Dih. Per. Imp. Dih.          LJ-14     Coulomb-14
    1.35483e+03    1.64988e+03    7.64858e+01    6.91804e+02    1.09334e+04
        LJ (SR)   Coulomb (SR)   Coul. recip.      Potential    Kinetic En.
    5.25960e+04   -4.19086e+05    2.38317e+03   -3.49401e+05    6.81427e+04
   Total Energy  Conserved En.    Temperature Pressure (bar)   Constr. rmsd
   -2.81258e+05   -2.78164e+05    3.05001e+02   -1.21358e+02    2.57885e-06

Writing checkpoint, step 1109700 at Fri Aug  8 01:31:04 2025



DD  step 1149999 load imb.: force  3.6%
           Step           Time
        1150000      575.00000

   Energies (kJ/mol)
          Angle    Proper Dih. Per. Imp. Dih.          LJ-14     Coulomb-14
    1.36000e+03    1.65219e+03    7.45001e+01    6.90969e+02    1.08611e+04
        LJ (SR)   Coulomb (SR)   Coul. recip.      Potential    Kinetic En.
    5.36852e+04   -4.20612e+05    2.34170e+03   -3.49947e+05    6.74412e+04
   Total Energy  Conserved En.    Temperature Pressure (bar)   Constr. rmsd
   -2.82506e+05   -2.77925e+05    3.01861e+02    4.88057e+01    2.68945e-06

Writing checkpoint, step 1173600 at Fri Aug  8 01:46:05 2025



DD  step 1199999 load imb.: force  4.3%
           Step           Time
        1200000      600.00000

   Energies (kJ/mol)
          Angle    Proper Dih. Per. Imp. Dih.          LJ-14     Coulomb-14
    1.42716e+03    1.65128e+03    6.80858e+01    7.12509e+02    1.08070e+04
        LJ (SR)   Coulomb (SR)   Coul. recip.      Potential    Kinetic En.
    5.30649e+04   -4.20326e+05    2.30917e+03   -3.50286e+05    6.70481e+04
   Total Energy  Conserved En.    Temperature Pressure (bar)   Constr. rmsd
   -2.83238e+05   -2.77732e+05    3.00102e+02   -4.54125e+01    2.54671e-06

Writing checkpoint, step 1235000 at Fri Aug  8 02:01:04 2025



DD  step 1249999 load imb.: force  4.5%
           Step           Time
        1250000      625.00000

   Energies (kJ/mol)
          Angle    Proper Dih. Per. Imp. Dih.          LJ-14     Coulomb-14
    1.42198e+03    1.66687e+03    7.10814e+01    7.16240e+02    1.07462e+04
        LJ (SR)   Coulomb (SR)   Coul. recip.      Potential    Kinetic En.
    5.40484e+04   -4.22042e+05    2.26983e+03   -3.51102e+05    6.67060e+04
   Total Energy  Conserved En.    Temperature Pressure (bar)   Constr. rmsd
   -2.84396e+05   -2.77515e+05    2.98570e+02    8.37802e+01    2.65655e-06

Writing checkpoint, step 1299600 at Fri Aug  8 02:16:05 2025



DD  step 1299999 load imb.: force  4.4%
           Step           Time
        1300000      650.00000

   Energies (kJ/mol)
          Angle    Proper Dih. Per. Imp. Dih.          LJ-14     Coulomb-14
    1.42037e+03    1.59074e+03    7.97897e+01    6.59253e+02    1.07463e+04
        LJ (SR)   Coulomb (SR)   Coul. recip.      Potential    Kinetic En.
    5.46966e+04   -4.22705e+05    2.33823e+03   -3.51174e+05    6.64839e+04
   Total Energy  Conserved En.    Temperature Pressure (bar)   Constr. rmsd
   -2.84690e+05   -2.77250e+05    2.97576e+02    5.25366e+01    2.63898e-06


DD  step 1349999 load imb.: force  3.8%
           Step           Time
        1350000      675.00000

   Energies (kJ/mol)
          Angle    Proper Dih. Per. Imp. Dih.          LJ-14     Coulomb-14
    1.40371e+03    1.59397e+03    9.30848e+01    6.78226e+02    1.07946e+04
        LJ (SR)   Coulomb (SR)   Coul. recip.      Potential    Kinetic En.
    5.24472e+04   -4.19656e+05    2.38277e+03   -3.50262e+05    6.69783e+04
   Total Energy  Conserved En.    Temperature Pressure (bar)   Constr. rmsd
   -2.83284e+05   -2.76994e+05    2.99789e+02   -1.87006e+02    2.87945e-06

Writing checkpoint, step 1374900 at Fri Aug  8 02:46:01 2025


Writing checkpoint, step 1375100 at Fri Aug  8 02:46:13 2025



DD  step 1399999 load imb.: force  3.7%
           Step           Time
        1400000      700.00000

   Energies (kJ/mol)
          Angle    Proper Dih. Per. Imp. Dih.          LJ-14     Coulomb-14
    1.31842e+03    1.61720e+03    6.89287e+01    6.96416e+02    1.08422e+04
        LJ (SR)   Coulomb (SR)   Coul. recip.      Potential    Kinetic En.
    5.39625e+04   -4.21361e+05    2.36734e+03   -3.50488e+05    6.69443e+04
   Total Energy  Conserved En.    Temperature Pressure (bar)   Constr. rmsd
   -2.83543e+05   -2.76776e+05    2.99637e+02    2.62177e+02    2.61269e-06

Writing checkpoint, step 1416800 at Fri Aug  8 03:01:05 2025



DD  step 1449999 load imb.: force  6.2%
           Step           Time
        1450000      725.00000

   Energies (kJ/mol)
          Angle    Proper Dih. Per. Imp. Dih.          LJ-14     Coulomb-14
    1.47249e+03    1.61840e+03    6.74570e+01    7.00176e+02    1.08497e+04
        LJ (SR)   Coulomb (SR)   Coul. recip.      Potential    Kinetic En.
    5.34932e+04   -4.21387e+05    2.27029e+03   -3.50915e+05    6.65808e+04
   Total Energy  Conserved En.    Temperature Pressure (bar)   Constr. rmsd
   -2.84334e+05   -2.76513e+05    2.98010e+02   -4.76833e+01    2.78710e-06

Writing checkpoint, step 1461000 at Fri Aug  8 03:16:06 2025



DD  step 1499999 load imb.: force  6.2%
           Step           Time
        1500000      750.00000

   Energies (kJ/mol)
          Angle    Proper Dih. Per. Imp. Dih.          LJ-14     Coulomb-14
    1.42991e+03    1.61174e+03    5.71035e+01    6.81847e+02    1.07518e+04
        LJ (SR)   Coulomb (SR)   Coul. recip.      Potential    Kinetic En.
    5.26508e+04   -4.19649e+05    2.37931e+03   -3.50087e+05    6.70129e+04
   Total Energy  Conserved En.    Temperature Pressure (bar)   Constr. rmsd
   -2.83074e+05   -2.76291e+05    2.99944e+02   -1.56361e+02    2.68920e-06

Writing checkpoint, step 1504700 at Fri Aug  8 03:31:06 2025


Writing checkpoint, step 1547400 at Fri Aug  8 03:46:05 2025


Writing checkpoint, step 1547700 at Fri Aug  8 04:01:11 2025



DD  step 1549999 load imb.: force  9.9%
           Step           Time
        1550000      775.00000

   Energies (kJ/mol)
          Angle    Proper Dih. Per. Imp. Dih.          LJ-14     Coulomb-14
    1.54395e+03    1.68061e+03    1.01475e+02    6.74365e+02    1.07879e+04
        LJ (SR)   Coulomb (SR)   Coul. recip.      Potential    Kinetic En.
    5.29742e+04   -4.20127e+05    2.33552e+03   -3.50029e+05    6.73843e+04
   Total Energy  Conserved En.    Temperature Pressure (bar)   Constr. rmsd
   -2.82645e+05   -2.76084e+05    3.01607e+02   -1.56799e+02    2.94081e-06

Writing checkpoint, step 1584200 at Fri Aug  8 04:16:05 2025



DD  step 1599999 load imb.: force  6.7%
           Step           Time
        1600000      800.00000

   Energies (kJ/mol)
          Angle    Proper Dih. Per. Imp. Dih.          LJ-14     Coulomb-14
    1.47855e+03    1.62402e+03    1.01836e+02    6.84833e+02    1.09117e+04
        LJ (SR)   Coulomb (SR)   Coul. recip.      Potential    Kinetic En.
    5.37267e+04   -4.21906e+05    2.30153e+03   -3.51077e+05    6.72497e+04
   Total Energy  Conserved En.    Temperature Pressure (bar)   Constr. rmsd
   -2.83827e+05   -2.75819e+05    3.01004e+02   -1.29616e+02    2.84127e-06

Writing checkpoint, step 1622600 at Fri Aug  8 04:31:07 2025



DD  step 1649999 load imb.: force  3.5%
           Step           Time
        1650000      825.00000

   Energies (kJ/mol)
          Angle    Proper Dih. Per. Imp. Dih.          LJ-14     Coulomb-14
    1.39789e+03    1.65995e+03    8.27675e+01    6.79677e+02    1.07804e+04
        LJ (SR)   Coulomb (SR)   Coul. recip.      Potential    Kinetic En.
    5.34377e+04   -4.21153e+05    2.38465e+03   -3.50730e+05    6.68478e+04
   Total Energy  Conserved En.    Temperature Pressure (bar)   Constr. rmsd
   -2.83882e+05   -2.75616e+05    2.99205e+02   -1.20698e+02    2.69860e-06

Writing checkpoint, step 1660300 at Fri Aug  8 04:46:06 2025


Writing checkpoint, step 1698900 at Fri Aug  8 05:01:06 2025



DD  step 1699999 load imb.: force  4.9%
           Step           Time
        1700000      850.00000

   Energies (kJ/mol)
          Angle    Proper Dih. Per. Imp. Dih.          LJ-14     Coulomb-14
    1.42707e+03    1.60338e+03    6.09643e+01    7.21309e+02    1.08271e+04
        LJ (SR)   Coulomb (SR)   Coul. recip.      Potential    Kinetic En.
    5.42254e+04   -4.22965e+05    2.29343e+03   -3.51806e+05    6.65322e+04
   Total Energy  Conserved En.    Temperature Pressure (bar)   Constr. rmsd
   -2.85274e+05   -2.75394e+05    2.97792e+02    8.75460e+01    2.77100e-06

Writing checkpoint, step 1701300 at Fri Aug  8 05:17:10 2025


Writing checkpoint, step 1705800 at Fri Aug  8 05:34:25 2025


Writing checkpoint, step 1726900 at Fri Aug  8 06:01:00 2025


Writing checkpoint, step 1727200 at Fri Aug  8 06:01:05 2025



DD  step 1749999 load imb.: force  5.6%
           Step           Time
        1750000      875.00000

   Energies (kJ/mol)
          Angle    Proper Dih. Per. Imp. Dih.          LJ-14     Coulomb-14
    1.43153e+03    1.65714e+03    8.03903e+01    7.19076e+02    1.09287e+04
        LJ (SR)   Coulomb (SR)   Coul. recip.      Potential    Kinetic En.
    5.46723e+04   -4.23239e+05    2.46468e+03   -3.51286e+05    6.69844e+04
   Total Energy  Conserved En.    Temperature Pressure (bar)   Constr. rmsd
   -2.84301e+05   -2.75147e+05    2.99817e+02    2.40707e+02    2.76762e-06


DD  step 1799999 load imb.: force  9.9%
           Step           Time
        1800000      900.00000

   Energies (kJ/mol)
          Angle    Proper Dih. Per. Imp. Dih.          LJ-14     Coulomb-14
    1.42751e+03    1.65049e+03    6.62379e+01    6.96225e+02    1.08266e+04
        LJ (SR)   Coulomb (SR)   Coul. recip.      Potential    Kinetic En.
    5.41090e+04   -4.21139e+05    2.39956e+03   -3.49964e+05    6.68595e+04
   Total Energy  Conserved En.    Temperature Pressure (bar)   Constr. rmsd
   -2.83104e+05   -2.74877e+05    2.99258e+02    1.28146e+02    2.63650e-06

Writing checkpoint, step 1830100 at Fri Aug  8 06:16:04 2025



DD  step 1849999 load imb.: force  9.7%
           Step           Time
        1850000      925.00000

   Energies (kJ/mol)
          Angle    Proper Dih. Per. Imp. Dih.          LJ-14     Coulomb-14
    1.33909e+03    1.62658e+03    8.35360e+01    7.10072e+02    1.09001e+04
        LJ (SR)   Coulomb (SR)   Coul. recip.      Potential    Kinetic En.
    5.40174e+04   -4.21474e+05    2.41046e+03   -3.50386e+05    6.69834e+04
   Total Energy  Conserved En.    Temperature Pressure (bar)   Constr. rmsd
   -2.83403e+05   -2.74672e+05    2.99812e+02    1.28706e+02    2.56319e-06


DD  step 1899999 load imb.: force  5.6%
           Step           Time
        1900000      950.00000

   Energies (kJ/mol)
          Angle    Proper Dih. Per. Imp. Dih.          LJ-14     Coulomb-14
    1.37276e+03    1.64376e+03    6.45036e+01    6.90669e+02    1.08223e+04
        LJ (SR)   Coulomb (SR)   Coul. recip.      Potential    Kinetic En.
    5.31465e+04   -4.22259e+05    2.35177e+03   -3.52167e+05    6.76378e+04
   Total Energy  Conserved En.    Temperature Pressure (bar)   Constr. rmsd
   -2.84529e+05   -2.74454e+05    3.02741e+02   -1.55584e+02    2.77670e-06

Writing checkpoint, step 1924400 at Fri Aug  8 06:31:04 2025



DD  step 1949999 load imb.: force  3.9%
           Step           Time
        1950000      975.00000

   Energies (kJ/mol)
          Angle    Proper Dih. Per. Imp. Dih.          LJ-14     Coulomb-14
    1.37698e+03    1.63707e+03    7.38429e+01    7.12871e+02    1.08778e+04
        LJ (SR)   Coulomb (SR)   Coul. recip.      Potential    Kinetic En.
    5.30872e+04   -4.21066e+05    2.31730e+03   -3.50983e+05    6.67127e+04
   Total Energy  Conserved En.    Temperature Pressure (bar)   Constr. rmsd
   -2.84270e+05   -2.74270e+05    2.98601e+02   -1.14938e+02    2.82270e-06

Writing checkpoint, step 1951400 at Fri Aug  8 06:49:23 2025


Writing checkpoint, step 1966600 at Fri Aug  8 07:15:40 2025


Writing checkpoint, step 1967400 at Fri Aug  8 07:16:09 2025


Writing checkpoint, step 1975500 at Fri Aug  8 08:04:07 2025


Writing checkpoint, step 1975600 at Fri Aug  8 08:20:13 2025


Writing checkpoint, step 1975700 at Fri Aug  8 08:28:25 2025


Writing checkpoint, step 1975800 at Fri Aug  8 08:28:27 2025


Writing checkpoint, step 1977400 at Fri Aug  8 08:44:21 2025


Writing checkpoint, step 1978300 at Fri Aug  8 09:16:11 2025


Writing checkpoint, step 1978400 at Fri Aug  8 09:16:15 2025


Writing checkpoint, step 1978500 at Fri Aug  8 09:16:17 2025


Writing checkpoint, step 1981800 at Fri Aug  8 10:04:38 2025


Writing checkpoint, step 1981900 at Fri Aug  8 10:21:53 2025


Writing checkpoint, step 1982000 at Fri Aug  8 10:30:24 2025


Writing checkpoint, step 1982100 at Fri Aug  8 10:30:27 2025


Writing checkpoint, step 1983400 at Fri Aug  8 11:04:16 2025


Writing checkpoint, step 1983500 at Fri Aug  8 11:21:15 2025


Writing checkpoint, step 1983600 at Fri Aug  8 11:31:25 2025


Writing checkpoint, step 1983700 at Fri Aug  8 11:31:29 2025


Writing checkpoint, step 1983800 at Fri Aug  8 11:31:31 2025


Writing checkpoint, step 1987300 at Fri Aug  8 11:49:12 2025


Writing checkpoint, step 1989000 at Fri Aug  8 12:20:14 2025


Writing checkpoint, step 1989100 at Fri Aug  8 12:20:16 2025


Writing checkpoint, step 1989700 at Fri Aug  8 12:31:08 2025


Writing checkpoint, step 1992700 at Fri Aug  8 13:05:03 2025


Writing checkpoint, step 1992800 at Fri Aug  8 13:05:05 2025



DD  step 1999999 load imb.: force  8.0%
           Step           Time
        2000000     1000.00000

Writing checkpoint, step 2000000 at Fri Aug  8 13:09:06 2025


   Energies (kJ/mol)
          Angle    Proper Dih. Per. Imp. Dih.          LJ-14     Coulomb-14
    1.54990e+03    1.59578e+03    7.96819e+01    6.47744e+02    1.08515e+04
        LJ (SR)   Coulomb (SR)   Coul. recip.      Potential    Kinetic En.
    5.39732e+04   -4.21721e+05    2.31568e+03   -3.50708e+05    6.65444e+04
   Total Energy  Conserved En.    Temperature Pressure (bar)   Constr. rmsd
   -2.84163e+05   -2.74035e+05    2.97847e+02   -1.57008e+02    3.20594e-06


Energy conservation over simulation part #1 of length 1000 ps, time 0 to 1000 ps
  Conserved energy drift: 1.69e-04 kJ/mol/ps per atom


	<======  ###############  ==>
	<====  A V E R A G E S  ====>
	<==  ###############  ======>

	Statistics over 2000001 steps using 20001 frames

   Energies (kJ/mol)
          Angle    Proper Dih. Per. Imp. Dih.          LJ-14     Coulomb-14
    1.42610e+03    1.63759e+03    7.76331e+01    6.95817e+02    1.08241e+04
        LJ (SR)   Coulomb (SR)   Coul. recip.      Potential    Kinetic En.
    5.36749e+04   -4.21411e+05    2.36086e+03   -3.50714e+05    6.70182e+04
   Total Energy  Conserved En.    Temperature Pressure (bar)   Constr. rmsd
   -2.83695e+05   -2.78579e+05    2.99968e+02    1.06689e+00    0.00000e+00

          Box-X          Box-Y          Box-Z
    6.49861e+00    6.49861e+00    6.49861e+00

   Total Virial (kJ/mol)
    2.23403e+04    8.39091e+00    7.70882e+00
    9.52451e+00    2.23255e+04    1.36804e+01
    8.33816e+00    1.27887e+01    2.23322e+04

   Pressure (bar)
    1.38237e+00   -6.64578e-01   -7.51523e-01
   -8.01743e-01    1.73599e+00    4.60494e-01
   -8.27883e-01    5.68392e-01    8.23119e-02


	M E G A - F L O P S   A C C O U N T I N G

 NB=Group-cutoff nonbonded kernels    NxN=N-by-N cluster Verlet kernels
 RF=Reaction-Field  VdW=Van der Waals  QSTab=quadratic-spline table
 W3=SPC/TIP3p  W4=TIP4p (single or pairs)
 V&F=Potential and force  V=Potential only  F=Force only

 Computing:                               M-Number         M-Flops  % Flops
-----------------------------------------------------------------------------
 Pair Search distance check          178503.099874     1606527.899     0.1
 NxN Ewald Elec. + LJ [F]          11746724.539176   775283819.586    47.8
 NxN Ewald Elec. + LJ [V&F]          118659.726280    12696590.712     0.8
 NxN Ewald Elec. [F]               10974551.446584   669447638.242    41.3
 NxN Ewald Elec. [V&F]               110859.578600     9312204.602     0.6
 1,4 nonbonded interactions            3240.001620      291600.146     0.0
 Calc Weights                        161244.080622     5804786.902     0.4
 Spread Q Bspline                   3439873.719936     6879747.440     0.4
 Gather F Bspline                   3439873.719936    20639242.320     1.3
 3D-FFT                            12238378.119186    97907024.953     6.0
 Solve PME                           181888.090944    11640837.820     0.7
 Reset In Box                           537.426252        1612.279     0.0
 CG-CoM                                 537.506874        1612.521     0.0
 Angles                                2276.001138      382368.191     0.0
 Propers                               3426.001713      784554.392     0.0
 Impropers                              266.000133       55328.028     0.0
 Virial                                 546.507324        9837.132     0.0
 Stop-CM                                537.506874        5375.069     0.0
 Calc-Ekin                             1075.013748       29025.371     0.0
 Lincs                                 2137.209491      128232.569     0.0
 Lincs-Mat                            45533.302044      182133.208     0.0
 Constraint-V                         61582.829902      554245.469     0.0
 Constraint-Vir                         594.485618       14267.655     0.0
 Settle                               19102.803640     7068037.347     0.4
-----------------------------------------------------------------------------
 Total                                              1620726649.853   100.0
-----------------------------------------------------------------------------


    D O M A I N   D E C O M P O S I T I O N   S T A T I S T I C S

 av. #atoms communicated per step for force:  2 x 35931.4
 av. #atoms communicated per step for LINCS:  2 x 2882.5


Dynamic load balancing report:
 DLB got disabled because it was unsuitable to use.
 Average load imbalance: 5.4%.
 The balanceable part of the MD step is 28%, load imbalance is computed from this.
 Part of the total run time spent waiting due to load imbalance: 1.5%.


      R E A L   C Y C L E   A N D   T I M E   A C C O U N T I N G

On 10 MPI ranks

 Activity:              Num   Num      Call    Wall time         Giga-Cycles
                        Ranks Threads  Count      (s)         total sum    %
--------------------------------------------------------------------------------
 Domain decomp.           10    1      20000      58.655         14.077   0.1
 DD comm. load            10    1      20000       1.816          0.436   0.0
 DD comm. bounds          10    1         57       0.008          0.002   0.0
 Neighbor search          10    1      20001      89.052         21.372   0.2
 Comm. coord.             10    1    1980000    2330.352        559.282   4.1
 Force                    10    1    2000001   26875.108       6450.001  47.8
 Wait + Comm. F           10    1    2000001     673.934        161.744   1.2
 PME mesh                 10    1    2000001   23007.392       5521.753  40.9
 NB X/F buffer ops.       10    1    5980002      70.061         16.814   0.1
 Write traj.              10    1        103       0.491          0.118   0.0
 Update                   10    1    2000001     130.453         31.309   0.2
 Constraints              10    1    2000001    3022.288        725.346   5.4
 Kinetic energy           10    1      40001       1.463          0.351   0.0
 Comm. energies           10    1      20001      13.222          3.173   0.0
 Rest                                              8.626          2.070   0.0
--------------------------------------------------------------------------------
 Total                                         56282.924      13507.850 100.0
--------------------------------------------------------------------------------
 Breakdown of PME mesh activities
--------------------------------------------------------------------------------
 PME redist. X/F          10    1    4000002   11126.651       2670.386  19.8
 PME spread               10    1    2000001    3552.534        852.605   6.3
 PME gather               10    1    2000001     703.917        168.940   1.3
 PME 3D-FFT               10    1    4000002     584.816        140.355   1.0
 PME 3D-FFT Comm.         10    1    8000004    6928.576       1662.852  12.3
 PME solve Elec           10    1    2000001     108.707         26.090   0.2
--------------------------------------------------------------------------------

               Core t (s)   Wall t (s)        (%)
       Time:   562829.208    56282.924     1000.0
                         15h38:02
                 (ns/day)    (hour/ns)
Performance:        1.535       15.634
Finished mdrun on rank 0 Fri Aug  8 13:09:06 2025

