                  :-) GROMACS - gmx mdrun, 2025.1-Homebrew (-:

Copyright 1991-2025 The GROMACS Authors.
GROMACS is free software; you can redistribute it and/or modify it
under the terms of the GNU Lesser General Public License
as published by the Free Software Foundation; either version 2.1
of the License, or (at your option) any later version.

                         Current GROMACS contributors:
       Mark Abraham           Andrey Alekseenko           Brian Andrews       
      Vladimir Basov              Paul Bauer                Hugh Bird         
      Eliane Briand               Ania Brown              Mahesh Doijade      
      Giacomo Fiorin          Stefan Fleischmann          Sergey Gorelov      
   Gilles Gouaillardet            Alan Gray              M. Eric Irrgang      
   Farzaneh Jalalypour         Petter Johansson          Carsten Kutzner      
    Grzegorz Łazarski         Justin A. Lemkul          Magnus Lundborg      
       Pascal Merz             Vedran Miletić            Dmitry Morozov      
     Lukas Müllender            Julien Nabet             Szilárd Páll      
 Andrea Pasquadibisceglie     Michele Pellegrino         Nicola Piasentin     
     Daniele Rapetti         Muhammad Umair Sadiq         Hubert Santuz       
      Roland Schulz             Michael Shirts           Tatiana Shugaeva     
     Alexey Shvetsov            Philip Turner            Alessandra Villa     
 Sebastian Wingbermühle  

                         Previous GROMACS contributors:
        Emile Apol             Rossen Apostolov           James Barnett       
  Herman J.C. Berendsen         Cathrine Bergh             Par Bjelkmar       
      Christian Blau          Viacheslav Bolnykh            Kevin Boyd        
    Aldert van Buuren          Carlo Camilloni           Rudi van Drunen      
      Anton Feenstra           Oliver Fleetwood            Vytas Gapsys       
       Gaurav Garg             Gerrit Groenhof            Bert de Groot       
      Anca Hamuraru           Vincent Hindriksen          Victor Holanda      
     Aleksei Iupinov              Joe Jordan            Christoph Junghans    
    Prashanth Kanduri        Dimitrios Karkoulis           Peter Kasson       
      Sebastian Kehl           Sebastian Keller             Jiri Kraus        
       Per Larsson              Viveca Lindahl            Erik Marklund       
    Pieter Meulenhoff           Teemu Murtola              Sander Pronk       
      Alfons Sijbers            Balint Soproni         David van der Spoel    
      Peter Tieleman            Carsten Uphoff             Jon Vincent        
     Teemu Virolainen         Christian Wennberg           Maarten Wolf       
      Artem Zhmurov       

                  Coordinated by the GROMACS project leaders:
                           Berk Hess and Erik Lindahl

GROMACS:      gmx mdrun, version 2025.1-Homebrew
Executable:   /opt/homebrew/bin/../Cellar/gromacs/2025.1/bin/gmx
Data prefix:  /opt/homebrew/bin/../Cellar/gromacs/2025.1
Working dir:  /Users/kushalpatil/Downloads
Process ID:   23511
Command line:
  gmx mdrun -v -deffnm nvt

GROMACS version:     2025.1-Homebrew
Precision:           mixed
Memory model:        64 bit
MPI library:         thread_mpi
OpenMP support:      enabled (GMX_OPENMP_MAX_THREADS = 128)
GPU support:         disabled
SIMD instructions:   ARM_NEON_ASIMD
CPU FFT library:     fftw-3.3.10
GPU FFT library:     none
Multi-GPU FFT:       none
TNG support:         enabled
Hwloc support:       disabled
Tracing support:     disabled
C compiler:          /opt/homebrew/opt/gcc/bin/gcc-14
C compiler flags:    -fexcess-precision=fast -funroll-all-loops -Wno-missing-field-initializers -O3 -DNDEBUG
C++ compiler:        /opt/homebrew/opt/gcc/bin/g++-14
C++ compiler flags:  -fexcess-precision=fast -funroll-all-loops -Wno-missing-field-initializers -Weverything -Wno-c++98-compat -Wno-c++98-compat-pedantic -Wno-return-std-move-in-c++11 -Wno-source-uses-openmp -Wno-c++17-extensions -Wno-documentation-unknown-command -Wno-covered-switch-default -Wno-switch-enum -Wno-switch-default -Wno-extra-semi-stmt -Wno-weak-vtables -Wno-shadow -Wno-padded -Wno-reserved-id-macro -Wno-double-promotion -Wno-exit-time-destructors -Wno-global-constructors -Wno-documentation -Wno-format-nonliteral -Wno-used-but-marked-unused -Wno-float-equal -Wno-conditional-uninitialized -Wno-conversion -Wno-disabled-macro-expansion -Wno-unused-macros -Wno-unsafe-buffer-usage -Wno-cast-function-type-strict SHELL:-fopenmp -O3 -DNDEBUG
BLAS library:        External - detected on the system
LAPACK library:      External - detected on the system


Running on 1 node with total 0 processing units
Hardware detected on host MacBook-Air:
  CPU info:
    Vendor: ARM
    Brand:  Unknown CPU brand
    Family: 0   Model: 0   Stepping: 0
    Features: neon neon_asimd
  Hardware topology: Only logical processor count
    CPU limit set by OS: -1   Recommended max number of threads: 10


++++ PLEASE READ AND CITE THE FOLLOWING REFERENCE ++++
M. J. Abraham, T. Murtola, R. Schulz, S. Páll, J. C. Smith, B. Hess, E.
Lindahl
GROMACS: High performance molecular simulations through multi-level
parallelism from laptops to supercomputers
SoftwareX (2015)
DOI: 10.1016/j.softx.2015.06.001
-------- -------- --- Thank You --- -------- --------


++++ PLEASE READ AND CITE THE FOLLOWING REFERENCE ++++
S. Páll, M. J. Abraham, C. Kutzner, B. Hess, E. Lindahl
Tackling Exascale Software Challenges in Molecular Dynamics Simulations with
GROMACS
In S. Markidis & E. Laure (Eds.), Solving Software Challenges for Exascale (2015)
DOI: 10.1007/978-3-319-15976-8_1
-------- -------- --- Thank You --- -------- --------


++++ PLEASE READ AND CITE THE FOLLOWING REFERENCE ++++
S. Pronk, S. Páll, R. Schulz, P. Larsson, P. Bjelkmar, R. Apostolov, M. R.
Shirts, J. C. Smith, P. M. Kasson, D. van der Spoel, B. Hess, E. Lindahl
GROMACS 4.5: a high-throughput and highly parallel open source molecular
simulation toolkit
Bioinformatics (2013)
DOI: 10.1093/bioinformatics/btt055
-------- -------- --- Thank You --- -------- --------


++++ PLEASE READ AND CITE THE FOLLOWING REFERENCE ++++
B. Hess, C. Kutzner, D. van der Spoel, E. Lindahl
GROMACS 4: Algorithms for highly efficient, load-balanced, and scalable
molecular simulation
J. Chem. Theory Comput. (2008)
DOI: 10.1021/ct700301q
-------- -------- --- Thank You --- -------- --------


++++ PLEASE READ AND CITE THE FOLLOWING REFERENCE ++++
D. van der Spoel, E. Lindahl, B. Hess, G. Groenhof, A. E. Mark, H. J. C.
Berendsen
GROMACS: Fast, Flexible and Free
J. Comp. Chem. (2005)
DOI: 10.1002/jcc.20291
-------- -------- --- Thank You --- -------- --------


++++ PLEASE READ AND CITE THE FOLLOWING REFERENCE ++++
E. Lindahl, B. Hess, D. van der Spoel
GROMACS 3.0: A package for molecular simulation and trajectory analysis
J. Mol. Mod. (2001)
DOI: 10.1007/s008940100045
-------- -------- --- Thank You --- -------- --------


++++ PLEASE READ AND CITE THE FOLLOWING REFERENCE ++++
H. J. C. Berendsen, D. van der Spoel and R. van Drunen
GROMACS: A message-passing parallel molecular dynamics implementation
Comp. Phys. Comm. (1995)
DOI: 10.1016/0010-4655(95)00042-E
-------- -------- --- Thank You --- -------- --------

Input Parameters:
   integrator                     = md
   tinit                          = 0
   dt                             = 0.002
   nsteps                         = 50000
   init-step                      = 0
   simulation-part                = 1
   mts                            = false
   mass-repartition-factor        = 1
   comm-mode                      = Linear
   nstcomm                        = 10
   bd-fric                        = 0
   ld-seed                        = 2147483023
   emtol                          = 10
   emstep                         = 0.01
   niter                          = 20
   fcstep                         = 0
   nstcgsteep                     = 1000
   nbfgscorr                      = 10
   rtpi                           = 0.05
   nstxout                        = 0
   nstvout                        = 0
   nstfout                        = 0
   nstlog                         = 500
   nstcalcenergy                  = 100
   nstenergy                      = 500
   nstxout-compressed             = 5000
   compressed-x-precision         = 1000
   cutoff-scheme                  = Verlet
   nstlist                        = 20
   pbc                            = xyz
   periodic-molecules             = false
   verlet-buffer-tolerance        = 0.005
   verlet-buffer-pressure-tolerance = 0.5
   rlist                          = 1.029
   coulombtype                    = PME
   coulomb-modifier               = Potential-shift
   rcoulomb-switch                = 0
   rcoulomb                       = 1
   epsilon-r                      = 1
   epsilon-rf                     = inf
   vdw-type                       = Cut-off
   vdw-modifier                   = Potential-shift
   rvdw-switch                    = 0.95
   rvdw                           = 1
   DispCorr                       = EnerPres
   table-extension                = 1
   fourierspacing                 = 0.16
   fourier-nx                     = 42
   fourier-ny                     = 42
   fourier-nz                     = 42
   pme-order                      = 4
   ewald-rtol                     = 1e-05
   ewald-rtol-lj                  = 0.001
   lj-pme-comb-rule               = Geometric
   ewald-geometry                 = 3d
   epsilon-surface                = 0
   ensemble-temperature-setting   = constant
   ensemble-temperature           = 300
   tcoupl                         = V-rescale
   nsttcouple                     = 10
   nh-chain-length                = 0
   print-nose-hoover-chain-variables = false
   pcoupl                         = No
   refcoord-scaling               = No
   posres-com: not available
   posres-comB: not available
   QMMM                           = false
qm-opts:
   ngQM                           = 0
   constraint-algorithm           = Lincs
   continuation                   = false
   Shake-SOR                      = false
   shake-tol                      = 0.0001
   lincs-order                    = 4
   lincs-iter                     = 1
   lincs-warnangle                = 30
   nwall                          = 0
   wall-type                      = 9-3
   wall-r-linpot                  = -1
   wall-atomtype[0]               = -1
   wall-atomtype[1]               = -1
   wall-density[0]                = 0
   wall-density[1]                = 0
   wall-ewald-zfac                = 3
   pull                           = false
   awh                            = false
   rotation                       = false
   interactiveMD                  = false
   disre                          = No
   disre-weighting                = Conservative
   disre-mixed                    = false
   dr-fc                          = 1000
   dr-tau                         = 0
   nstdisreout                    = 100
   orire-fc                       = 0
   orire-tau                      = 0
   nstorireout                    = 100
   free-energy                    = no
   cos-acceleration               = 0
   deform (3x3):
      deform[    0]={ 0.00000e+00,  0.00000e+00,  0.00000e+00}
      deform[    1]={ 0.00000e+00,  0.00000e+00,  0.00000e+00}
      deform[    2]={ 0.00000e+00,  0.00000e+00,  0.00000e+00}
   simulated-tempering            = false
   swapcoords                     = no
   userint1                       = 0
   userint2                       = 0
   userint3                       = 0
   userint4                       = 0
   userreal1                      = 0
   userreal2                      = 0
   userreal3                      = 0
   userreal4                      = 0
   applied-forces:
     electric-field:
       x:
         E0                       = 0
         omega                    = 0
         t0                       = 0
         sigma                    = 0
       y:
         E0                       = 0
         omega                    = 0
         t0                       = 0
         sigma                    = 0
       z:
         E0                       = 0
         omega                    = 0
         t0                       = 0
         sigma                    = 0
     density-guided-simulation:
       active                     = false
       group                      = protein
       similarity-measure         = inner-product
       atom-spreading-weight      = unity
       force-constant             = 1e+09
       gaussian-transform-spreading-width = 0.2
       gaussian-transform-spreading-range-in-multiples-of-width = 4
       reference-density-filename = reference.mrc
       nst                        = 1
       normalize-densities        = true
       adaptive-force-scaling     = false
       adaptive-force-scaling-time-constant = 4
       shift-vector               = 
       transformation-matrix      = 
     qmmm-cp2k:
       active                     = false
       qmgroup                    = System
       qmmethod                   = PBE
       qmfilenames                = 
       qmcharge                   = 0
       qmmultiplicity             = 1
     colvars:
       active                     = false
       configfile                 = 
       seed                       = -1
     nnpot:
       active                     = false
       modelfile                  = model.pt
       input-group                = System
       model-input1               = 
       model-input2               = 
       model-input3               = 
       model-input4               = 
grpopts:
   nrdf:     1572.91     52494.1
   ref-t:         300         300
   tau-t:         0.1         0.1
annealing:          No          No
annealing-npoints:           0           0
   acc:	           0           0           0
   nfreeze:           N           N           N
   energygrp-flags[  0]: 0

Changing nstlist from 20 to 50, rlist from 1.029 to 1.109


Initializing Domain Decomposition on 10 ranks
Dynamic load balancing: auto
Using update groups, nr 9070, average size 3.0 atoms, max. radius 0.104 nm
Minimum cell size due to atom displacement: 0.392 nm
Initial maximum distances in bonded interactions:
    two-body bonded interactions: 0.417 nm, LJ-14, atoms 521 529
  multi-body bonded interactions: 0.417 nm, Proper Dih., atoms 521 529
Minimum cell size due to bonded interactions: 0.458 nm
Scaling the initial minimum size with 1/0.8 (option -dds) = 1.25
Using 0 separate PME ranks because: there are too few total ranks for efficient splitting
Optimizing the DD grid for 10 cells with a minimum initial size of 0.573 nm
The maximum allowed number of cells is: X 11 Y 11 Z 11
Domain decomposition grid 5 x 2 x 1, separate PME ranks 0
PME domain decomposition: 5 x 2 x 1
Domain decomposition rank 0, coordinates 0 0 0

The initial number of communication pulses is: X 2 Y 1
The initial domain decomposition cell size is: X 1.30 nm Y 3.25 nm

The maximum allowed distance for atom groups involved in interactions is:
                 non-bonded interactions           1.317 nm
            two-body bonded interactions  (-rdd)   1.317 nm
          multi-body bonded interactions  (-rdd)   1.302 nm

When dynamic load balancing gets turned on, these settings will change to:
The maximum number of communication pulses is: X 2 Y 1
The minimum size for domain decomposition cells is 0.880 nm
The requested allowed shrink of DD cells (option -dds) is: 0.80
The allowed shrink of domain decomposition cells is: X 0.68 Y 0.40
The maximum allowed distance for atom groups involved in interactions is:
                 non-bonded interactions           1.317 nm
            two-body bonded interactions  (-rdd)   1.317 nm
          multi-body bonded interactions  (-rdd)   0.880 nm

Local state does not use filler particles

Using 10 MPI threads
Using 1 OpenMP thread per tMPI thread

System total charge: 0.000
Will do PME sum in reciprocal space for electrostatic interactions.

++++ PLEASE READ AND CITE THE FOLLOWING REFERENCE ++++
U. Essmann, L. Perera, M. L. Berkowitz, T. Darden, H. Lee, L. G. Pedersen 
A smooth particle mesh Ewald method
J. Chem. Phys. (1995)
DOI: 10.1063/1.470117
-------- -------- --- Thank You --- -------- --------

Using a Gaussian width (1/beta) of 0.320163 nm for Ewald
Potential shift: LJ r^-12: -1.000e+00 r^-6: -1.000e+00, Ewald -1.000e-05
Initialized non-bonded Coulomb Ewald tables, spacing: 9.33e-04 size: 1073

Generated table with 1054 data points for 1-4 COUL.
Tabscale = 500 points/nm
Generated table with 1054 data points for 1-4 LJ6.
Tabscale = 500 points/nm
Generated table with 1054 data points for 1-4 LJ12.
Tabscale = 500 points/nm
Long Range LJ corr.: <C6> 2.8714e-04


Using SIMD4xM 4x4 nonbonded short-range kernels

Using a dual 4x4 pair-list setup updated with dynamic pruning:
  outer list: updated every 50 steps, buffer 0.109 nm, rlist 1.109 nm
  inner list: updated every 10 steps, buffer 0.000 nm, rlist 1.000 nm
At tolerance 0.005 kJ/mol/ps per atom, equivalent classical 1x1 list would be:
  outer list: updated every 50 steps, buffer 0.235 nm, rlist 1.235 nm
  inner list: updated every 10 steps, buffer 0.035 nm, rlist 1.035 nm

The average pressure is off by at most 0.37 bar due to missing LJ interactions

Using Lorentz-Berthelot Lennard-Jones combination rule
Removing pbc first time

Linking all bonded interactions to atoms


Initializing LINear Constraint Solver

++++ PLEASE READ AND CITE THE FOLLOWING REFERENCE ++++
B. Hess, H. Bekker, H. J. C. Berendsen, J. G. E. M. Fraaije
LINCS: A Linear Constraint Solver for molecular simulations
J. Comp. Chem. (1997)
DOI: 10.1002/(sici)1096-987x(199709)18:12<1463::aid-jcc4>3.0.co;2-h
-------- -------- --- Thank You --- -------- --------

The number of constraints is 308

++++ PLEASE READ AND CITE THE FOLLOWING REFERENCE ++++
S. Miyamoto, P. A. Kollman
SETTLE: An Analytical Version of the SHAKE and RATTLE Algorithms for Rigid
Water Models
J. Comp. Chem. (1992)
DOI: 10.1002/jcc.540130805
-------- -------- --- Thank You --- -------- --------


Intra-simulation communication will occur every 10 steps.

++++ PLEASE READ AND CITE THE FOLLOWING REFERENCE ++++
G. Bussi, D. Donadio, M. Parrinello
Canonical sampling through velocity rescaling
J. Chem. Phys. (2007)
DOI: 10.1063/1.2408420
-------- -------- --- Thank You --- -------- --------

There are: 26874 Atoms
Atom distribution over 10 domains: av 2687 stddev 88 min 2556 max 2804

Constraining the starting coordinates (step 0)

Constraining the coordinates at t0-dt (step 0)
Center of mass motion removal mode is Linear
We have the following groups for center of mass motion removal:
  0:  rest
RMS relative constraint deviation after constraining: 3.13e-06
Initial temperature: 300.426 K

Started mdrun on rank 0 Wed Jul 23 17:15:55 2025

           Step           Time
              0        0.00000

   Energies (kJ/mol)
           Bond          Angle    Proper Dih. Per. Imp. Dih.          LJ-14
    1.07984e+02    5.70276e+02    1.63497e+03    3.02669e+01    6.02297e+02
     Coulomb-14        LJ (SR)  Disper. corr.   Coulomb (SR)   Coul. recip.
    1.05719e+04    5.74959e+04   -3.14738e+03   -4.84366e+05    1.77640e+03
 Position Rest.      Potential    Kinetic En.   Total Energy  Conserved En.
    2.37090e-04   -4.14724e+05    6.75359e+04   -3.47188e+05   -3.47188e+05
    Temperature Pres. DC (bar) Pressure (bar)   Constr. rmsd
    3.00468e+02   -1.89833e+02   -4.63489e+03    3.25731e-06


DD  step 49 load imb.: force  8.5%

step 100 Turning on dynamic load balancing, because the performance loss due to load imbalance is 4.7 %.

DD  step 499  vol min/aver 0.928  load imb.: force  6.0%
           Step           Time
            500        1.00000

   Energies (kJ/mol)
           Bond          Angle    Proper Dih. Per. Imp. Dih.          LJ-14
    4.59732e+02    1.51864e+03    1.76910e+03    6.75481e+01    5.99923e+02
     Coulomb-14        LJ (SR)  Disper. corr.   Coulomb (SR)   Coul. recip.
    1.04742e+04    5.46001e+04   -3.14738e+03   -4.22527e+05    2.49606e+03
 Position Rest.      Potential    Kinetic En.   Total Energy  Conserved En.
    3.46809e+02   -3.53342e+05    6.71480e+04   -2.86194e+05   -3.46669e+05
    Temperature Pres. DC (bar) Pressure (bar)   Constr. rmsd
    2.98742e+02   -1.89833e+02   -2.78737e+02    2.42796e-06


DD  step 999  vol min/aver 0.932  load imb.: force  8.8%
           Step           Time
           1000        2.00000

   Energies (kJ/mol)
           Bond          Angle    Proper Dih. Per. Imp. Dih.          LJ-14
    5.16152e+02    1.43869e+03    1.79524e+03    7.52628e+01    6.08067e+02
     Coulomb-14        LJ (SR)  Disper. corr.   Coulomb (SR)   Coul. recip.
    1.05189e+04    5.45821e+04   -3.14738e+03   -4.22078e+05    2.36996e+03
 Position Rest.      Potential    Kinetic En.   Total Energy  Conserved En.
    2.79455e+02   -3.53042e+05    6.75403e+04   -2.85502e+05   -3.46668e+05
    Temperature Pres. DC (bar) Pressure (bar)   Constr. rmsd
    3.00487e+02   -1.89833e+02   -3.14415e+02    2.51038e-06


DD  step 1499  vol min/aver 0.933  load imb.: force  4.3%
           Step           Time
           1500        3.00000

   Energies (kJ/mol)
           Bond          Angle    Proper Dih. Per. Imp. Dih.          LJ-14
    5.02914e+02    1.42562e+03    1.77385e+03    9.13701e+01    5.92226e+02
     Coulomb-14        LJ (SR)  Disper. corr.   Coulomb (SR)   Coul. recip.
    1.05247e+04    5.28490e+04   -3.14738e+03   -4.19385e+05    2.37395e+03
 Position Rest.      Potential    Kinetic En.   Total Energy  Conserved En.
    2.21364e+02   -3.52177e+05    6.63675e+04   -2.85810e+05   -3.46658e+05
    Temperature Pres. DC (bar) Pressure (bar)   Constr. rmsd
    2.95270e+02   -1.89833e+02   -5.47025e+02    3.24630e-06


DD  step 1999  vol min/aver 0.939  load imb.: force  4.5%

step 2000 Turning off dynamic load balancing, because it is degrading performance.
Atom distribution over 10 domains: av 2687 stddev 56 min 2640 max 2739
           Step           Time
           2000        4.00000

   Energies (kJ/mol)
           Bond          Angle    Proper Dih. Per. Imp. Dih.          LJ-14
    4.79580e+02    1.51193e+03    1.70979e+03    8.46634e+01    6.48489e+02
     Coulomb-14        LJ (SR)  Disper. corr.   Coulomb (SR)   Coul. recip.
    1.05327e+04    5.37143e+04   -3.14738e+03   -4.21728e+05    2.41001e+03
 Position Rest.      Potential    Kinetic En.   Total Energy  Conserved En.
    2.31328e+02   -3.53553e+05    6.83336e+04   -2.85219e+05   -3.46660e+05
    Temperature Pres. DC (bar) Pressure (bar)   Constr. rmsd
    3.04017e+02   -1.89833e+02   -3.77338e+02    3.09532e-06


DD  step 2499 load imb.: force  8.5%
           Step           Time
           2500        5.00000

   Energies (kJ/mol)
           Bond          Angle    Proper Dih. Per. Imp. Dih.          LJ-14
    5.30187e+02    1.49821e+03    1.69892e+03    8.78090e+01    5.93857e+02
     Coulomb-14        LJ (SR)  Disper. corr.   Coulomb (SR)   Coul. recip.
    1.05462e+04    5.41461e+04   -3.14738e+03   -4.21595e+05    2.39413e+03
 Position Rest.      Potential    Kinetic En.   Total Energy  Conserved En.
    3.05181e+02   -3.52942e+05    6.73008e+04   -2.85641e+05   -3.46646e+05
    Temperature Pres. DC (bar) Pressure (bar)   Constr. rmsd
    2.99422e+02   -1.89833e+02   -3.42159e+02    2.56767e-06


DD  step 2999 load imb.: force 11.2%
           Step           Time
           3000        6.00000

   Energies (kJ/mol)
           Bond          Angle    Proper Dih. Per. Imp. Dih.          LJ-14
    4.75391e+02    1.51482e+03    1.72402e+03    1.00686e+02    6.50989e+02
     Coulomb-14        LJ (SR)  Disper. corr.   Coulomb (SR)   Coul. recip.
    1.05222e+04    5.27509e+04   -3.14738e+03   -4.18433e+05    2.37736e+03
 Position Rest.      Potential    Kinetic En.   Total Energy  Conserved En.
    2.74548e+02   -3.51189e+05    6.69612e+04   -2.84228e+05   -3.46637e+05
    Temperature Pres. DC (bar) Pressure (bar)   Constr. rmsd
    2.97911e+02   -1.89833e+02   -5.03978e+02    3.38323e-06


DD  step 3499 load imb.: force  4.4%
           Step           Time
           3500        7.00000

   Energies (kJ/mol)
           Bond          Angle    Proper Dih. Per. Imp. Dih.          LJ-14
    5.26875e+02    1.43675e+03    1.77952e+03    8.70300e+01    6.18647e+02
     Coulomb-14        LJ (SR)  Disper. corr.   Coulomb (SR)   Coul. recip.
    1.05801e+04    5.24525e+04   -3.14738e+03   -4.18412e+05    2.41053e+03
 Position Rest.      Potential    Kinetic En.   Total Energy  Conserved En.
    3.11929e+02   -3.51355e+05    6.75304e+04   -2.83825e+05   -3.46633e+05
    Temperature Pres. DC (bar) Pressure (bar)   Constr. rmsd
    3.00443e+02   -1.89833e+02   -3.51450e+02    3.64572e-06


DD  step 3999 load imb.: force  8.6%
           Step           Time
           4000        8.00000

   Energies (kJ/mol)
           Bond          Angle    Proper Dih. Per. Imp. Dih.          LJ-14
    5.37789e+02    1.43673e+03    1.72515e+03    8.72024e+01    6.23836e+02
     Coulomb-14        LJ (SR)  Disper. corr.   Coulomb (SR)   Coul. recip.
    1.05240e+04    5.32748e+04   -3.14738e+03   -4.19506e+05    2.35868e+03
 Position Rest.      Potential    Kinetic En.   Total Energy  Conserved En.
    2.79931e+02   -3.51805e+05    6.71386e+04   -2.84666e+05   -3.46622e+05
    Temperature Pres. DC (bar) Pressure (bar)   Constr. rmsd
    2.98701e+02   -1.89833e+02   -1.70815e+02    2.93746e-06


DD  step 4499 load imb.: force  6.6%
           Step           Time
           4500        9.00000

   Energies (kJ/mol)
           Bond          Angle    Proper Dih. Per. Imp. Dih.          LJ-14
    4.51361e+02    1.41945e+03    1.72777e+03    7.77303e+01    6.62996e+02
     Coulomb-14        LJ (SR)  Disper. corr.   Coulomb (SR)   Coul. recip.
    1.06694e+04    5.39194e+04   -3.14738e+03   -4.21222e+05    2.37233e+03
 Position Rest.      Potential    Kinetic En.   Total Energy  Conserved En.
    2.60945e+02   -3.52808e+05    6.72734e+04   -2.85534e+05   -3.46629e+05
    Temperature Pres. DC (bar) Pressure (bar)   Constr. rmsd
    2.99300e+02   -1.89833e+02    6.19359e+01    2.53045e-06


DD  step 4999 load imb.: force  9.8%

step 5000 Turning on dynamic load balancing, because the performance loss due to load imbalance is 4.2 %.
           Step           Time
           5000       10.00000

   Energies (kJ/mol)
           Bond          Angle    Proper Dih. Per. Imp. Dih.          LJ-14
    4.85691e+02    1.52498e+03    1.72335e+03    7.90610e+01    6.38229e+02
     Coulomb-14        LJ (SR)  Disper. corr.   Coulomb (SR)   Coul. recip.
    1.05447e+04    5.37088e+04   -3.14738e+03   -4.21045e+05    2.36344e+03
 Position Rest.      Potential    Kinetic En.   Total Energy  Conserved En.
    2.81299e+02   -3.52843e+05    6.71326e+04   -2.85710e+05   -3.46616e+05
    Temperature Pres. DC (bar) Pressure (bar)   Constr. rmsd
    2.98674e+02   -1.89833e+02   -2.37779e+02    2.48127e-06


DD  step 5499  vol min/aver 0.900  load imb.: force  9.0%
           Step           Time
           5500       11.00000

   Energies (kJ/mol)
           Bond          Angle    Proper Dih. Per. Imp. Dih.          LJ-14
    5.46155e+02    1.47479e+03    1.71549e+03    7.10926e+01    6.37262e+02
     Coulomb-14        LJ (SR)  Disper. corr.   Coulomb (SR)   Coul. recip.
    1.04904e+04    5.35359e+04   -3.14738e+03   -4.20812e+05    2.35842e+03
 Position Rest.      Potential    Kinetic En.   Total Energy  Conserved En.
    2.62435e+02   -3.52868e+05    6.74027e+04   -2.85465e+05   -3.46602e+05
    Temperature Pres. DC (bar) Pressure (bar)   Constr. rmsd
    2.99876e+02   -1.89833e+02   -2.06743e+02    2.52855e-06


DD  step 5999  vol min/aver 0.922  load imb.: force  5.1%

step 6000 Turning off dynamic load balancing, because it is degrading performance.
Atom distribution over 10 domains: av 2687 stddev 60 min 2633 max 2747
           Step           Time
           6000       12.00000

   Energies (kJ/mol)
           Bond          Angle    Proper Dih. Per. Imp. Dih.          LJ-14
    4.84784e+02    1.43496e+03    1.78006e+03    1.13316e+02    6.14900e+02
     Coulomb-14        LJ (SR)  Disper. corr.   Coulomb (SR)   Coul. recip.
    1.05687e+04    5.40106e+04   -3.14738e+03   -4.21391e+05    2.48255e+03
 Position Rest.      Potential    Kinetic En.   Total Energy  Conserved En.
    2.55582e+02   -3.52793e+05    6.73998e+04   -2.85393e+05   -3.46592e+05
    Temperature Pres. DC (bar) Pressure (bar)   Constr. rmsd
    2.99863e+02   -1.89833e+02   -2.08535e+02    3.14609e-06


DD  step 6499 load imb.: force  6.1%
           Step           Time
           6500       13.00000

   Energies (kJ/mol)
           Bond          Angle    Proper Dih. Per. Imp. Dih.          LJ-14
    4.96969e+02    1.43400e+03    1.75536e+03    9.16301e+01    6.40781e+02
     Coulomb-14        LJ (SR)  Disper. corr.   Coulomb (SR)   Coul. recip.
    1.05933e+04    5.39795e+04   -3.14738e+03   -4.21016e+05    2.37062e+03
 Position Rest.      Potential    Kinetic En.   Total Energy  Conserved En.
    1.99308e+02   -3.52602e+05    6.72018e+04   -2.85401e+05   -3.46591e+05
    Temperature Pres. DC (bar) Pressure (bar)   Constr. rmsd
    2.98981e+02   -1.89833e+02   -1.80002e+02    2.85555e-06


DD  step 6999 load imb.: force  6.5%
           Step           Time
           7000       14.00000

   Energies (kJ/mol)
           Bond          Angle    Proper Dih. Per. Imp. Dih.          LJ-14
    4.91117e+02    1.44313e+03    1.72738e+03    7.10800e+01    6.23970e+02
     Coulomb-14        LJ (SR)  Disper. corr.   Coulomb (SR)   Coul. recip.
    1.05196e+04    5.24042e+04   -3.14738e+03   -4.19117e+05    2.35485e+03
 Position Rest.      Potential    Kinetic En.   Total Energy  Conserved En.
    2.47026e+02   -3.52382e+05    6.67711e+04   -2.85611e+05   -3.46593e+05
    Temperature Pres. DC (bar) Pressure (bar)   Constr. rmsd
    2.97066e+02   -1.89833e+02   -4.70873e+02    2.88823e-06


DD  step 7499 load imb.: force  6.4%
           Step           Time
           7500       15.00000

   Energies (kJ/mol)
           Bond          Angle    Proper Dih. Per. Imp. Dih.          LJ-14
    4.88110e+02    1.34737e+03    1.75442e+03    7.60793e+01    6.45777e+02
     Coulomb-14        LJ (SR)  Disper. corr.   Coulomb (SR)   Coul. recip.
    1.05664e+04    5.41282e+04   -3.14738e+03   -4.21653e+05    2.44071e+03
 Position Rest.      Potential    Kinetic En.   Total Energy  Conserved En.
    2.70212e+02   -3.53083e+05    6.69944e+04   -2.86089e+05   -3.46570e+05
    Temperature Pres. DC (bar) Pressure (bar)   Constr. rmsd
    2.98059e+02   -1.89833e+02   -1.71127e+02    2.15105e-06


DD  step 7999 load imb.: force  5.6%
           Step           Time
           8000       16.00000

   Energies (kJ/mol)
           Bond          Angle    Proper Dih. Per. Imp. Dih.          LJ-14
    5.17106e+02    1.36810e+03    1.78105e+03    9.99707e+01    5.96173e+02
     Coulomb-14        LJ (SR)  Disper. corr.   Coulomb (SR)   Coul. recip.
    1.05334e+04    5.41079e+04   -3.14738e+03   -4.21711e+05    2.41163e+03
 Position Rest.      Potential    Kinetic En.   Total Energy  Conserved En.
    2.92543e+02   -3.53151e+05    6.77758e+04   -2.85375e+05   -3.46588e+05
    Temperature Pres. DC (bar) Pressure (bar)   Constr. rmsd
    3.01535e+02   -1.89833e+02   -3.17807e+02    2.70282e-06


DD  step 8499 load imb.: force  9.6%
           Step           Time
           8500       17.00000

   Energies (kJ/mol)
           Bond          Angle    Proper Dih. Per. Imp. Dih.          LJ-14
    5.04076e+02    1.47451e+03    1.74534e+03    7.59921e+01    6.23903e+02
     Coulomb-14        LJ (SR)  Disper. corr.   Coulomb (SR)   Coul. recip.
    1.05764e+04    5.41468e+04   -3.14738e+03   -4.21145e+05    2.29896e+03
 Position Rest.      Potential    Kinetic En.   Total Energy  Conserved En.
    2.79709e+02   -3.52567e+05    6.77586e+04   -2.84808e+05   -3.46567e+05
    Temperature Pres. DC (bar) Pressure (bar)   Constr. rmsd
    3.01459e+02   -1.89833e+02   -1.25626e+02    2.32734e-06


DD  step 8999 load imb.: force  8.9%
           Step           Time
           9000       18.00000

   Energies (kJ/mol)
           Bond          Angle    Proper Dih. Per. Imp. Dih.          LJ-14
    4.18820e+02    1.52303e+03    1.72529e+03    7.07893e+01    6.26237e+02
     Coulomb-14        LJ (SR)  Disper. corr.   Coulomb (SR)   Coul. recip.
    1.05352e+04    5.34394e+04   -3.14738e+03   -4.20876e+05    2.35868e+03
 Position Rest.      Potential    Kinetic En.   Total Energy  Conserved En.
    2.92550e+02   -3.53034e+05    6.71272e+04   -2.85907e+05   -3.46563e+05
    Temperature Pres. DC (bar) Pressure (bar)   Constr. rmsd
    2.98650e+02   -1.89833e+02   -3.29999e+02    2.19052e-06


DD  step 9499 load imb.: force  4.2%
           Step           Time
           9500       19.00000

   Energies (kJ/mol)
           Bond          Angle    Proper Dih. Per. Imp. Dih.          LJ-14
    4.45450e+02    1.42276e+03    1.70227e+03    9.68130e+01    6.57874e+02
     Coulomb-14        LJ (SR)  Disper. corr.   Coulomb (SR)   Coul. recip.
    1.05930e+04    5.40812e+04   -3.14738e+03   -4.21430e+05    2.43540e+03
 Position Rest.      Potential    Kinetic En.   Total Energy  Conserved En.
    3.25263e+02   -3.52818e+05    6.78960e+04   -2.84922e+05   -3.46568e+05
    Temperature Pres. DC (bar) Pressure (bar)   Constr. rmsd
    3.02070e+02   -1.89833e+02   -1.49808e+02    2.73680e-06


DD  step 9999 load imb.: force  4.1%
           Step           Time
          10000       20.00000

   Energies (kJ/mol)
           Bond          Angle    Proper Dih. Per. Imp. Dih.          LJ-14
    4.72424e+02    1.46237e+03    1.78043e+03    6.63917e+01    6.31367e+02
     Coulomb-14        LJ (SR)  Disper. corr.   Coulomb (SR)   Coul. recip.
    1.04653e+04    5.40597e+04   -3.14738e+03   -4.20743e+05    2.40447e+03
 Position Rest.      Potential    Kinetic En.   Total Energy  Conserved En.
    3.10287e+02   -3.52237e+05    6.70639e+04   -2.85173e+05   -3.46556e+05
    Temperature Pres. DC (bar) Pressure (bar)   Constr. rmsd
    2.98368e+02   -1.89833e+02   -2.61755e+02    2.80833e-06


DD  step 10499 load imb.: force  6.9%
           Step           Time
          10500       21.00000

   Energies (kJ/mol)
           Bond          Angle    Proper Dih. Per. Imp. Dih.          LJ-14
    4.57716e+02    1.48702e+03    1.74888e+03    8.21384e+01    6.31141e+02
     Coulomb-14        LJ (SR)  Disper. corr.   Coulomb (SR)   Coul. recip.
    1.05455e+04    5.40173e+04   -3.14738e+03   -4.21568e+05    2.31910e+03
 Position Rest.      Potential    Kinetic En.   Total Energy  Conserved En.
    2.81379e+02   -3.53145e+05    6.72936e+04   -2.85852e+05   -3.46542e+05
    Temperature Pres. DC (bar) Pressure (bar)   Constr. rmsd
    2.99390e+02   -1.89833e+02   -8.09268e+01    2.25072e-06


DD  step 10999 load imb.: force  4.5%
           Step           Time
          11000       22.00000

   Energies (kJ/mol)
           Bond          Angle    Proper Dih. Per. Imp. Dih.          LJ-14
    4.64003e+02    1.58735e+03    1.76449e+03    9.29206e+01    6.16660e+02
     Coulomb-14        LJ (SR)  Disper. corr.   Coulomb (SR)   Coul. recip.
    1.05858e+04    5.37815e+04   -3.14738e+03   -4.20139e+05    2.44373e+03
 Position Rest.      Potential    Kinetic En.   Total Energy  Conserved En.
    2.59110e+02   -3.51690e+05    6.79987e+04   -2.83692e+05   -3.46527e+05
    Temperature Pres. DC (bar) Pressure (bar)   Constr. rmsd
    3.02527e+02   -1.89833e+02   -9.45232e+01    2.77704e-06


DD  step 11499 load imb.: force  5.8%
           Step           Time
          11500       23.00000

   Energies (kJ/mol)
           Bond          Angle    Proper Dih. Per. Imp. Dih.          LJ-14
    4.86008e+02    1.43006e+03    1.67424e+03    5.14965e+01    5.96608e+02
     Coulomb-14        LJ (SR)  Disper. corr.   Coulomb (SR)   Coul. recip.
    1.05700e+04    5.41639e+04   -3.14738e+03   -4.21503e+05    2.44374e+03
 Position Rest.      Potential    Kinetic En.   Total Energy  Conserved En.
    2.83199e+02   -3.52951e+05    6.71953e+04   -2.85756e+05   -3.46529e+05
    Temperature Pres. DC (bar) Pressure (bar)   Constr. rmsd
    2.98953e+02   -1.89833e+02   -3.27628e+02    3.25776e-06


DD  step 11999 load imb.: force  9.1%
           Step           Time
          12000       24.00000

   Energies (kJ/mol)
           Bond          Angle    Proper Dih. Per. Imp. Dih.          LJ-14
    4.87102e+02    1.31418e+03    1.72471e+03    6.98704e+01    6.64426e+02
     Coulomb-14        LJ (SR)  Disper. corr.   Coulomb (SR)   Coul. recip.
    1.05630e+04    5.41453e+04   -3.14738e+03   -4.20908e+05    2.37192e+03
 Position Rest.      Potential    Kinetic En.   Total Energy  Conserved En.
    3.15680e+02   -3.52399e+05    6.71516e+04   -2.85247e+05   -3.46530e+05
    Temperature Pres. DC (bar) Pressure (bar)   Constr. rmsd
    2.98758e+02   -1.89833e+02   -9.76716e+01    3.31273e-06


DD  step 12499 load imb.: force  7.2%
           Step           Time
          12500       25.00000

   Energies (kJ/mol)
           Bond          Angle    Proper Dih. Per. Imp. Dih.          LJ-14
    4.80756e+02    1.48591e+03    1.72488e+03    7.14721e+01    6.39434e+02
     Coulomb-14        LJ (SR)  Disper. corr.   Coulomb (SR)   Coul. recip.
    1.05284e+04    5.32898e+04   -3.14738e+03   -4.20441e+05    2.43012e+03
 Position Rest.      Potential    Kinetic En.   Total Energy  Conserved En.
    2.91673e+02   -3.52646e+05    6.75433e+04   -2.85103e+05   -3.46521e+05
    Temperature Pres. DC (bar) Pressure (bar)   Constr. rmsd
    3.00501e+02   -1.89833e+02   -1.62291e+02    2.69715e-06


DD  step 12999 load imb.: force  6.6%
           Step           Time
          13000       26.00000

   Energies (kJ/mol)
           Bond          Angle    Proper Dih. Per. Imp. Dih.          LJ-14
    4.75746e+02    1.54136e+03    1.71139e+03    6.29527e+01    6.20999e+02
     Coulomb-14        LJ (SR)  Disper. corr.   Coulomb (SR)   Coul. recip.
    1.05370e+04    5.30905e+04   -3.14738e+03   -4.20651e+05    2.35463e+03
 Position Rest.      Potential    Kinetic En.   Total Energy  Conserved En.
    2.69183e+02   -3.53134e+05    6.75819e+04   -2.85552e+05   -3.46499e+05
    Temperature Pres. DC (bar) Pressure (bar)   Constr. rmsd
    3.00673e+02   -1.89833e+02   -2.06955e+02    2.77905e-06


DD  step 13499 load imb.: force  6.3%
           Step           Time
          13500       27.00000

   Energies (kJ/mol)
           Bond          Angle    Proper Dih. Per. Imp. Dih.          LJ-14
    5.56307e+02    1.42561e+03    1.71395e+03    8.46828e+01    6.24021e+02
     Coulomb-14        LJ (SR)  Disper. corr.   Coulomb (SR)   Coul. recip.
    1.04975e+04    5.32219e+04   -3.14738e+03   -4.20621e+05    2.44757e+03
 Position Rest.      Potential    Kinetic En.   Total Energy  Conserved En.
    2.71689e+02   -3.52925e+05    6.78346e+04   -2.85090e+05   -3.46502e+05
    Temperature Pres. DC (bar) Pressure (bar)   Constr. rmsd
    3.01797e+02   -1.89833e+02   -3.48590e+02    2.50148e-06


DD  step 13999 load imb.: force  9.9%
           Step           Time
          14000       28.00000

   Energies (kJ/mol)
           Bond          Angle    Proper Dih. Per. Imp. Dih.          LJ-14
    4.45328e+02    1.54123e+03    1.67757e+03    7.80388e+01    6.40370e+02
     Coulomb-14        LJ (SR)  Disper. corr.   Coulomb (SR)   Coul. recip.
    1.06024e+04    5.26820e+04   -3.14738e+03   -4.19685e+05    2.44105e+03
 Position Rest.      Potential    Kinetic En.   Total Energy  Conserved En.
    3.22772e+02   -3.52402e+05    6.75058e+04   -2.84896e+05   -3.46489e+05
    Temperature Pres. DC (bar) Pressure (bar)   Constr. rmsd
    3.00334e+02   -1.89833e+02   -3.70297e+02    3.02061e-06


DD  step 14499 load imb.: force 10.7%
           Step           Time
          14500       29.00000

   Energies (kJ/mol)
           Bond          Angle    Proper Dih. Per. Imp. Dih.          LJ-14
    5.31499e+02    1.56346e+03    1.72533e+03    6.77782e+01    6.09302e+02
     Coulomb-14        LJ (SR)  Disper. corr.   Coulomb (SR)   Coul. recip.
    1.04728e+04    5.33274e+04   -3.14738e+03   -4.19433e+05    2.50532e+03
 Position Rest.      Potential    Kinetic En.   Total Energy  Conserved En.
    2.81804e+02   -3.51496e+05    6.73180e+04   -2.84178e+05   -3.46491e+05
    Temperature Pres. DC (bar) Pressure (bar)   Constr. rmsd
    2.99499e+02   -1.89833e+02   -4.57194e+02    3.49146e-06


DD  step 14999 load imb.: force  7.4%

step 15000 Turning on dynamic load balancing, because the performance loss due to load imbalance is 4.1 %.
           Step           Time
          15000       30.00000

   Energies (kJ/mol)
           Bond          Angle    Proper Dih. Per. Imp. Dih.          LJ-14
    4.48247e+02    1.50713e+03    1.72553e+03    9.18461e+01    6.39867e+02
     Coulomb-14        LJ (SR)  Disper. corr.   Coulomb (SR)   Coul. recip.
    1.05202e+04    5.30797e+04   -3.14738e+03   -4.20486e+05    2.37013e+03
 Position Rest.      Potential    Kinetic En.   Total Energy  Conserved En.
    2.82539e+02   -3.52968e+05    6.72714e+04   -2.85697e+05   -3.46474e+05
    Temperature Pres. DC (bar) Pressure (bar)   Constr. rmsd
    2.99291e+02   -1.89833e+02   -3.10186e+02    3.21048e-06


DD  step 15499  vol min/aver 0.960  load imb.: force  4.4%
           Step           Time
          15500       31.00000

   Energies (kJ/mol)
           Bond          Angle    Proper Dih. Per. Imp. Dih.          LJ-14
    4.05188e+02    1.59040e+03    1.75838e+03    6.13506e+01    6.21737e+02
     Coulomb-14        LJ (SR)  Disper. corr.   Coulomb (SR)   Coul. recip.
    1.05046e+04    5.46574e+04   -3.14738e+03   -4.21220e+05    2.39827e+03
 Position Rest.      Potential    Kinetic En.   Total Energy  Conserved En.
    2.98480e+02   -3.52071e+05    6.72242e+04   -2.84847e+05   -3.46489e+05
    Temperature Pres. DC (bar) Pressure (bar)   Constr. rmsd
    2.99081e+02   -1.89833e+02   -2.11626e+01    2.94952e-06


DD  step 15999  vol min/aver 0.896  load imb.: force  7.8%

step 16000 Turning off dynamic load balancing, because it is degrading performance.
Atom distribution over 10 domains: av 2687 stddev 58 min 2637 max 2749
           Step           Time
          16000       32.00000

   Energies (kJ/mol)
           Bond          Angle    Proper Dih. Per. Imp. Dih.          LJ-14
    5.19030e+02    1.45122e+03    1.74302e+03    7.16729e+01    6.10998e+02
     Coulomb-14        LJ (SR)  Disper. corr.   Coulomb (SR)   Coul. recip.
    1.05251e+04    5.31472e+04   -3.14738e+03   -4.19713e+05    2.34244e+03
 Position Rest.      Potential    Kinetic En.   Total Energy  Conserved En.
    2.48926e+02   -3.52201e+05    6.83926e+04   -2.83808e+05   -3.46482e+05
    Temperature Pres. DC (bar) Pressure (bar)   Constr. rmsd
    3.04280e+02   -1.89833e+02   -1.71271e+02    3.10098e-06


DD  step 16499 load imb.: force  6.9%
           Step           Time
          16500       33.00000

   Energies (kJ/mol)
           Bond          Angle    Proper Dih. Per. Imp. Dih.          LJ-14
    4.96372e+02    1.45253e+03    1.71343e+03    8.35337e+01    6.33382e+02
     Coulomb-14        LJ (SR)  Disper. corr.   Coulomb (SR)   Coul. recip.
    1.04259e+04    5.42397e+04   -3.14738e+03   -4.22096e+05    2.38029e+03
 Position Rest.      Potential    Kinetic En.   Total Energy  Conserved En.
    3.13759e+02   -3.53505e+05    6.72768e+04   -2.86228e+05   -3.46476e+05
    Temperature Pres. DC (bar) Pressure (bar)   Constr. rmsd
    2.99315e+02   -1.89833e+02   -2.52088e+02    2.76040e-06


DD  step 16999 load imb.: force  5.3%
           Step           Time
          17000       34.00000

   Energies (kJ/mol)
           Bond          Angle    Proper Dih. Per. Imp. Dih.          LJ-14
    5.27008e+02    1.45661e+03    1.71303e+03    5.73152e+01    6.31289e+02
     Coulomb-14        LJ (SR)  Disper. corr.   Coulomb (SR)   Coul. recip.
    1.05245e+04    5.31745e+04   -3.14738e+03   -4.18981e+05    2.38905e+03
 Position Rest.      Potential    Kinetic En.   Total Energy  Conserved En.
    3.37507e+02   -3.51317e+05    6.73446e+04   -2.83973e+05   -3.46457e+05
    Temperature Pres. DC (bar) Pressure (bar)   Constr. rmsd
    2.99617e+02   -1.89833e+02   -4.58467e+02    3.01349e-06


DD  step 17499 load imb.: force  3.1%
           Step           Time
          17500       35.00000

   Energies (kJ/mol)
           Bond          Angle    Proper Dih. Per. Imp. Dih.          LJ-14
    4.47946e+02    1.46563e+03    1.77533e+03    6.05201e+01    6.17677e+02
     Coulomb-14        LJ (SR)  Disper. corr.   Coulomb (SR)   Coul. recip.
    1.05188e+04    5.41231e+04   -3.14738e+03   -4.21524e+05    2.39859e+03
 Position Rest.      Potential    Kinetic En.   Total Energy  Conserved En.
    3.18646e+02   -3.52945e+05    6.69999e+04   -2.85945e+05   -3.46457e+05
    Temperature Pres. DC (bar) Pressure (bar)   Constr. rmsd
    2.98083e+02   -1.89833e+02   -4.44621e+01    2.58294e-06


DD  step 17999 load imb.: force  6.1%
           Step           Time
          18000       36.00000

   Energies (kJ/mol)
           Bond          Angle    Proper Dih. Per. Imp. Dih.          LJ-14
    5.48167e+02    1.40615e+03    1.75339e+03    8.36561e+01    6.32729e+02
     Coulomb-14        LJ (SR)  Disper. corr.   Coulomb (SR)   Coul. recip.
    1.05916e+04    5.50761e+04   -3.14738e+03   -4.23006e+05    2.39503e+03
 Position Rest.      Potential    Kinetic En.   Total Energy  Conserved En.
    3.05675e+02   -3.53360e+05    6.75795e+04   -2.85781e+05   -3.46441e+05
    Temperature Pres. DC (bar) Pressure (bar)   Constr. rmsd
    3.00662e+02   -1.89833e+02   -3.02870e+01    3.06719e-06


DD  step 18499 load imb.: force  4.3%
           Step           Time
          18500       37.00000

   Energies (kJ/mol)
           Bond          Angle    Proper Dih. Per. Imp. Dih.          LJ-14
    5.06673e+02    1.51595e+03    1.69344e+03    6.67355e+01    6.44666e+02
     Coulomb-14        LJ (SR)  Disper. corr.   Coulomb (SR)   Coul. recip.
    1.05400e+04    5.39690e+04   -3.14738e+03   -4.20958e+05    2.41988e+03
 Position Rest.      Potential    Kinetic En.   Total Energy  Conserved En.
    3.15807e+02   -3.52433e+05    6.82036e+04   -2.84229e+05   -3.46425e+05
    Temperature Pres. DC (bar) Pressure (bar)   Constr. rmsd
    3.03439e+02   -1.89833e+02   -2.56212e+02    2.77760e-06


DD  step 18999 load imb.: force  6.5%
           Step           Time
          19000       38.00000

   Energies (kJ/mol)
           Bond          Angle    Proper Dih. Per. Imp. Dih.          LJ-14
    5.21064e+02    1.51055e+03    1.73938e+03    8.30834e+01    6.00043e+02
     Coulomb-14        LJ (SR)  Disper. corr.   Coulomb (SR)   Coul. recip.
    1.04593e+04    5.39765e+04   -3.14738e+03   -4.19784e+05    2.45540e+03
 Position Rest.      Potential    Kinetic En.   Total Energy  Conserved En.
    2.92642e+02   -3.51294e+05    6.73998e+04   -2.83894e+05   -3.46420e+05
    Temperature Pres. DC (bar) Pressure (bar)   Constr. rmsd
    2.99863e+02   -1.89833e+02   -1.19104e+02    3.12732e-06


DD  step 19499 load imb.: force  2.6%
           Step           Time
          19500       39.00000

   Energies (kJ/mol)
           Bond          Angle    Proper Dih. Per. Imp. Dih.          LJ-14
    4.82795e+02    1.52166e+03    1.69713e+03    6.05375e+01    6.36653e+02
     Coulomb-14        LJ (SR)  Disper. corr.   Coulomb (SR)   Coul. recip.
    1.05721e+04    5.41899e+04   -3.14738e+03   -4.22236e+05    2.40843e+03
 Position Rest.      Potential    Kinetic En.   Total Energy  Conserved En.
    3.19218e+02   -3.53495e+05    6.78732e+04   -2.85622e+05   -3.46428e+05
    Temperature Pres. DC (bar) Pressure (bar)   Constr. rmsd
    3.01968e+02   -1.89833e+02   -2.29368e+02    2.87294e-06


DD  step 19999 load imb.: force  2.4%

step 20000 Will no longer try dynamic load balancing, as it degraded performance.
           Step           Time
          20000       40.00000

   Energies (kJ/mol)
           Bond          Angle    Proper Dih. Per. Imp. Dih.          LJ-14
    4.74534e+02    1.46287e+03    1.72992e+03    9.55227e+01    6.34362e+02
     Coulomb-14        LJ (SR)  Disper. corr.   Coulomb (SR)   Coul. recip.
    1.04993e+04    5.39833e+04   -3.14738e+03   -4.20641e+05    2.36403e+03
 Position Rest.      Potential    Kinetic En.   Total Energy  Conserved En.
    2.85853e+02   -3.52259e+05    6.68475e+04   -2.85411e+05   -3.46418e+05
    Temperature Pres. DC (bar) Pressure (bar)   Constr. rmsd
    2.97405e+02   -1.89833e+02   -1.06242e+02    2.22853e-06


DD  step 20499 load imb.: force  5.1%
           Step           Time
          20500       41.00000

   Energies (kJ/mol)
           Bond          Angle    Proper Dih. Per. Imp. Dih.          LJ-14
    5.17799e+02    1.42846e+03    1.72936e+03    5.56296e+01    6.47177e+02
     Coulomb-14        LJ (SR)  Disper. corr.   Coulomb (SR)   Coul. recip.
    1.05569e+04    5.39481e+04   -3.14738e+03   -4.21604e+05    2.42131e+03
 Position Rest.      Potential    Kinetic En.   Total Energy  Conserved En.
    3.21458e+02   -3.53126e+05    6.73558e+04   -2.85770e+05   -3.46399e+05
    Temperature Pres. DC (bar) Pressure (bar)   Constr. rmsd
    2.99667e+02   -1.89833e+02   -4.25083e+02    2.56142e-06


DD  step 20999 load imb.: force  4.7%
           Step           Time
          21000       42.00000

   Energies (kJ/mol)
           Bond          Angle    Proper Dih. Per. Imp. Dih.          LJ-14
    4.96476e+02    1.48335e+03    1.77295e+03    8.44725e+01    6.02836e+02
     Coulomb-14        LJ (SR)  Disper. corr.   Coulomb (SR)   Coul. recip.
    1.04716e+04    5.28743e+04   -3.14738e+03   -4.19322e+05    2.42954e+03
 Position Rest.      Potential    Kinetic En.   Total Energy  Conserved En.
    3.04609e+02   -3.51949e+05    6.73793e+04   -2.84569e+05   -3.46400e+05
    Temperature Pres. DC (bar) Pressure (bar)   Constr. rmsd
    2.99771e+02   -1.89833e+02   -4.25516e+02    2.52000e-06


DD  step 21499 load imb.: force  2.1%
           Step           Time
          21500       43.00000

   Energies (kJ/mol)
           Bond          Angle    Proper Dih. Per. Imp. Dih.          LJ-14
    4.70325e+02    1.37801e+03    1.71763e+03    7.69134e+01    6.22718e+02
     Coulomb-14        LJ (SR)  Disper. corr.   Coulomb (SR)   Coul. recip.
    1.05628e+04    5.40591e+04   -3.14738e+03   -4.21434e+05    2.46361e+03
 Position Rest.      Potential    Kinetic En.   Total Energy  Conserved En.
    3.04693e+02   -3.52926e+05    6.71512e+04   -2.85774e+05   -3.46401e+05
    Temperature Pres. DC (bar) Pressure (bar)   Constr. rmsd
    2.98757e+02   -1.89833e+02   -1.06483e+02    2.35795e-06


DD  step 21999 load imb.: force  5.7%
           Step           Time
          22000       44.00000

   Energies (kJ/mol)
           Bond          Angle    Proper Dih. Per. Imp. Dih.          LJ-14
    5.31754e+02    1.48972e+03    1.75098e+03    8.48477e+01    6.17987e+02
     Coulomb-14        LJ (SR)  Disper. corr.   Coulomb (SR)   Coul. recip.
    1.05565e+04    5.37524e+04   -3.14738e+03   -4.21892e+05    2.33526e+03
 Position Rest.      Potential    Kinetic En.   Total Energy  Conserved En.
    3.32624e+02   -3.53587e+05    6.80370e+04   -2.85550e+05   -3.46396e+05
    Temperature Pres. DC (bar) Pressure (bar)   Constr. rmsd
    3.02697e+02   -1.89833e+02   -5.23620e+02    2.62214e-06


DD  step 22499 load imb.: force  6.7%
           Step           Time
          22500       45.00000

   Energies (kJ/mol)
           Bond          Angle    Proper Dih. Per. Imp. Dih.          LJ-14
    6.04281e+02    1.42788e+03    1.70885e+03    7.30253e+01    6.20312e+02
     Coulomb-14        LJ (SR)  Disper. corr.   Coulomb (SR)   Coul. recip.
    1.04653e+04    5.35149e+04   -3.14738e+03   -4.18963e+05    2.51297e+03
 Position Rest.      Potential    Kinetic En.   Total Energy  Conserved En.
    3.13347e+02   -3.50870e+05    6.70499e+04   -2.83820e+05   -3.46381e+05
    Temperature Pres. DC (bar) Pressure (bar)   Constr. rmsd
    2.98306e+02   -1.89833e+02   -1.71173e+02    2.34230e-06


DD  step 22999 load imb.: force  4.6%
           Step           Time
          23000       46.00000

   Energies (kJ/mol)
           Bond          Angle    Proper Dih. Per. Imp. Dih.          LJ-14
    5.00695e+02    1.42447e+03    1.73859e+03    8.17942e+01    6.38014e+02
     Coulomb-14        LJ (SR)  Disper. corr.   Coulomb (SR)   Coul. recip.
    1.06049e+04    5.36789e+04   -3.14738e+03   -4.20554e+05    2.38041e+03
 Position Rest.      Potential    Kinetic En.   Total Energy  Conserved En.
    3.36666e+02   -3.52317e+05    6.76591e+04   -2.84658e+05   -3.46366e+05
    Temperature Pres. DC (bar) Pressure (bar)   Constr. rmsd
    3.01016e+02   -1.89833e+02   -2.41986e+02    2.37125e-06


DD  step 23499 load imb.: force  5.1%
           Step           Time
          23500       47.00000

   Energies (kJ/mol)
           Bond          Angle    Proper Dih. Per. Imp. Dih.          LJ-14
    5.18164e+02    1.49106e+03    1.76441e+03    8.15232e+01    6.22581e+02
     Coulomb-14        LJ (SR)  Disper. corr.   Coulomb (SR)   Coul. recip.
    1.05031e+04    5.45585e+04   -3.14738e+03   -4.21515e+05    2.45857e+03
 Position Rest.      Potential    Kinetic En.   Total Energy  Conserved En.
    3.08563e+02   -3.52355e+05    6.81125e+04   -2.84243e+05   -3.46365e+05
    Temperature Pres. DC (bar) Pressure (bar)   Constr. rmsd
    3.03033e+02   -1.89833e+02   -1.00185e+02    2.42712e-06


DD  step 23999 load imb.: force  5.7%
           Step           Time
          24000       48.00000

   Energies (kJ/mol)
           Bond          Angle    Proper Dih. Per. Imp. Dih.          LJ-14
    5.25927e+02    1.42019e+03    1.75437e+03    8.43727e+01    6.27035e+02
     Coulomb-14        LJ (SR)  Disper. corr.   Coulomb (SR)   Coul. recip.
    1.05109e+04    5.37876e+04   -3.14738e+03   -4.20438e+05    2.47332e+03
 Position Rest.      Potential    Kinetic En.   Total Energy  Conserved En.
    3.02751e+02   -3.52099e+05    6.64812e+04   -2.85618e+05   -3.46357e+05
    Temperature Pres. DC (bar) Pressure (bar)   Constr. rmsd
    2.95776e+02   -1.89833e+02   -1.80460e+02    2.74029e-06


DD  step 24499 load imb.: force  5.0%
           Step           Time
          24500       49.00000

   Energies (kJ/mol)
           Bond          Angle    Proper Dih. Per. Imp. Dih.          LJ-14
    5.02761e+02    1.46448e+03    1.68454e+03    7.35167e+01    6.16187e+02
     Coulomb-14        LJ (SR)  Disper. corr.   Coulomb (SR)   Coul. recip.
    1.04938e+04    5.28009e+04   -3.14738e+03   -4.19018e+05    2.36357e+03
 Position Rest.      Potential    Kinetic En.   Total Energy  Conserved En.
    2.94226e+02   -3.51872e+05    6.61397e+04   -2.85732e+05   -3.46346e+05
    Temperature Pres. DC (bar) Pressure (bar)   Constr. rmsd
    2.94256e+02   -1.89833e+02   -4.73290e+02    3.28091e-06


DD  step 24999 load imb.: force  3.5%
           Step           Time
          25000       50.00000

   Energies (kJ/mol)
           Bond          Angle    Proper Dih. Per. Imp. Dih.          LJ-14
    4.50905e+02    1.46013e+03    1.73181e+03    7.83086e+01    6.43569e+02
     Coulomb-14        LJ (SR)  Disper. corr.   Coulomb (SR)   Coul. recip.
    1.05697e+04    5.41031e+04   -3.14738e+03   -4.21300e+05    2.42832e+03
 Position Rest.      Potential    Kinetic En.   Total Energy  Conserved En.
    3.64008e+02   -3.52618e+05    6.66000e+04   -2.86018e+05   -3.46332e+05
    Temperature Pres. DC (bar) Pressure (bar)   Constr. rmsd
    2.96304e+02   -1.89833e+02   -2.25270e+02    2.83092e-06


DD  step 25499 load imb.: force  5.2%
           Step           Time
          25500       51.00000

   Energies (kJ/mol)
           Bond          Angle    Proper Dih. Per. Imp. Dih.          LJ-14
    4.93984e+02    1.43287e+03    1.74244e+03    7.98565e+01    6.10381e+02
     Coulomb-14        LJ (SR)  Disper. corr.   Coulomb (SR)   Coul. recip.
    1.05106e+04    5.45900e+04   -3.14738e+03   -4.21556e+05    2.43558e+03
 Position Rest.      Potential    Kinetic En.   Total Energy  Conserved En.
    2.78535e+02   -3.52529e+05    6.75905e+04   -2.84939e+05   -3.46345e+05
    Temperature Pres. DC (bar) Pressure (bar)   Constr. rmsd
    3.00711e+02   -1.89833e+02   -1.44521e+02    2.60926e-06


DD  step 25999 load imb.: force  5.9%
           Step           Time
          26000       52.00000

   Energies (kJ/mol)
           Bond          Angle    Proper Dih. Per. Imp. Dih.          LJ-14
    5.08705e+02    1.53925e+03    1.77021e+03    9.03032e+01    5.93203e+02
     Coulomb-14        LJ (SR)  Disper. corr.   Coulomb (SR)   Coul. recip.
    1.04516e+04    5.32874e+04   -3.14738e+03   -4.19587e+05    2.45118e+03
 Position Rest.      Potential    Kinetic En.   Total Energy  Conserved En.
    3.20242e+02   -3.51722e+05    6.70185e+04   -2.84704e+05   -3.46322e+05
    Temperature Pres. DC (bar) Pressure (bar)   Constr. rmsd
    2.98166e+02   -1.89833e+02   -1.85310e+02    2.60312e-06


DD  step 26499 load imb.: force  3.9%
           Step           Time
          26500       53.00000

   Energies (kJ/mol)
           Bond          Angle    Proper Dih. Per. Imp. Dih.          LJ-14
    4.54969e+02    1.32728e+03    1.70675e+03    6.13399e+01    6.09013e+02
     Coulomb-14        LJ (SR)  Disper. corr.   Coulomb (SR)   Coul. recip.
    1.04819e+04    5.44950e+04   -3.14738e+03   -4.22317e+05    2.39231e+03
 Position Rest.      Potential    Kinetic En.   Total Energy  Conserved En.
    2.94575e+02   -3.53641e+05    6.63233e+04   -2.87318e+05   -3.46329e+05
    Temperature Pres. DC (bar) Pressure (bar)   Constr. rmsd
    2.95073e+02   -1.89833e+02   -2.66154e+02    2.39450e-06


DD  step 26999 load imb.: force  5.3%
           Step           Time
          27000       54.00000

   Energies (kJ/mol)
           Bond          Angle    Proper Dih. Per. Imp. Dih.          LJ-14
    4.97465e+02    1.42113e+03    1.70125e+03    5.92794e+01    6.20456e+02
     Coulomb-14        LJ (SR)  Disper. corr.   Coulomb (SR)   Coul. recip.
    1.05249e+04    5.27713e+04   -3.14738e+03   -4.19719e+05    2.44733e+03
 Position Rest.      Potential    Kinetic En.   Total Energy  Conserved En.
    2.93109e+02   -3.52530e+05    6.74603e+04   -2.85069e+05   -3.46332e+05
    Temperature Pres. DC (bar) Pressure (bar)   Constr. rmsd
    3.00132e+02   -1.89833e+02   -2.93228e+02    2.83013e-06


DD  step 27499 load imb.: force  4.6%
           Step           Time
          27500       55.00000

   Energies (kJ/mol)
           Bond          Angle    Proper Dih. Per. Imp. Dih.          LJ-14
    4.62740e+02    1.45045e+03    1.70005e+03    7.06220e+01    6.42829e+02
     Coulomb-14        LJ (SR)  Disper. corr.   Coulomb (SR)   Coul. recip.
    1.05794e+04    5.37028e+04   -3.14738e+03   -4.21174e+05    2.36406e+03
 Position Rest.      Potential    Kinetic En.   Total Energy  Conserved En.
    2.97860e+02   -3.53051e+05    6.73423e+04   -2.85709e+05   -3.46311e+05
    Temperature Pres. DC (bar) Pressure (bar)   Constr. rmsd
    2.99607e+02   -1.89833e+02   -2.47284e+02    2.94395e-06


DD  step 27999 load imb.: force  3.9%
           Step           Time
          28000       56.00000

   Energies (kJ/mol)
           Bond          Angle    Proper Dih. Per. Imp. Dih.          LJ-14
    5.33443e+02    1.46477e+03    1.71980e+03    6.75062e+01    5.96589e+02
     Coulomb-14        LJ (SR)  Disper. corr.   Coulomb (SR)   Coul. recip.
    1.05558e+04    5.26153e+04   -3.14738e+03   -4.19407e+05    2.42861e+03
 Position Rest.      Potential    Kinetic En.   Total Energy  Conserved En.
    3.03277e+02   -3.52270e+05    6.75453e+04   -2.84724e+05   -3.46301e+05
    Temperature Pres. DC (bar) Pressure (bar)   Constr. rmsd
    3.00510e+02   -1.89833e+02   -6.51312e+02    2.93203e-06


DD  step 28499 load imb.: force  4.6%
           Step           Time
          28500       57.00000

   Energies (kJ/mol)
           Bond          Angle    Proper Dih. Per. Imp. Dih.          LJ-14
    4.42139e+02    1.48292e+03    1.73280e+03    6.61030e+01    6.24486e+02
     Coulomb-14        LJ (SR)  Disper. corr.   Coulomb (SR)   Coul. recip.
    1.05826e+04    5.38738e+04   -3.14738e+03   -4.20704e+05    2.47029e+03
 Position Rest.      Potential    Kinetic En.   Total Energy  Conserved En.
    3.06510e+02   -3.52270e+05    6.76282e+04   -2.84642e+05   -3.46305e+05
    Temperature Pres. DC (bar) Pressure (bar)   Constr. rmsd
    3.00879e+02   -1.89833e+02   -2.53958e+02    3.49694e-06


DD  step 28999 load imb.: force  5.2%
           Step           Time
          29000       58.00000

   Energies (kJ/mol)
           Bond          Angle    Proper Dih. Per. Imp. Dih.          LJ-14
    5.05845e+02    1.53398e+03    1.71476e+03    7.45852e+01    6.43156e+02
     Coulomb-14        LJ (SR)  Disper. corr.   Coulomb (SR)   Coul. recip.
    1.05698e+04    5.36806e+04   -3.14738e+03   -4.20331e+05    2.35765e+03
 Position Rest.      Potential    Kinetic En.   Total Energy  Conserved En.
    2.92349e+02   -3.52106e+05    6.74392e+04   -2.84667e+05   -3.46290e+05
    Temperature Pres. DC (bar) Pressure (bar)   Constr. rmsd
    3.00038e+02   -1.89833e+02   -1.79757e+02    2.44933e-06


DD  step 29499 load imb.: force  4.4%
           Step           Time
          29500       59.00000

   Energies (kJ/mol)
           Bond          Angle    Proper Dih. Per. Imp. Dih.          LJ-14
    4.49170e+02    1.48356e+03    1.71453e+03    5.89439e+01    6.23683e+02
     Coulomb-14        LJ (SR)  Disper. corr.   Coulomb (SR)   Coul. recip.
    1.04594e+04    5.28551e+04   -3.14738e+03   -4.20274e+05    2.38754e+03
 Position Rest.      Potential    Kinetic En.   Total Energy  Conserved En.
    2.55054e+02   -3.53134e+05    6.71256e+04   -2.86009e+05   -3.46293e+05
    Temperature Pres. DC (bar) Pressure (bar)   Constr. rmsd
    2.98643e+02   -1.89833e+02   -4.28822e+02    3.30081e-06


DD  step 29999 load imb.: force  4.5%
           Step           Time
          30000       60.00000

   Energies (kJ/mol)
           Bond          Angle    Proper Dih. Per. Imp. Dih.          LJ-14
    5.25146e+02    1.34642e+03    1.74329e+03    7.85737e+01    6.45174e+02
     Coulomb-14        LJ (SR)  Disper. corr.   Coulomb (SR)   Coul. recip.
    1.06074e+04    5.31951e+04   -3.14738e+03   -4.20593e+05    2.43776e+03
 Position Rest.      Potential    Kinetic En.   Total Energy  Conserved En.
    3.41651e+02   -3.52820e+05    6.73791e+04   -2.85441e+05   -3.46279e+05
    Temperature Pres. DC (bar) Pressure (bar)   Constr. rmsd
    2.99770e+02   -1.89833e+02   -4.36558e+02    3.20179e-06


DD  step 30499 load imb.: force  8.6%
           Step           Time
          30500       61.00000

   Energies (kJ/mol)
           Bond          Angle    Proper Dih. Per. Imp. Dih.          LJ-14
    4.76900e+02    1.35856e+03    1.74806e+03    9.18151e+01    6.58354e+02
     Coulomb-14        LJ (SR)  Disper. corr.   Coulomb (SR)   Coul. recip.
    1.05456e+04    5.45722e+04   -3.14738e+03   -4.21727e+05    2.38648e+03
 Position Rest.      Potential    Kinetic En.   Total Energy  Conserved En.
    3.11290e+02   -3.52725e+05    6.75516e+04   -2.85173e+05   -3.46285e+05
    Temperature Pres. DC (bar) Pressure (bar)   Constr. rmsd
    3.00538e+02   -1.89833e+02   -1.61086e+02    2.88906e-06


DD  step 30999 load imb.: force  4.9%
           Step           Time
          31000       62.00000

   Energies (kJ/mol)
           Bond          Angle    Proper Dih. Per. Imp. Dih.          LJ-14
    4.54716e+02    1.39177e+03    1.70304e+03    6.35053e+01    6.37570e+02
     Coulomb-14        LJ (SR)  Disper. corr.   Coulomb (SR)   Coul. recip.
    1.06085e+04    5.41688e+04   -3.14738e+03   -4.21893e+05    2.44436e+03
 Position Rest.      Potential    Kinetic En.   Total Energy  Conserved En.
    2.70374e+02   -3.53297e+05    6.70692e+04   -2.86228e+05   -3.46268e+05
    Temperature Pres. DC (bar) Pressure (bar)   Constr. rmsd
    2.98392e+02   -1.89833e+02   -3.67408e+02    3.16161e-06


DD  step 31499 load imb.: force  8.0%
           Step           Time
          31500       63.00000

   Energies (kJ/mol)
           Bond          Angle    Proper Dih. Per. Imp. Dih.          LJ-14
    4.81836e+02    1.35839e+03    1.77290e+03    7.36791e+01    6.35642e+02
     Coulomb-14        LJ (SR)  Disper. corr.   Coulomb (SR)   Coul. recip.
    1.05188e+04    5.27365e+04   -3.14738e+03   -4.20549e+05    2.42937e+03
 Position Rest.      Potential    Kinetic En.   Total Energy  Conserved En.
    2.92226e+02   -3.53397e+05    6.66492e+04   -2.86748e+05   -3.46265e+05
    Temperature Pres. DC (bar) Pressure (bar)   Constr. rmsd
    2.96523e+02   -1.89833e+02   -7.33308e+02    2.83003e-06


DD  step 31999 load imb.: force  7.7%
           Step           Time
          32000       64.00000

   Energies (kJ/mol)
           Bond          Angle    Proper Dih. Per. Imp. Dih.          LJ-14
    4.40904e+02    1.43144e+03    1.73090e+03    7.47456e+01    6.41470e+02
     Coulomb-14        LJ (SR)  Disper. corr.   Coulomb (SR)   Coul. recip.
    1.05430e+04    5.40017e+04   -3.14738e+03   -4.20700e+05    2.29308e+03
 Position Rest.      Potential    Kinetic En.   Total Energy  Conserved En.
    2.95057e+02   -3.52395e+05    6.75040e+04   -2.84891e+05   -3.46255e+05
    Temperature Pres. DC (bar) Pressure (bar)   Constr. rmsd
    3.00326e+02   -1.89833e+02   -1.66278e+02    2.66839e-06


DD  step 32499 load imb.: force  9.0%
           Step           Time
          32500       65.00000

   Energies (kJ/mol)
           Bond          Angle    Proper Dih. Per. Imp. Dih.          LJ-14
    5.18762e+02    1.44102e+03    1.79659e+03    9.40337e+01    6.33485e+02
     Coulomb-14        LJ (SR)  Disper. corr.   Coulomb (SR)   Coul. recip.
    1.05125e+04    5.45237e+04   -3.14738e+03   -4.20843e+05    2.43412e+03
 Position Rest.      Potential    Kinetic En.   Total Energy  Conserved En.
    2.55656e+02   -3.51781e+05    6.69130e+04   -2.84868e+05   -3.46249e+05
    Temperature Pres. DC (bar) Pressure (bar)   Constr. rmsd
    2.97697e+02   -1.89833e+02   -2.40736e+01    2.52077e-06


DD  step 32999 load imb.: force  7.9%
           Step           Time
          33000       66.00000

   Energies (kJ/mol)
           Bond          Angle    Proper Dih. Per. Imp. Dih.          LJ-14
    4.98182e+02    1.28245e+03    1.71265e+03    6.79707e+01    6.75529e+02
     Coulomb-14        LJ (SR)  Disper. corr.   Coulomb (SR)   Coul. recip.
    1.06062e+04    5.38989e+04   -3.14738e+03   -4.21353e+05    2.38839e+03
 Position Rest.      Potential    Kinetic En.   Total Energy  Conserved En.
    2.67963e+02   -3.53102e+05    6.77654e+04   -2.85337e+05   -3.46258e+05
    Temperature Pres. DC (bar) Pressure (bar)   Constr. rmsd
    3.01489e+02   -1.89833e+02   -3.32030e+02    2.46708e-06


DD  step 33499 load imb.: force  4.8%
           Step           Time
          33500       67.00000

   Energies (kJ/mol)
           Bond          Angle    Proper Dih. Per. Imp. Dih.          LJ-14
    5.07533e+02    1.56350e+03    1.70390e+03    5.84236e+01    6.00706e+02
     Coulomb-14        LJ (SR)  Disper. corr.   Coulomb (SR)   Coul. recip.
    1.05038e+04    5.40349e+04   -3.14738e+03   -4.21694e+05    2.38431e+03
 Position Rest.      Potential    Kinetic En.   Total Energy  Conserved En.
    3.01907e+02   -3.53183e+05    6.66230e+04   -2.86560e+05   -3.46221e+05
    Temperature Pres. DC (bar) Pressure (bar)   Constr. rmsd
    2.96407e+02   -1.89833e+02   -1.93987e+02    2.54469e-06


DD  step 33999 load imb.: force  8.1%
           Step           Time
          34000       68.00000

   Energies (kJ/mol)
           Bond          Angle    Proper Dih. Per. Imp. Dih.          LJ-14
    5.36203e+02    1.53001e+03    1.67121e+03    6.85294e+01    6.26750e+02
     Coulomb-14        LJ (SR)  Disper. corr.   Coulomb (SR)   Coul. recip.
    1.05261e+04    5.36756e+04   -3.14738e+03   -4.20588e+05    2.40842e+03
 Position Rest.      Potential    Kinetic En.   Total Energy  Conserved En.
    3.18870e+02   -3.52374e+05    6.80660e+04   -2.84308e+05   -3.46245e+05
    Temperature Pres. DC (bar) Pressure (bar)   Constr. rmsd
    3.02826e+02   -1.89833e+02   -2.68663e+02    2.80464e-06


DD  step 34499 load imb.: force  5.2%
           Step           Time
          34500       69.00000

   Energies (kJ/mol)
           Bond          Angle    Proper Dih. Per. Imp. Dih.          LJ-14
    4.53497e+02    1.51211e+03    1.70974e+03    7.29028e+01    6.47465e+02
     Coulomb-14        LJ (SR)  Disper. corr.   Coulomb (SR)   Coul. recip.
    1.05177e+04    5.38401e+04   -3.14738e+03   -4.20971e+05    2.40196e+03
 Position Rest.      Potential    Kinetic En.   Total Energy  Conserved En.
    2.60832e+02   -3.52702e+05    6.70619e+04   -2.85641e+05   -3.46231e+05
    Temperature Pres. DC (bar) Pressure (bar)   Constr. rmsd
    2.98359e+02   -1.89833e+02   -1.22588e+02    3.34545e-06


DD  step 34999 load imb.: force  3.3%
           Step           Time
          35000       70.00000

   Energies (kJ/mol)
           Bond          Angle    Proper Dih. Per. Imp. Dih.          LJ-14
    4.64708e+02    1.49435e+03    1.76608e+03    8.43781e+01    6.42990e+02
     Coulomb-14        LJ (SR)  Disper. corr.   Coulomb (SR)   Coul. recip.
    1.05829e+04    5.42033e+04   -3.14738e+03   -4.21328e+05    2.44681e+03
 Position Rest.      Potential    Kinetic En.   Total Energy  Conserved En.
    3.19148e+02   -3.52470e+05    6.77380e+04   -2.84732e+05   -3.46216e+05
    Temperature Pres. DC (bar) Pressure (bar)   Constr. rmsd
    3.01367e+02   -1.89833e+02   -2.93127e+02    3.08930e-06


DD  step 35499 load imb.: force  3.7%
           Step           Time
          35500       71.00000

   Energies (kJ/mol)
           Bond          Angle    Proper Dih. Per. Imp. Dih.          LJ-14
    4.34377e+02    1.52538e+03    1.73674e+03    7.80641e+01    5.98275e+02
     Coulomb-14        LJ (SR)  Disper. corr.   Coulomb (SR)   Coul. recip.
    1.05192e+04    5.36821e+04   -3.14738e+03   -4.22080e+05    2.34318e+03
 Position Rest.      Potential    Kinetic En.   Total Energy  Conserved En.
    2.91768e+02   -3.54019e+05    6.75580e+04   -2.86461e+05   -3.46225e+05
    Temperature Pres. DC (bar) Pressure (bar)   Constr. rmsd
    3.00566e+02   -1.89833e+02   -3.71870e+02    2.32727e-06


DD  step 35999 load imb.: force  4.8%
           Step           Time
          36000       72.00000

   Energies (kJ/mol)
           Bond          Angle    Proper Dih. Per. Imp. Dih.          LJ-14
    4.55256e+02    1.43674e+03    1.73052e+03    8.59550e+01    6.56605e+02
     Coulomb-14        LJ (SR)  Disper. corr.   Coulomb (SR)   Coul. recip.
    1.05455e+04    5.42546e+04   -3.14738e+03   -4.22081e+05    2.35089e+03
 Position Rest.      Potential    Kinetic En.   Total Energy  Conserved En.
    3.37861e+02   -3.53375e+05    6.69003e+04   -2.86474e+05   -3.46219e+05
    Temperature Pres. DC (bar) Pressure (bar)   Constr. rmsd
    2.97640e+02   -1.89833e+02   -2.96280e+01    2.69444e-06


DD  step 36499 load imb.: force  5.2%
           Step           Time
          36500       73.00000

   Energies (kJ/mol)
           Bond          Angle    Proper Dih. Per. Imp. Dih.          LJ-14
    5.11253e+02    1.53087e+03    1.74343e+03    8.90003e+01    5.88782e+02
     Coulomb-14        LJ (SR)  Disper. corr.   Coulomb (SR)   Coul. recip.
    1.04085e+04    5.37213e+04   -3.14738e+03   -4.20155e+05    2.33489e+03
 Position Rest.      Potential    Kinetic En.   Total Energy  Conserved En.
    2.82692e+02   -3.52092e+05    6.66465e+04   -2.85445e+05   -3.46203e+05
    Temperature Pres. DC (bar) Pressure (bar)   Constr. rmsd
    2.96511e+02   -1.89833e+02   -7.62039e+01    3.15838e-06


DD  step 36999 load imb.: force  3.0%
           Step           Time
          37000       74.00000

   Energies (kJ/mol)
           Bond          Angle    Proper Dih. Per. Imp. Dih.          LJ-14
    4.61020e+02    1.62494e+03    1.69222e+03    8.41176e+01    6.31554e+02
     Coulomb-14        LJ (SR)  Disper. corr.   Coulomb (SR)   Coul. recip.
    1.05738e+04    5.25491e+04   -3.14738e+03   -4.19573e+05    2.37520e+03
 Position Rest.      Potential    Kinetic En.   Total Energy  Conserved En.
    2.86039e+02   -3.52443e+05    6.76563e+04   -2.84786e+05   -3.46195e+05
    Temperature Pres. DC (bar) Pressure (bar)   Constr. rmsd
    3.01004e+02   -1.89833e+02   -4.46174e+02    2.31290e-06


DD  step 37499 load imb.: force  2.7%
           Step           Time
          37500       75.00000

   Energies (kJ/mol)
           Bond          Angle    Proper Dih. Per. Imp. Dih.          LJ-14
    5.17817e+02    1.45163e+03    1.73473e+03    6.72136e+01    6.29955e+02
     Coulomb-14        LJ (SR)  Disper. corr.   Coulomb (SR)   Coul. recip.
    1.04716e+04    5.28387e+04   -3.14738e+03   -4.19479e+05    2.46983e+03
 Position Rest.      Potential    Kinetic En.   Total Energy  Conserved En.
    3.35106e+02   -3.52110e+05    6.73056e+04   -2.84804e+05   -3.46188e+05
    Temperature Pres. DC (bar) Pressure (bar)   Constr. rmsd
    2.99443e+02   -1.89833e+02   -4.13259e+02    3.12897e-06


DD  step 37999 load imb.: force  6.0%
           Step           Time
          38000       76.00000

   Energies (kJ/mol)
           Bond          Angle    Proper Dih. Per. Imp. Dih.          LJ-14
    4.57386e+02    1.45864e+03    1.74565e+03    8.03153e+01    6.00574e+02
     Coulomb-14        LJ (SR)  Disper. corr.   Coulomb (SR)   Coul. recip.
    1.05394e+04    5.43799e+04   -3.14738e+03   -4.21989e+05    2.41112e+03
 Position Rest.      Potential    Kinetic En.   Total Energy  Conserved En.
    3.16397e+02   -3.53147e+05    6.78203e+04   -2.85326e+05   -3.46187e+05
    Temperature Pres. DC (bar) Pressure (bar)   Constr. rmsd
    3.01733e+02   -1.89833e+02   -1.39746e+02    3.09526e-06


DD  step 38499 load imb.: force  5.8%
           Step           Time
          38500       77.00000

   Energies (kJ/mol)
           Bond          Angle    Proper Dih. Per. Imp. Dih.          LJ-14
    4.94317e+02    1.50815e+03    1.69422e+03    7.27231e+01    6.21414e+02
     Coulomb-14        LJ (SR)  Disper. corr.   Coulomb (SR)   Coul. recip.
    1.05110e+04    5.36957e+04   -3.14738e+03   -4.20697e+05    2.44705e+03
 Position Rest.      Potential    Kinetic En.   Total Energy  Conserved En.
    3.28694e+02   -3.52471e+05    6.74478e+04   -2.85023e+05   -3.46188e+05
    Temperature Pres. DC (bar) Pressure (bar)   Constr. rmsd
    3.00076e+02   -1.89833e+02    2.98346e+01    2.62384e-06


DD  step 38999 load imb.: force  8.8%
           Step           Time
          39000       78.00000

   Energies (kJ/mol)
           Bond          Angle    Proper Dih. Per. Imp. Dih.          LJ-14
    4.67896e+02    1.43215e+03    1.68535e+03    5.64445e+01    6.43712e+02
     Coulomb-14        LJ (SR)  Disper. corr.   Coulomb (SR)   Coul. recip.
    1.05611e+04    5.53091e+04   -3.14738e+03   -4.21918e+05    2.44834e+03
 Position Rest.      Potential    Kinetic En.   Total Energy  Conserved En.
    2.73344e+02   -3.52188e+05    6.74565e+04   -2.84731e+05   -3.46180e+05
    Temperature Pres. DC (bar) Pressure (bar)   Constr. rmsd
    3.00115e+02   -1.89833e+02    1.29686e+02    3.12443e-06


DD  step 39499 load imb.: force  4.2%
           Step           Time
          39500       79.00000

   Energies (kJ/mol)
           Bond          Angle    Proper Dih. Per. Imp. Dih.          LJ-14
    5.78689e+02    1.49642e+03    1.77457e+03    8.00666e+01    5.77970e+02
     Coulomb-14        LJ (SR)  Disper. corr.   Coulomb (SR)   Coul. recip.
    1.05519e+04    5.32636e+04   -3.14738e+03   -4.19566e+05    2.45689e+03
 Position Rest.      Potential    Kinetic En.   Total Energy  Conserved En.
    2.80197e+02   -3.51653e+05    6.73158e+04   -2.84337e+05   -3.46164e+05
    Temperature Pres. DC (bar) Pressure (bar)   Constr. rmsd
    2.99489e+02   -1.89833e+02   -4.71106e+02    3.10473e-06


DD  step 39999 load imb.: force  6.7%
           Step           Time
          40000       80.00000

   Energies (kJ/mol)
           Bond          Angle    Proper Dih. Per. Imp. Dih.          LJ-14
    4.84569e+02    1.48527e+03    1.75147e+03    8.30200e+01    6.36717e+02
     Coulomb-14        LJ (SR)  Disper. corr.   Coulomb (SR)   Coul. recip.
    1.05345e+04    5.33763e+04   -3.14738e+03   -4.19779e+05    2.41972e+03
 Position Rest.      Potential    Kinetic En.   Total Energy  Conserved En.
    2.89227e+02   -3.51865e+05    6.73222e+04   -2.84543e+05   -3.46162e+05
    Temperature Pres. DC (bar) Pressure (bar)   Constr. rmsd
    2.99517e+02   -1.89833e+02   -2.74348e+02    2.90741e-06


DD  step 40499 load imb.: force  2.7%
           Step           Time
          40500       81.00000

   Energies (kJ/mol)
           Bond          Angle    Proper Dih. Per. Imp. Dih.          LJ-14
    5.03513e+02    1.44755e+03    1.80447e+03    7.56821e+01    6.38916e+02
     Coulomb-14        LJ (SR)  Disper. corr.   Coulomb (SR)   Coul. recip.
    1.05677e+04    5.43577e+04   -3.14738e+03   -4.21193e+05    2.37210e+03
 Position Rest.      Potential    Kinetic En.   Total Energy  Conserved En.
    2.51052e+02   -3.52322e+05    6.75470e+04   -2.84775e+05   -3.46151e+05
    Temperature Pres. DC (bar) Pressure (bar)   Constr. rmsd
    3.00517e+02   -1.89833e+02   -1.88879e+02    2.59457e-06


DD  step 40999 load imb.: force  3.4%
           Step           Time
          41000       82.00000

   Energies (kJ/mol)
           Bond          Angle    Proper Dih. Per. Imp. Dih.          LJ-14
    5.86982e+02    1.42458e+03    1.74579e+03    7.70160e+01    5.75886e+02
     Coulomb-14        LJ (SR)  Disper. corr.   Coulomb (SR)   Coul. recip.
    1.05308e+04    5.31992e+04   -3.14738e+03   -4.20714e+05    2.38882e+03
 Position Rest.      Potential    Kinetic En.   Total Energy  Conserved En.
    3.15533e+02   -3.53017e+05    6.71371e+04   -2.85880e+05   -3.46139e+05
    Temperature Pres. DC (bar) Pressure (bar)   Constr. rmsd
    2.98694e+02   -1.89833e+02   -6.93250e+02    2.62294e-06


DD  step 41499 load imb.: force  7.1%
           Step           Time
          41500       83.00000

   Energies (kJ/mol)
           Bond          Angle    Proper Dih. Per. Imp. Dih.          LJ-14
    5.08267e+02    1.45613e+03    1.75206e+03    7.26010e+01    6.29678e+02
     Coulomb-14        LJ (SR)  Disper. corr.   Coulomb (SR)   Coul. recip.
    1.05073e+04    5.43460e+04   -3.14738e+03   -4.21443e+05    2.35959e+03
 Position Rest.      Potential    Kinetic En.   Total Energy  Conserved En.
    3.57520e+02   -3.52601e+05    6.71862e+04   -2.85415e+05   -3.46140e+05
    Temperature Pres. DC (bar) Pressure (bar)   Constr. rmsd
    2.98912e+02   -1.89833e+02   -3.68681e+01    3.19474e-06


DD  step 41999 load imb.: force  6.0%
           Step           Time
          42000       84.00000

   Energies (kJ/mol)
           Bond          Angle    Proper Dih. Per. Imp. Dih.          LJ-14
    5.27438e+02    1.42460e+03    1.77451e+03    6.76891e+01    6.38340e+02
     Coulomb-14        LJ (SR)  Disper. corr.   Coulomb (SR)   Coul. recip.
    1.05822e+04    5.29314e+04   -3.14738e+03   -4.20310e+05    2.38491e+03
 Position Rest.      Potential    Kinetic En.   Total Energy  Conserved En.
    2.96807e+02   -3.52829e+05    6.78493e+04   -2.84980e+05   -3.46132e+05
    Temperature Pres. DC (bar) Pressure (bar)   Constr. rmsd
    3.01862e+02   -1.89833e+02   -4.03588e+02    2.23633e-06


DD  step 42499 load imb.: force  4.3%
           Step           Time
          42500       85.00000

   Energies (kJ/mol)
           Bond          Angle    Proper Dih. Per. Imp. Dih.          LJ-14
    5.65235e+02    1.38397e+03    1.77536e+03    1.03689e+02    6.25238e+02
     Coulomb-14        LJ (SR)  Disper. corr.   Coulomb (SR)   Coul. recip.
    1.05182e+04    5.30722e+04   -3.14738e+03   -4.19760e+05    2.37133e+03
 Position Rest.      Potential    Kinetic En.   Total Energy  Conserved En.
    2.72521e+02   -3.52220e+05    6.79246e+04   -2.84295e+05   -3.46133e+05
    Temperature Pres. DC (bar) Pressure (bar)   Constr. rmsd
    3.02197e+02   -1.89833e+02   -2.96363e+02    2.89915e-06


DD  step 42999 load imb.: force  6.7%
           Step           Time
          43000       86.00000

   Energies (kJ/mol)
           Bond          Angle    Proper Dih. Per. Imp. Dih.          LJ-14
    4.75951e+02    1.53181e+03    1.68932e+03    7.21696e+01    6.21126e+02
     Coulomb-14        LJ (SR)  Disper. corr.   Coulomb (SR)   Coul. recip.
    1.05332e+04    5.34749e+04   -3.14738e+03   -4.20766e+05    2.47747e+03
 Position Rest.      Potential    Kinetic En.   Total Energy  Conserved En.
    2.62929e+02   -3.52774e+05    6.74316e+04   -2.85343e+05   -3.46126e+05
    Temperature Pres. DC (bar) Pressure (bar)   Constr. rmsd
    3.00004e+02   -1.89833e+02   -1.86632e+02    2.78601e-06


DD  step 43499 load imb.: force  2.6%
           Step           Time
          43500       87.00000

   Energies (kJ/mol)
           Bond          Angle    Proper Dih. Per. Imp. Dih.          LJ-14
    4.73421e+02    1.42968e+03    1.73910e+03    9.22830e+01    6.30316e+02
     Coulomb-14        LJ (SR)  Disper. corr.   Coulomb (SR)   Coul. recip.
    1.04982e+04    5.50344e+04   -3.14738e+03   -4.22070e+05    2.33231e+03
 Position Rest.      Potential    Kinetic En.   Total Energy  Conserved En.
    2.44896e+02   -3.52742e+05    6.68487e+04   -2.85894e+05   -3.46109e+05
    Temperature Pres. DC (bar) Pressure (bar)   Constr. rmsd
    2.97411e+02   -1.89833e+02   -1.05405e+02    2.74207e-06


DD  step 43999 load imb.: force 10.0%
           Step           Time
          44000       88.00000

   Energies (kJ/mol)
           Bond          Angle    Proper Dih. Per. Imp. Dih.          LJ-14
    4.98251e+02    1.51744e+03    1.71750e+03    7.26306e+01    6.38344e+02
     Coulomb-14        LJ (SR)  Disper. corr.   Coulomb (SR)   Coul. recip.
    1.05775e+04    5.33729e+04   -3.14738e+03   -4.21181e+05    2.39807e+03
 Position Rest.      Potential    Kinetic En.   Total Energy  Conserved En.
    3.28547e+02   -3.53207e+05    6.73818e+04   -2.85825e+05   -3.46093e+05
    Temperature Pres. DC (bar) Pressure (bar)   Constr. rmsd
    2.99783e+02   -1.89833e+02   -2.27445e+02    2.83930e-06


DD  step 44499 load imb.: force  7.0%
           Step           Time
          44500       89.00000

   Energies (kJ/mol)
           Bond          Angle    Proper Dih. Per. Imp. Dih.          LJ-14
    4.90586e+02    1.36084e+03    1.75403e+03    6.60751e+01    6.21365e+02
     Coulomb-14        LJ (SR)  Disper. corr.   Coulomb (SR)   Coul. recip.
    1.05753e+04    5.33521e+04   -3.14738e+03   -4.20792e+05    2.34834e+03
 Position Rest.      Potential    Kinetic En.   Total Energy  Conserved En.
    3.06865e+02   -3.53064e+05    6.73810e+04   -2.85683e+05   -3.46103e+05
    Temperature Pres. DC (bar) Pressure (bar)   Constr. rmsd
    2.99779e+02   -1.89833e+02   -5.58771e+02    3.06439e-06


DD  step 44999 load imb.: force  5.5%
           Step           Time
          45000       90.00000

   Energies (kJ/mol)
           Bond          Angle    Proper Dih. Per. Imp. Dih.          LJ-14
    4.64026e+02    1.45862e+03    1.78195e+03    7.14610e+01    6.28341e+02
     Coulomb-14        LJ (SR)  Disper. corr.   Coulomb (SR)   Coul. recip.
    1.05506e+04    5.48469e+04   -3.14738e+03   -4.23270e+05    2.42577e+03
 Position Rest.      Potential    Kinetic En.   Total Energy  Conserved En.
    2.83385e+02   -3.53906e+05    6.72870e+04   -2.86619e+05   -3.46083e+05
    Temperature Pres. DC (bar) Pressure (bar)   Constr. rmsd
    2.99361e+02   -1.89833e+02   -4.57448e+01    3.07276e-06


DD  step 45499 load imb.: force  6.3%
           Step           Time
          45500       91.00000

   Energies (kJ/mol)
           Bond          Angle    Proper Dih. Per. Imp. Dih.          LJ-14
    5.05864e+02    1.48237e+03    1.77108e+03    1.11487e+02    6.41680e+02
     Coulomb-14        LJ (SR)  Disper. corr.   Coulomb (SR)   Coul. recip.
    1.05823e+04    5.39823e+04   -3.14738e+03   -4.21255e+05    2.39126e+03
 Position Rest.      Potential    Kinetic En.   Total Energy  Conserved En.
    3.16878e+02   -3.52617e+05    6.71049e+04   -2.85512e+05   -3.46077e+05
    Temperature Pres. DC (bar) Pressure (bar)   Constr. rmsd
    2.98550e+02   -1.89833e+02   -1.32586e+02    2.30563e-06


DD  step 45999 load imb.: force  3.1%
           Step           Time
          46000       92.00000

   Energies (kJ/mol)
           Bond          Angle    Proper Dih. Per. Imp. Dih.          LJ-14
    4.99177e+02    1.53978e+03    1.69257e+03    8.30332e+01    6.38228e+02
     Coulomb-14        LJ (SR)  Disper. corr.   Coulomb (SR)   Coul. recip.
    1.05839e+04    5.36081e+04   -3.14738e+03   -4.20847e+05    2.47842e+03
 Position Rest.      Potential    Kinetic En.   Total Energy  Conserved En.
    3.56707e+02   -3.52514e+05    6.75668e+04   -2.84948e+05   -3.46070e+05
    Temperature Pres. DC (bar) Pressure (bar)   Constr. rmsd
    3.00605e+02   -1.89833e+02   -1.42286e+02    2.65150e-06


DD  step 46499 load imb.: force  3.1%
           Step           Time
          46500       93.00000

   Energies (kJ/mol)
           Bond          Angle    Proper Dih. Per. Imp. Dih.          LJ-14
    5.13728e+02    1.39873e+03    1.78782e+03    7.58004e+01    6.26639e+02
     Coulomb-14        LJ (SR)  Disper. corr.   Coulomb (SR)   Coul. recip.
    1.05640e+04    5.40957e+04   -3.14738e+03   -4.22222e+05    2.39343e+03
 Position Rest.      Potential    Kinetic En.   Total Energy  Conserved En.
    2.92683e+02   -3.53621e+05    6.83050e+04   -2.85316e+05   -3.46069e+05
    Temperature Pres. DC (bar) Pressure (bar)   Constr. rmsd
    3.03890e+02   -1.89833e+02   -6.01211e+01    3.03717e-06


DD  step 46999 load imb.: force 12.0%
           Step           Time
          47000       94.00000

   Energies (kJ/mol)
           Bond          Angle    Proper Dih. Per. Imp. Dih.          LJ-14
    4.59042e+02    1.34629e+03    1.71299e+03    8.17428e+01    6.39522e+02
     Coulomb-14        LJ (SR)  Disper. corr.   Coulomb (SR)   Coul. recip.
    1.05549e+04    5.27429e+04   -3.14738e+03   -4.20262e+05    2.45632e+03
 Position Rest.      Potential    Kinetic En.   Total Energy  Conserved En.
    2.75332e+02   -3.53140e+05    6.78863e+04   -2.85254e+05   -3.46070e+05
    Temperature Pres. DC (bar) Pressure (bar)   Constr. rmsd
    3.02027e+02   -1.89833e+02   -4.17578e+02    2.88920e-06


DD  step 47499 load imb.: force  1.9%
           Step           Time
          47500       95.00000

   Energies (kJ/mol)
           Bond          Angle    Proper Dih. Per. Imp. Dih.          LJ-14
    4.28185e+02    1.47593e+03    1.67625e+03    7.85031e+01    6.25491e+02
     Coulomb-14        LJ (SR)  Disper. corr.   Coulomb (SR)   Coul. recip.
    1.04776e+04    5.31160e+04   -3.14738e+03   -4.20242e+05    2.38896e+03
 Position Rest.      Potential    Kinetic En.   Total Energy  Conserved En.
    2.82618e+02   -3.52840e+05    6.77403e+04   -2.85100e+05   -3.46063e+05
    Temperature Pres. DC (bar) Pressure (bar)   Constr. rmsd
    3.01377e+02   -1.89833e+02   -3.43473e+02    2.65108e-06


DD  step 47999 load imb.: force  8.6%
           Step           Time
          48000       96.00000

   Energies (kJ/mol)
           Bond          Angle    Proper Dih. Per. Imp. Dih.          LJ-14
    4.52648e+02    1.51699e+03    1.68993e+03    6.30657e+01    6.29783e+02
     Coulomb-14        LJ (SR)  Disper. corr.   Coulomb (SR)   Coul. recip.
    1.05312e+04    5.42548e+04   -3.14738e+03   -4.21348e+05    2.47171e+03
 Position Rest.      Potential    Kinetic En.   Total Energy  Conserved En.
    2.77638e+02   -3.52607e+05    6.79838e+04   -2.84623e+05   -3.46055e+05
    Temperature Pres. DC (bar) Pressure (bar)   Constr. rmsd
    3.02461e+02   -1.89833e+02    4.44958e+01    2.80154e-06


DD  step 48499 load imb.: force  7.1%
           Step           Time
          48500       97.00000

   Energies (kJ/mol)
           Bond          Angle    Proper Dih. Per. Imp. Dih.          LJ-14
    4.44939e+02    1.38507e+03    1.77033e+03    7.38049e+01    6.33739e+02
     Coulomb-14        LJ (SR)  Disper. corr.   Coulomb (SR)   Coul. recip.
    1.05736e+04    5.39127e+04   -3.14738e+03   -4.21628e+05    2.44296e+03
 Position Rest.      Potential    Kinetic En.   Total Energy  Conserved En.
    2.89875e+02   -3.53249e+05    6.79579e+04   -2.85291e+05   -3.46053e+05
    Temperature Pres. DC (bar) Pressure (bar)   Constr. rmsd
    3.02345e+02   -1.89833e+02   -1.73008e+02    2.98233e-06


DD  step 48999 load imb.: force  4.2%
           Step           Time
          49000       98.00000

   Energies (kJ/mol)
           Bond          Angle    Proper Dih. Per. Imp. Dih.          LJ-14
    5.00874e+02    1.41849e+03    1.71958e+03    7.96102e+01    6.10921e+02
     Coulomb-14        LJ (SR)  Disper. corr.   Coulomb (SR)   Coul. recip.
    1.05063e+04    5.35117e+04   -3.14738e+03   -4.21461e+05    2.37341e+03
 Position Rest.      Potential    Kinetic En.   Total Energy  Conserved En.
    2.92667e+02   -3.53595e+05    6.71023e+04   -2.86493e+05   -3.46033e+05
    Temperature Pres. DC (bar) Pressure (bar)   Constr. rmsd
    2.98539e+02   -1.89833e+02   -5.01804e+02    2.43428e-06


DD  step 49499 load imb.: force  4.1%
           Step           Time
          49500       99.00000

   Energies (kJ/mol)
           Bond          Angle    Proper Dih. Per. Imp. Dih.          LJ-14
    5.22708e+02    1.52960e+03    1.70107e+03    7.82376e+01    6.34693e+02
     Coulomb-14        LJ (SR)  Disper. corr.   Coulomb (SR)   Coul. recip.
    1.05996e+04    5.29178e+04   -3.14738e+03   -4.19610e+05    2.45038e+03
 Position Rest.      Potential    Kinetic En.   Total Energy  Conserved En.
    2.93989e+02   -3.52029e+05    6.78933e+04   -2.84136e+05   -3.46021e+05
    Temperature Pres. DC (bar) Pressure (bar)   Constr. rmsd
    3.02058e+02   -1.89833e+02   -3.52040e+02    2.22017e-06


DD  step 49999 load imb.: force  3.3%
           Step           Time
          50000      100.00000

Writing checkpoint, step 50000 at Wed Jul 23 17:25:00 2025


   Energies (kJ/mol)
           Bond          Angle    Proper Dih. Per. Imp. Dih.          LJ-14
    4.94770e+02    1.38271e+03    1.72595e+03    6.00449e+01    6.43546e+02
     Coulomb-14        LJ (SR)  Disper. corr.   Coulomb (SR)   Coul. recip.
    1.05449e+04    5.32507e+04   -3.14738e+03   -4.20400e+05    2.45368e+03
 Position Rest.      Potential    Kinetic En.   Total Energy  Conserved En.
    3.11655e+02   -3.52679e+05    6.74925e+04   -2.85186e+05   -3.46029e+05
    Temperature Pres. DC (bar) Pressure (bar)   Constr. rmsd
    3.00275e+02   -1.89833e+02   -1.52745e+02    2.50439e-06


Energy conservation over simulation part #1 of length 100 ps, time 0 to 100 ps
  Conserved energy drift: 4.31e-04 kJ/mol/ps per atom


	<======  ###############  ==>
	<====  A V E R A G E S  ====>
	<==  ###############  ======>

	Statistics over 50001 steps using 501 frames

   Energies (kJ/mol)
           Bond          Angle    Proper Dih. Per. Imp. Dih.          LJ-14
    4.96798e+02    1.46234e+03    1.73362e+03    7.70694e+01    6.25094e+02
     Coulomb-14        LJ (SR)  Disper. corr.   Coulomb (SR)   Coul. recip.
    1.05320e+04    5.37444e+04   -3.14738e+03   -4.20997e+05    2.39982e+03
 Position Rest.      Potential    Kinetic En.   Total Energy  Conserved En.
    2.93954e+02   -3.52779e+05    6.73497e+04   -2.85430e+05   -3.46353e+05
    Temperature Pres. DC (bar) Pressure (bar)   Constr. rmsd
    2.99640e+02   -1.89833e+02   -2.58853e+02    0.00000e+00

   Total Virial (kJ/mol)
    2.45819e+04   -3.36622e+01    3.68974e+00
   -3.38035e+01    2.45397e+04   -4.30357e+01
    3.72726e+00   -4.31141e+01    2.46736e+04

   Pressure (bar)
   -2.56632e+02    5.07214e+00   -4.67058e-01
    5.08916e+00   -2.48818e+02    2.95886e+00
   -4.71578e-01    2.96830e+00   -2.71110e+02

      T-Protein  T-non-Protein
    2.98871e+02    2.99663e+02


	M E G A - F L O P S   A C C O U N T I N G

 NB=Group-cutoff nonbonded kernels    NxN=N-by-N cluster Verlet kernels
 RF=Reaction-Field  VdW=Van der Waals  QSTab=quadratic-spline table
 W3=SPC/TIP3p  W4=TIP4p (single or pairs)
 V&F=Potential and force  V=Potential only  F=Force only

 Computing:                               M-Number         M-Flops  % Flops
-----------------------------------------------------------------------------
 Pair Search distance check           10138.090334       91242.813     0.2
 NxN Ewald Elec. + LJ [F]            333773.105376    22029024.955    49.9
 NxN Ewald Elec. + LJ [V&F]            3378.179264      361465.181     0.8
 NxN Ewald Elec. [F]                 315151.575840    19224246.126    43.6
 NxN Ewald Elec. [V&F]                 3189.511600      267918.974     0.6
 1,4 nonbonded interactions              81.001620        7290.146     0.0
 Calc Weights                          4031.180622      145122.502     0.3
 Spread Q Bspline                     85998.519936      171997.040     0.4
 Gather F Bspline                     85998.519936      515991.120     1.2
 3D-FFT                              119854.197036      958833.576     2.2
 Solve PME                             1940.438808      124188.084     0.3
 Reset In Box                            26.820252          80.461     0.0
 CG-CoM                                  26.927748          80.783     0.0
 Bonds                                   16.250325         958.769     0.0
 Angles                                  56.901138        9559.391     0.0
 Propers                                 85.651713       19614.242     0.0
 Impropers                                6.650133        1383.228     0.0
 Pos. Restr.                             15.950319         797.516     0.0
 Virial                                  13.689324         246.408     0.0
 Stop-CM                                134.423748        1344.237     0.0
 Calc-Ekin                              268.793748        7257.431     0.0
 Lincs                                   15.400924         924.055     0.0
 Lincs-Mat                               83.405004         333.620     0.0
 Constraint-V                          1343.053720       12087.483     0.0
 Constraint-Vir                          13.302552         319.261     0.0
 Settle                                 437.426244      161847.710     0.4
-----------------------------------------------------------------------------
 Total                                                44114155.115   100.0
-----------------------------------------------------------------------------


    D O M A I N   D E C O M P O S I T I O N   S T A T I S T I C S

 av. #atoms communicated per step for force:  2 x 42425.4


Dynamic load balancing report:
 DLB got disabled because it was unsuitable to use.
 Average load imbalance: 5.9%.
 The balanceable part of the MD step is 61%, load imbalance is computed from this.
 Part of the total run time spent waiting due to load imbalance: 3.6%.


      R E A L   C Y C L E   A N D   T I M E   A C C O U N T I N G

On 10 MPI ranks

 Activity:              Num   Num      Call    Wall time         Giga-Cycles
                        Ranks Threads  Count      (s)         total sum    %
--------------------------------------------------------------------------------
 Domain decomp.           10    1       1001       1.612          0.387   0.3
 DD comm. load            10    1        501       0.038          0.009   0.0
 DD comm. bounds          10    1         39       0.007          0.002   0.0
 Neighbor search          10    1       1001       4.363          1.047   0.8
 Comm. coord.             10    1      49000       6.076          1.458   1.1
 Force                    10    1      50001     332.219         79.733  61.0
 Wait + Comm. F           10    1      50001       3.947          0.947   0.7
 PME mesh                 10    1      50001     189.140         45.394  34.7
 NB X/F buffer ops.       10    1     149002       1.986          0.477   0.4
 Write traj.              10    1         11       0.008          0.002   0.0
 Update                   10    1      50001       1.081          0.259   0.2
 Constraints              10    1      50003       2.522          0.605   0.5
 Kinetic energy           10    1      10001       0.263          0.063   0.0
 Comm. energies           10    1       5001       1.296          0.311   0.2
 Rest                                              0.334          0.080   0.1
--------------------------------------------------------------------------------
 Total                                           544.891        130.774 100.0
--------------------------------------------------------------------------------
 Breakdown of PME mesh activities
--------------------------------------------------------------------------------
 PME redist. X/F          10    1     100002     138.815         33.316  25.5
 PME spread               10    1      50001      19.999          4.800   3.7
 PME gather               10    1      50001       8.022          1.925   1.5
 PME 3D-FFT               10    1     100002       5.786          1.389   1.1
 PME 3D-FFT Comm.         10    1     200004      15.431          3.703   2.8
 PME solve Elec           10    1      50001       1.038          0.249   0.2
--------------------------------------------------------------------------------

               Core t (s)   Wall t (s)        (%)
       Time:     5448.890      544.891     1000.0
                 (ns/day)    (hour/ns)
Performance:       15.857        1.514
Finished mdrun on rank 0 Wed Jul 23 17:25:00 2025

