                  :-) GROMACS - gmx mdrun, 2025.1-Homebrew (-:

Copyright 1991-2025 The GROMACS Authors.
GROMACS is free software; you can redistribute it and/or modify it
under the terms of the GNU Lesser General Public License
as published by the Free Software Foundation; either version 2.1
of the License, or (at your option) any later version.

                         Current GROMACS contributors:
       Mark Abraham           Andrey Alekseenko           Brian Andrews       
      Vladimir Basov              Paul Bauer                Hugh Bird         
      Eliane Briand               Ania Brown              Mahesh Doijade      
      Giacomo Fiorin          Stefan Fleischmann          Sergey Gorelov      
   Gilles Gouaillardet            Alan Gray              M. Eric Irrgang      
   Farzaneh Jalalypour         Petter Johansson          Carsten Kutzner      
    Grzegorz Łazarski         Justin A. Lemkul          Magnus Lundborg      
       Pascal Merz             Vedran Miletić            Dmitry Morozov      
     Lukas Müllender            Julien Nabet             Szilárd Páll      
 Andrea Pasquadibisceglie     Michele Pellegrino         Nicola Piasentin     
     Daniele Rapetti         Muhammad Umair Sadiq         Hubert Santuz       
      Roland Schulz             Michael Shirts           Tatiana Shugaeva     
     Alexey Shvetsov            Philip Turner            Alessandra Villa     
 Sebastian Wingbermühle  

                         Previous GROMACS contributors:
        Emile Apol             Rossen Apostolov           James Barnett       
  Herman J.C. Berendsen         Cathrine Bergh             Par Bjelkmar       
      Christian Blau          Viacheslav Bolnykh            Kevin Boyd        
    Aldert van Buuren          Carlo Camilloni           Rudi van Drunen      
      Anton Feenstra           Oliver Fleetwood            Vytas Gapsys       
       Gaurav Garg             Gerrit Groenhof            Bert de Groot       
      Anca Hamuraru           Vincent Hindriksen          Victor Holanda      
     Aleksei Iupinov              Joe Jordan            Christoph Junghans    
    Prashanth Kanduri        Dimitrios Karkoulis           Peter Kasson       
      Sebastian Kehl           Sebastian Keller             Jiri Kraus        
       Per Larsson              Viveca Lindahl            Erik Marklund       
    Pieter Meulenhoff           Teemu Murtola              Sander Pronk       
      Alfons Sijbers            Balint Soproni         David van der Spoel    
      Peter Tieleman            Carsten Uphoff             Jon Vincent        
     Teemu Virolainen         Christian Wennberg           Maarten Wolf       
      Artem Zhmurov       

                  Coordinated by the GROMACS project leaders:
                           Berk Hess and Erik Lindahl

GROMACS:      gmx mdrun, version 2025.1-Homebrew
Executable:   /opt/homebrew/bin/../Cellar/gromacs/2025.1/bin/gmx
Data prefix:  /opt/homebrew/bin/../Cellar/gromacs/2025.1
Working dir:  /Users/kushalpatil/Downloads/03_md
Process ID:   22740
Command line:
  gmx mdrun -s nvt_nya3.tpr -deffnm nvt_p3 -v

GROMACS version:     2025.1-Homebrew
Precision:           mixed
Memory model:        64 bit
MPI library:         thread_mpi
OpenMP support:      enabled (GMX_OPENMP_MAX_THREADS = 128)
GPU support:         disabled
SIMD instructions:   ARM_NEON_ASIMD
CPU FFT library:     fftw-3.3.10
GPU FFT library:     none
Multi-GPU FFT:       none
TNG support:         enabled
Hwloc support:       disabled
Tracing support:     disabled
C compiler:          /opt/homebrew/opt/gcc/bin/gcc-14
C compiler flags:    -fexcess-precision=fast -funroll-all-loops -Wno-missing-field-initializers -O3 -DNDEBUG
C++ compiler:        /opt/homebrew/opt/gcc/bin/g++-14
C++ compiler flags:  -fexcess-precision=fast -funroll-all-loops -Wno-missing-field-initializers -Weverything -Wno-c++98-compat -Wno-c++98-compat-pedantic -Wno-return-std-move-in-c++11 -Wno-source-uses-openmp -Wno-c++17-extensions -Wno-documentation-unknown-command -Wno-covered-switch-default -Wno-switch-enum -Wno-switch-default -Wno-extra-semi-stmt -Wno-weak-vtables -Wno-shadow -Wno-padded -Wno-reserved-id-macro -Wno-double-promotion -Wno-exit-time-destructors -Wno-global-constructors -Wno-documentation -Wno-format-nonliteral -Wno-used-but-marked-unused -Wno-float-equal -Wno-conditional-uninitialized -Wno-conversion -Wno-disabled-macro-expansion -Wno-unused-macros -Wno-unsafe-buffer-usage -Wno-cast-function-type-strict SHELL:-fopenmp -O3 -DNDEBUG
BLAS library:        External - detected on the system
LAPACK library:      External - detected on the system


Running on 1 node with total 0 processing units
Hardware detected on host Mac:
  CPU info:
    Vendor: ARM
    Brand:  Unknown CPU brand
    Family: 0   Model: 0   Stepping: 0
    Features: neon neon_asimd
  Hardware topology: Only logical processor count
    CPU limit set by OS: -1   Recommended max number of threads: 10


++++ PLEASE READ AND CITE THE FOLLOWING REFERENCE ++++
M. J. Abraham, T. Murtola, R. Schulz, S. Páll, J. C. Smith, B. Hess, E.
Lindahl
GROMACS: High performance molecular simulations through multi-level
parallelism from laptops to supercomputers
SoftwareX (2015)
DOI: 10.1016/j.softx.2015.06.001
-------- -------- --- Thank You --- -------- --------


++++ PLEASE READ AND CITE THE FOLLOWING REFERENCE ++++
S. Páll, M. J. Abraham, C. Kutzner, B. Hess, E. Lindahl
Tackling Exascale Software Challenges in Molecular Dynamics Simulations with
GROMACS
In S. Markidis & E. Laure (Eds.), Solving Software Challenges for Exascale (2015)
DOI: 10.1007/978-3-319-15976-8_1
-------- -------- --- Thank You --- -------- --------


++++ PLEASE READ AND CITE THE FOLLOWING REFERENCE ++++
S. Pronk, S. Páll, R. Schulz, P. Larsson, P. Bjelkmar, R. Apostolov, M. R.
Shirts, J. C. Smith, P. M. Kasson, D. van der Spoel, B. Hess, E. Lindahl
GROMACS 4.5: a high-throughput and highly parallel open source molecular
simulation toolkit
Bioinformatics (2013)
DOI: 10.1093/bioinformatics/btt055
-------- -------- --- Thank You --- -------- --------


++++ PLEASE READ AND CITE THE FOLLOWING REFERENCE ++++
B. Hess, C. Kutzner, D. van der Spoel, E. Lindahl
GROMACS 4: Algorithms for highly efficient, load-balanced, and scalable
molecular simulation
J. Chem. Theory Comput. (2008)
DOI: 10.1021/ct700301q
-------- -------- --- Thank You --- -------- --------


++++ PLEASE READ AND CITE THE FOLLOWING REFERENCE ++++
D. van der Spoel, E. Lindahl, B. Hess, G. Groenhof, A. E. Mark, H. J. C.
Berendsen
GROMACS: Fast, Flexible and Free
J. Comp. Chem. (2005)
DOI: 10.1002/jcc.20291
-------- -------- --- Thank You --- -------- --------


++++ PLEASE READ AND CITE THE FOLLOWING REFERENCE ++++
E. Lindahl, B. Hess, D. van der Spoel
GROMACS 3.0: A package for molecular simulation and trajectory analysis
J. Mol. Mod. (2001)
DOI: 10.1007/s008940100045
-------- -------- --- Thank You --- -------- --------


++++ PLEASE READ AND CITE THE FOLLOWING REFERENCE ++++
H. J. C. Berendsen, D. van der Spoel and R. van Drunen
GROMACS: A message-passing parallel molecular dynamics implementation
Comp. Phys. Comm. (1995)
DOI: 10.1016/0010-4655(95)00042-E
-------- -------- --- Thank You --- -------- --------

Input Parameters:
   integrator                     = md
   tinit                          = 0
   dt                             = 0.0005
   nsteps                         = 2000000
   init-step                      = 0
   simulation-part                = 1
   mts                            = false
   mass-repartition-factor        = 1
   comm-mode                      = Linear
   nstcomm                        = 100
   bd-fric                        = 0
   ld-seed                        = 1533538175
   emtol                          = 10
   emstep                         = 0.01
   niter                          = 20
   fcstep                         = 0
   nstcgsteep                     = 1000
   nbfgscorr                      = 10
   rtpi                           = 0.05
   nstxout                        = 50000
   nstvout                        = 50000
   nstfout                        = 0
   nstlog                         = 50000
   nstcalcenergy                  = 100
   nstenergy                      = 50000
   nstxout-compressed             = 50000
   compressed-x-precision         = 1000
   cutoff-scheme                  = Verlet
   nstlist                        = 10
   pbc                            = xyz
   periodic-molecules             = false
   verlet-buffer-tolerance        = 0.005
   verlet-buffer-pressure-tolerance = 0.5
   rlist                          = 1
   coulombtype                    = PME
   coulomb-modifier               = Potential-shift
   rcoulomb-switch                = 0
   rcoulomb                       = 1
   epsilon-r                      = 1
   epsilon-rf                     = inf
   vdw-type                       = Cut-off
   vdw-modifier                   = Potential-shift
   rvdw-switch                    = 0
   rvdw                           = 1
   DispCorr                       = No
   table-extension                = 1
   fourierspacing                 = 0.12
   fourier-nx                     = 56
   fourier-ny                     = 56
   fourier-nz                     = 56
   pme-order                      = 4
   ewald-rtol                     = 1e-05
   ewald-rtol-lj                  = 0.001
   lj-pme-comb-rule               = Geometric
   ewald-geometry                 = 3d
   epsilon-surface                = 0
   ensemble-temperature-setting   = constant
   ensemble-temperature           = 300
   tcoupl                         = V-rescale
   nsttcouple                     = 100
   nh-chain-length                = 0
   print-nose-hoover-chain-variables = false
   pcoupl                         = No
   refcoord-scaling               = No
   posres-com: not available
   posres-comB: not available
   QMMM                           = false
qm-opts:
   ngQM                           = 0
   constraint-algorithm           = Lincs
   continuation                   = true
   Shake-SOR                      = false
   shake-tol                      = 0.0001
   lincs-order                    = 4
   lincs-iter                     = 1
   lincs-warnangle                = 30
   nwall                          = 0
   wall-type                      = 9-3
   wall-r-linpot                  = -1
   wall-atomtype[0]               = -1
   wall-atomtype[1]               = -1
   wall-density[0]                = 0
   wall-density[1]                = 0
   wall-ewald-zfac                = 3
   pull                           = false
   awh                            = false
   rotation                       = false
   interactiveMD                  = false
   disre                          = No
   disre-weighting                = Conservative
   disre-mixed                    = false
   dr-fc                          = 1000
   dr-tau                         = 0
   nstdisreout                    = 100
   orire-fc                       = 0
   orire-tau                      = 0
   nstorireout                    = 100
   free-energy                    = no
   cos-acceleration               = 0
   deform (3x3):
      deform[    0]={ 0.00000e+00,  0.00000e+00,  0.00000e+00}
      deform[    1]={ 0.00000e+00,  0.00000e+00,  0.00000e+00}
      deform[    2]={ 0.00000e+00,  0.00000e+00,  0.00000e+00}
   simulated-tempering            = false
   swapcoords                     = no
   userint1                       = 0
   userint2                       = 0
   userint3                       = 0
   userint4                       = 0
   userreal1                      = 0
   userreal2                      = 0
   userreal3                      = 0
   userreal4                      = 0
   applied-forces:
     electric-field:
       x:
         E0                       = 0
         omega                    = 0
         t0                       = 0
         sigma                    = 0
       y:
         E0                       = 0
         omega                    = 0
         t0                       = 0
         sigma                    = 0
       z:
         E0                       = 0
         omega                    = 0
         t0                       = 0
         sigma                    = 0
     density-guided-simulation:
       active                     = false
       group                      = protein
       similarity-measure         = inner-product
       atom-spreading-weight      = unity
       force-constant             = 1e+09
       gaussian-transform-spreading-width = 0.2
       gaussian-transform-spreading-range-in-multiples-of-width = 4
       reference-density-filename = reference.mrc
       nst                        = 1
       normalize-densities        = true
       adaptive-force-scaling     = false
       adaptive-force-scaling-time-constant = 4
       shift-vector               = 
       transformation-matrix      = 
     qmmm-cp2k:
       active                     = false
       qmgroup                    = System
       qmmethod                   = PBE
       qmfilenames                = 
       qmcharge                   = 0
       qmmultiplicity             = 1
     colvars:
       active                     = false
       configfile                 = 
       seed                       = -1
     nnpot:
       active                     = false
       modelfile                  = model.pt
       input-group                = System
       model-input1               = 
       model-input2               = 
       model-input3               = 
       model-input4               = 
grpopts:
   nrdf:       53742
   ref-t:         300
   tau-t:         0.5
annealing:          No
annealing-npoints:           0
   acc:	           0           0           0
   nfreeze:           N           N           N
   energygrp-flags[  0]: 0

Changing nstlist from 10 to 100, rlist from 1 to 1.05

Update groups can not be used for this system because there are three or more consecutively coupled constraints

Initializing Domain Decomposition on 10 ranks
Dynamic load balancing: auto
Minimum cell size due to atom displacement: 0.326 nm
Initial maximum distances in bonded interactions:
    two-body bonded interactions: 0.420 nm, LJ-14, atoms 521 529
  multi-body bonded interactions: 0.420 nm, Proper Dih., atoms 521 529
Minimum cell size due to bonded interactions: 0.462 nm
Maximum distance for 5 constraints, at 120 deg. angles, all-trans: 0.819 nm
Estimated maximum distance required for P-LINCS: 0.819 nm
This distance will limit the DD cell size, you can override this with -rcon
Scaling the initial minimum size with 1/0.8 (option -dds) = 1.25
Using 0 separate PME ranks because: there are too few total ranks for efficient splitting
Optimizing the DD grid for 10 cells with a minimum initial size of 1.024 nm
The maximum allowed number of cells is: X 6 Y 6 Z 6
Domain decomposition grid 5 x 2 x 1, separate PME ranks 0
PME domain decomposition: 5 x 2 x 1
Domain decomposition rank 0, coordinates 0 0 0

The initial number of communication pulses is: X 1 Y 1
The initial domain decomposition cell size is: X 1.30 nm Y 3.25 nm

The maximum allowed distance for atoms involved in interactions is:
                 non-bonded interactions           1.050 nm
            two-body bonded interactions  (-rdd)   1.050 nm
          multi-body bonded interactions  (-rdd)   1.050 nm
  atoms separated by up to 5 constraints  (-rcon)  1.302 nm

When dynamic load balancing gets turned on, these settings will change to:
The maximum number of communication pulses is: X 2 Y 1
The minimum size for domain decomposition cells is 0.882 nm
The requested allowed shrink of DD cells (option -dds) is: 0.80
The allowed shrink of domain decomposition cells is: X 0.68 Y 0.32
The maximum allowed distance for atoms involved in interactions is:
                 non-bonded interactions           1.050 nm
            two-body bonded interactions  (-rdd)   1.050 nm
          multi-body bonded interactions  (-rdd)   0.882 nm
  atoms separated by up to 5 constraints  (-rcon)  0.882 nm

Local state does not use filler particles

Using 10 MPI threads
Using 1 OpenMP thread per tMPI thread

System total charge: 0.000
Will do PME sum in reciprocal space for electrostatic interactions.

++++ PLEASE READ AND CITE THE FOLLOWING REFERENCE ++++
U. Essmann, L. Perera, M. L. Berkowitz, T. Darden, H. Lee, L. G. Pedersen 
A smooth particle mesh Ewald method
J. Chem. Phys. (1995)
DOI: 10.1063/1.470117
-------- -------- --- Thank You --- -------- --------

Using a Gaussian width (1/beta) of 0.320163 nm for Ewald
Potential shift: LJ r^-12: -1.000e+00 r^-6: -1.000e+00, Ewald -1.000e-05
Initialized non-bonded Coulomb Ewald tables, spacing: 9.33e-04 size: 1073

Generated table with 1025 data points for 1-4 COUL.
Tabscale = 500 points/nm
Generated table with 1025 data points for 1-4 LJ6.
Tabscale = 500 points/nm
Generated table with 1025 data points for 1-4 LJ12.
Tabscale = 500 points/nm


Using SIMD4xM 4x4 nonbonded short-range kernels

Using a dual 4x4 pair-list setup updated with dynamic pruning:
  outer list: updated every 100 steps, buffer 0.050 nm, rlist 1.050 nm
  inner list: updated every  34 steps, buffer 0.000 nm, rlist 1.000 nm
At tolerance 0.005 kJ/mol/ps per atom, equivalent classical 1x1 list would be:
  outer list: updated every 100 steps, buffer 0.135 nm, rlist 1.135 nm
  inner list: updated every  34 steps, buffer 0.032 nm, rlist 1.032 nm

The average pressure is off by at most 0.34 bar due to missing LJ interactions

Using Lorentz-Berthelot Lennard-Jones combination rule

Linking all bonded interactions to atoms


Initializing Parallel LINear Constraint Solver

++++ PLEASE READ AND CITE THE FOLLOWING REFERENCE ++++
B. Hess
P-LINCS: A Parallel Linear Constraint Solver for molecular simulation
J. Chem. Theory Comput. (2008)
DOI: 10.1021/ct700200b
-------- -------- --- Thank You --- -------- --------

The number of constraints is 633
There are constraints between atoms in different decomposition domains,
will communicate selected coordinates each lincs iteration

++++ PLEASE READ AND CITE THE FOLLOWING REFERENCE ++++
S. Miyamoto, P. A. Kollman
SETTLE: An Analytical Version of the SHAKE and RATTLE Algorithms for Rigid
Water Models
J. Comp. Chem. (1992)
DOI: 10.1002/jcc.540130805
-------- -------- --- Thank You --- -------- --------


Intra-simulation communication will occur every 100 steps.

++++ PLEASE READ AND CITE THE FOLLOWING REFERENCE ++++
G. Bussi, D. Donadio, M. Parrinello
Canonical sampling through velocity rescaling
J. Chem. Phys. (2007)
DOI: 10.1063/1.2408420
-------- -------- --- Thank You --- -------- --------

There are: 26874 Atoms
Atom distribution over 10 domains: av 2687 stddev 81 min 2564 max 2761
Center of mass motion removal mode is Linear
We have the following groups for center of mass motion removal:
  0:  rest

Started mdrun on rank 0 Thu Aug  7 13:30:13 2025

           Step           Time
              0        0.00000

   Energies (kJ/mol)
          Angle    Proper Dih. Per. Imp. Dih.          LJ-14     Coulomb-14
    5.63838e+02    1.58377e+03    2.05020e+01    5.46667e+02    1.05419e+04
        LJ (SR)   Coulomb (SR)   Coul. recip.      Potential    Kinetic En.
    7.37428e+04   -5.24219e+05    1.25056e+03   -4.35969e+05    1.52662e+04
   Total Energy  Conserved En.    Temperature Pressure (bar)   Constr. rmsd
   -4.20703e+05   -4.20703e+05    6.83305e+01   -8.48827e+04    2.58332e-04


DD  step 99 load imb.: force  6.1%

step 300 Turning on dynamic load balancing, because the performance loss due to load imbalance is 3.9 %.
step 4000 Turning off dynamic load balancing, because it is degrading performance.
Atom distribution over 10 domains: av 2687 stddev 93 min 2580 max 2804
step 20000 Turning on dynamic load balancing, because the performance loss due to load imbalance is 2.6 %.
step 26000 Turning off dynamic load balancing, because it is degrading performance.
Atom distribution over 10 domains: av 2687 stddev 56 min 2629 max 2726
step 30000 Will no longer try dynamic load balancing, as it degraded performance.

DD  step 49999 load imb.: force  5.9%
           Step           Time
          50000       25.00000

   Energies (kJ/mol)
          Angle    Proper Dih. Per. Imp. Dih.          LJ-14     Coulomb-14
    1.62541e+03    1.69671e+03    8.45330e+01    7.00283e+02    1.08215e+04
        LJ (SR)   Coulomb (SR)   Coul. recip.      Potential    Kinetic En.
    5.40962e+04   -4.21949e+05    2.39903e+03   -3.50526e+05    6.71175e+04
   Total Energy  Conserved En.    Temperature Pressure (bar)   Constr. rmsd
   -2.83408e+05   -4.38815e+05    3.00412e+02    2.29153e+01    2.51054e-06

Writing checkpoint, step 87000 at Thu Aug  7 13:45:15 2025



DD  step 99999 load imb.: force  5.9%
           Step           Time
         100000       50.00000

   Energies (kJ/mol)
          Angle    Proper Dih. Per. Imp. Dih.          LJ-14     Coulomb-14
    1.52477e+03    1.63757e+03    7.28130e+01    7.06674e+02    1.07909e+04
        LJ (SR)   Coulomb (SR)   Coul. recip.      Potential    Kinetic En.
    5.25411e+04   -4.19456e+05    2.42105e+03   -3.49761e+05    6.63367e+04
   Total Energy  Conserved En.    Temperature Pressure (bar)   Constr. rmsd
   -2.83424e+05   -4.38624e+05    2.96918e+02   -1.69668e+02    2.37741e-06


DD  step 149999 load imb.: force  2.8%
           Step           Time
         150000       75.00000

   Energies (kJ/mol)
          Angle    Proper Dih. Per. Imp. Dih.          LJ-14     Coulomb-14
    1.52926e+03    1.66455e+03    7.45051e+01    6.92496e+02    1.08867e+04
        LJ (SR)   Coulomb (SR)   Coul. recip.      Potential    Kinetic En.
    5.44845e+04   -4.22866e+05    2.31594e+03   -3.51218e+05    6.73836e+04
   Total Energy  Conserved En.    Temperature Pressure (bar)   Constr. rmsd
   -2.83834e+05   -4.38436e+05    3.01603e+02    2.00188e+01    2.47559e-06

Writing checkpoint, step 160600 at Thu Aug  7 14:00:14 2025



DD  step 199999 load imb.: force  7.1%
           Step           Time
         200000      100.00000

   Energies (kJ/mol)
          Angle    Proper Dih. Per. Imp. Dih.          LJ-14     Coulomb-14
    1.56168e+03    1.65735e+03    8.10245e+01    6.83248e+02    1.08746e+04
        LJ (SR)   Coulomb (SR)   Coul. recip.      Potential    Kinetic En.
    5.34050e+04   -4.21119e+05    2.37903e+03   -3.50477e+05    6.66701e+04
   Total Energy  Conserved En.    Temperature Pressure (bar)   Constr. rmsd
   -2.83807e+05   -4.38255e+05    2.98410e+02   -9.97817e+01    2.39007e-06

Writing checkpoint, step 238700 at Thu Aug  7 14:15:14 2025



DD  step 249999 load imb.: force  5.8%
           Step           Time
         250000      125.00000

   Energies (kJ/mol)
          Angle    Proper Dih. Per. Imp. Dih.          LJ-14     Coulomb-14
    1.39753e+03    1.60839e+03    7.98926e+01    7.21277e+02    1.08695e+04
        LJ (SR)   Coulomb (SR)   Coul. recip.      Potential    Kinetic En.
    5.37254e+04   -4.20718e+05    2.35685e+03   -3.49959e+05    6.74889e+04
   Total Energy  Conserved En.    Temperature Pressure (bar)   Constr. rmsd
   -2.82470e+05   -4.38063e+05    3.02075e+02    4.18571e+01    2.30641e-06


DD  step 299999 load imb.: force  6.2%
           Step           Time
         300000      150.00000

   Energies (kJ/mol)
          Angle    Proper Dih. Per. Imp. Dih.          LJ-14     Coulomb-14
    1.41953e+03    1.65526e+03    8.28216e+01    6.84795e+02    1.09119e+04
        LJ (SR)   Coulomb (SR)   Coul. recip.      Potential    Kinetic En.
    5.28846e+04   -4.20864e+05    2.31170e+03   -3.50913e+05    6.65440e+04
   Total Energy  Conserved En.    Temperature Pressure (bar)   Constr. rmsd
   -2.84370e+05   -4.37876e+05    2.97845e+02   -2.29030e+02    2.38820e-06

Writing checkpoint, step 314900 at Thu Aug  7 14:30:14 2025



DD  step 349999 load imb.: force  3.9%
           Step           Time
         350000      175.00000

   Energies (kJ/mol)
          Angle    Proper Dih. Per. Imp. Dih.          LJ-14     Coulomb-14
    1.44626e+03    1.62732e+03    8.12719e+01    6.95010e+02    1.08166e+04
        LJ (SR)   Coulomb (SR)   Coul. recip.      Potential    Kinetic En.
    5.34892e+04   -4.21313e+05    2.33372e+03   -3.50823e+05    6.74012e+04
   Total Energy  Conserved En.    Temperature Pressure (bar)   Constr. rmsd
   -2.83422e+05   -4.37691e+05    3.01682e+02   -8.02816e+01    2.42374e-06

Writing checkpoint, step 382800 at Thu Aug  7 14:45:14 2025



DD  step 399999 load imb.: force  6.4%
           Step           Time
         400000      200.00000

   Energies (kJ/mol)
          Angle    Proper Dih. Per. Imp. Dih.          LJ-14     Coulomb-14
    1.41163e+03    1.63850e+03    8.44442e+01    7.27307e+02    1.08445e+04
        LJ (SR)   Coulomb (SR)   Coul. recip.      Potential    Kinetic En.
    5.42807e+04   -4.21856e+05    2.44594e+03   -3.50423e+05    6.72336e+04
   Total Energy  Conserved En.    Temperature Pressure (bar)   Constr. rmsd
   -2.83189e+05   -4.37495e+05    3.00932e+02    1.66835e+02    2.19605e-06

Writing checkpoint, step 444800 at Thu Aug  7 15:00:15 2025



DD  step 449999 load imb.: force  3.8%
           Step           Time
         450000      225.00000

   Energies (kJ/mol)
          Angle    Proper Dih. Per. Imp. Dih.          LJ-14     Coulomb-14
    1.46541e+03    1.61396e+03    9.01968e+01    7.23810e+02    1.08522e+04
        LJ (SR)   Coulomb (SR)   Coul. recip.      Potential    Kinetic En.
    5.23769e+04   -4.18844e+05    2.46960e+03   -3.49251e+05    6.69836e+04
   Total Energy  Conserved En.    Temperature Pressure (bar)   Constr. rmsd
   -2.82268e+05   -4.37307e+05    2.99813e+02   -2.92248e+02    2.60030e-06


DD  step 499999 load imb.: force  4.5%
           Step           Time
         500000      250.00000

Writing checkpoint, step 500000 at Thu Aug  7 15:15:14 2025


   Energies (kJ/mol)
          Angle    Proper Dih. Per. Imp. Dih.          LJ-14     Coulomb-14
    1.34796e+03    1.57767e+03    8.14015e+01    7.34425e+02    1.09191e+04
        LJ (SR)   Coulomb (SR)   Coul. recip.      Potential    Kinetic En.
    5.32396e+04   -4.20876e+05    2.33807e+03   -3.50638e+05    6.72432e+04
   Total Energy  Conserved En.    Temperature Pressure (bar)   Constr. rmsd
   -2.83394e+05   -4.37121e+05    3.00975e+02   -9.68477e+01    2.27578e-06


DD  step 549999 load imb.: force  4.6%
           Step           Time
         550000      275.00000

   Energies (kJ/mol)
          Angle    Proper Dih. Per. Imp. Dih.          LJ-14     Coulomb-14
    1.40428e+03    1.58905e+03    5.22826e+01    7.14419e+02    1.09119e+04
        LJ (SR)   Coulomb (SR)   Coul. recip.      Potential    Kinetic En.
    5.31874e+04   -4.20264e+05    2.32046e+03   -3.50084e+05    6.70962e+04
   Total Energy  Conserved En.    Temperature Pressure (bar)   Constr. rmsd
   -2.82988e+05   -4.36938e+05    3.00317e+02   -8.20942e+01    2.25996e-06

Writing checkpoint, step 568500 at Thu Aug  7 15:30:16 2025


Writing checkpoint, step 599200 at Thu Aug  7 15:45:17 2025



DD  step 599999 load imb.: force  8.3%
           Step           Time
         600000      300.00000

   Energies (kJ/mol)
          Angle    Proper Dih. Per. Imp. Dih.          LJ-14     Coulomb-14
    1.53634e+03    1.64999e+03    6.59594e+01    6.54492e+02    1.07507e+04
        LJ (SR)   Coulomb (SR)   Coul. recip.      Potential    Kinetic En.
    5.28780e+04   -4.19780e+05    2.36389e+03   -3.49881e+05    6.78723e+04
   Total Energy  Conserved En.    Temperature Pressure (bar)   Constr. rmsd
   -2.82009e+05   -4.36748e+05    3.03791e+02   -2.58107e+02    2.57907e-06


DD  step 649999 load imb.: force  5.1%
           Step           Time
         650000      325.00000

   Energies (kJ/mol)
          Angle    Proper Dih. Per. Imp. Dih.          LJ-14     Coulomb-14
    1.40157e+03    1.68716e+03    7.21105e+01    6.78455e+02    1.08682e+04
        LJ (SR)   Coulomb (SR)   Coul. recip.      Potential    Kinetic En.
    5.33462e+04   -4.19744e+05    2.39235e+03   -3.49298e+05    6.79756e+04
   Total Energy  Conserved En.    Temperature Pressure (bar)   Constr. rmsd
   -2.81323e+05   -4.36558e+05    3.04253e+02   -9.76517e+01    2.61265e-06

Writing checkpoint, step 656200 at Thu Aug  7 16:00:15 2025



DD  step 699999 load imb.: force  6.0%
           Step           Time
         700000      350.00000

   Energies (kJ/mol)
          Angle    Proper Dih. Per. Imp. Dih.          LJ-14     Coulomb-14
    1.52898e+03    1.64877e+03    8.71857e+01    6.75741e+02    1.07664e+04
        LJ (SR)   Coulomb (SR)   Coul. recip.      Potential    Kinetic En.
    5.44781e+04   -4.21386e+05    2.35820e+03   -3.49843e+05    6.73804e+04
   Total Energy  Conserved En.    Temperature Pressure (bar)   Constr. rmsd
   -2.82463e+05   -4.36374e+05    3.01589e+02    1.50574e+02    2.50288e-06

Writing checkpoint, step 720500 at Thu Aug  7 16:15:14 2025



DD  step 749999 load imb.: force  3.3%
           Step           Time
         750000      375.00000

   Energies (kJ/mol)
          Angle    Proper Dih. Per. Imp. Dih.          LJ-14     Coulomb-14
    1.36633e+03    1.64349e+03    6.53556e+01    6.68662e+02    1.08831e+04
        LJ (SR)   Coulomb (SR)   Coul. recip.      Potential    Kinetic En.
    5.37291e+04   -4.21280e+05    2.33442e+03   -3.50590e+05    6.79145e+04
   Total Energy  Conserved En.    Temperature Pressure (bar)   Constr. rmsd
   -2.82675e+05   -4.36181e+05    3.03979e+02   -2.81645e+01    2.54228e-06

Writing checkpoint, step 764300 at Thu Aug  7 16:30:15 2025



DD  step 799999 load imb.: force  4.2%
           Step           Time
         800000      400.00000

   Energies (kJ/mol)
          Angle    Proper Dih. Per. Imp. Dih.          LJ-14     Coulomb-14
    1.44398e+03    1.69180e+03    6.50017e+01    6.65730e+02    1.08411e+04
        LJ (SR)   Coulomb (SR)   Coul. recip.      Potential    Kinetic En.
    5.28191e+04   -4.19827e+05    2.40047e+03   -3.49900e+05    6.65151e+04
   Total Energy  Conserved En.    Temperature Pressure (bar)   Constr. rmsd
   -2.83385e+05   -4.35999e+05    2.97716e+02   -1.94658e+02    2.29372e-06

Writing checkpoint, step 834000 at Thu Aug  7 16:45:14 2025



DD  step 849999 load imb.: force  5.4%
           Step           Time
         850000      425.00000

   Energies (kJ/mol)
          Angle    Proper Dih. Per. Imp. Dih.          LJ-14     Coulomb-14
    1.44932e+03    1.58826e+03    8.27147e+01    7.02709e+02    1.08643e+04
        LJ (SR)   Coulomb (SR)   Coul. recip.      Potential    Kinetic En.
    5.32526e+04   -4.21179e+05    2.39835e+03   -3.50841e+05    6.70880e+04
   Total Energy  Conserved En.    Temperature Pressure (bar)   Constr. rmsd
   -2.83753e+05   -4.35816e+05    3.00280e+02   -1.50254e+02    2.39987e-06


DD  step 899999 load imb.: force  4.7%
           Step           Time
         900000      450.00000

   Energies (kJ/mol)
          Angle    Proper Dih. Per. Imp. Dih.          LJ-14     Coulomb-14
    1.43370e+03    1.63516e+03    5.91745e+01    6.80687e+02    1.07846e+04
        LJ (SR)   Coulomb (SR)   Coul. recip.      Potential    Kinetic En.
    5.33208e+04   -4.20681e+05    2.41780e+03   -3.50349e+05    6.66354e+04
   Total Energy  Conserved En.    Temperature Pressure (bar)   Constr. rmsd
   -2.83714e+05   -4.35631e+05    2.98254e+02   -9.66047e+01    2.34060e-06

Writing checkpoint, step 900700 at Thu Aug  7 17:00:15 2025



DD  step 949999 load imb.: force  5.3%
           Step           Time
         950000      475.00000

   Energies (kJ/mol)
          Angle    Proper Dih. Per. Imp. Dih.          LJ-14     Coulomb-14
    1.35381e+03    1.63229e+03    7.44778e+01    6.86791e+02    1.07696e+04
        LJ (SR)   Coulomb (SR)   Coul. recip.      Potential    Kinetic En.
    5.35050e+04   -4.21508e+05    2.38274e+03   -3.51103e+05    6.72856e+04
   Total Energy  Conserved En.    Temperature Pressure (bar)   Constr. rmsd
   -2.83817e+05   -4.35444e+05    3.01165e+02   -1.44774e+02    2.49882e-06

Writing checkpoint, step 963500 at Thu Aug  7 17:15:15 2025



DD  step 999999 load imb.: force  3.7%
           Step           Time
        1000000      500.00000

   Energies (kJ/mol)
          Angle    Proper Dih. Per. Imp. Dih.          LJ-14     Coulomb-14
    1.42563e+03    1.67144e+03    8.17281e+01    6.97161e+02    1.07795e+04
        LJ (SR)   Coulomb (SR)   Coul. recip.      Potential    Kinetic En.
    5.28410e+04   -4.19685e+05    2.38546e+03   -3.49803e+05    6.75705e+04
   Total Energy  Conserved En.    Temperature Pressure (bar)   Constr. rmsd
   -2.82233e+05   -4.35252e+05    3.02440e+02   -1.53006e+02    2.52370e-06

Writing checkpoint, step 1030300 at Thu Aug  7 17:30:15 2025



DD  step 1049999 load imb.: force  6.0%
           Step           Time
        1050000      525.00000

   Energies (kJ/mol)
          Angle    Proper Dih. Per. Imp. Dih.          LJ-14     Coulomb-14
    1.48265e+03    1.62049e+03    9.47380e+01    6.90177e+02    1.07179e+04
        LJ (SR)   Coulomb (SR)   Coul. recip.      Potential    Kinetic En.
    5.29882e+04   -4.20206e+05    2.36034e+03   -3.50252e+05    6.68242e+04
   Total Energy  Conserved En.    Temperature Pressure (bar)   Constr. rmsd
   -2.83428e+05   -4.35070e+05    2.99099e+02   -1.66862e+02    2.39958e-06

Writing checkpoint, step 1097000 at Thu Aug  7 17:45:14 2025



DD  step 1099999 load imb.: force  2.5%
           Step           Time
        1100000      550.00000

   Energies (kJ/mol)
          Angle    Proper Dih. Per. Imp. Dih.          LJ-14     Coulomb-14
    1.53133e+03    1.66174e+03    9.54404e+01    7.05289e+02    1.07504e+04
        LJ (SR)   Coulomb (SR)   Coul. recip.      Potential    Kinetic En.
    5.29003e+04   -4.19207e+05    2.40260e+03   -3.49160e+05    6.70056e+04
   Total Energy  Conserved En.    Temperature Pressure (bar)   Constr. rmsd
   -2.82154e+05   -4.34886e+05    2.99911e+02   -8.46879e+01    2.43453e-06


DD  step 1149999 load imb.: force  5.6%
           Step           Time
        1150000      575.00000

   Energies (kJ/mol)
          Angle    Proper Dih. Per. Imp. Dih.          LJ-14     Coulomb-14
    1.44616e+03    1.63041e+03    7.10183e+01    7.14092e+02    1.07706e+04
        LJ (SR)   Coulomb (SR)   Coul. recip.      Potential    Kinetic En.
    5.33222e+04   -4.20227e+05    2.40226e+03   -3.49870e+05    6.63393e+04
   Total Energy  Conserved En.    Temperature Pressure (bar)   Constr. rmsd
   -2.83531e+05   -4.34705e+05    2.96929e+02    7.72917e+00    2.21440e-06

Writing checkpoint, step 1163900 at Thu Aug  7 18:00:31 2025


Writing checkpoint, step 1193200 at Thu Aug  7 18:15:14 2025



DD  step 1199999 load imb.: force  4.0%
           Step           Time
        1200000      600.00000

   Energies (kJ/mol)
          Angle    Proper Dih. Per. Imp. Dih.          LJ-14     Coulomb-14
    1.49029e+03    1.64841e+03    7.55613e+01    6.86353e+02    1.07536e+04
        LJ (SR)   Coulomb (SR)   Coul. recip.      Potential    Kinetic En.
    5.36596e+04   -4.21591e+05    2.33439e+03   -3.50943e+05    6.70095e+04
   Total Energy  Conserved En.    Temperature Pressure (bar)   Constr. rmsd
   -2.83933e+05   -4.34526e+05    2.99929e+02   -2.88595e+01    2.31561e-06


DD  step 1249999 load imb.: force  4.8%
           Step           Time
        1250000      625.00000

   Energies (kJ/mol)
          Angle    Proper Dih. Per. Imp. Dih.          LJ-14     Coulomb-14
    1.48896e+03    1.59536e+03    7.15641e+01    6.81434e+02    1.07789e+04
        LJ (SR)   Coulomb (SR)   Coul. recip.      Potential    Kinetic En.
    5.41538e+04   -4.20734e+05    2.46647e+03   -3.49497e+05    6.69968e+04
   Total Energy  Conserved En.    Temperature Pressure (bar)   Constr. rmsd
   -2.82500e+05   -4.34344e+05    2.99872e+02    2.79641e+01    2.55427e-06

Writing checkpoint, step 1268200 at Thu Aug  7 18:30:14 2025


Writing checkpoint, step 1288300 at Thu Aug  7 18:47:03 2025



DD  step 1299999 load imb.: force  4.4%
           Step           Time
        1300000      650.00000

   Energies (kJ/mol)
          Angle    Proper Dih. Per. Imp. Dih.          LJ-14     Coulomb-14
    1.47903e+03    1.63276e+03    7.92296e+01    6.89571e+02    1.07374e+04
        LJ (SR)   Coulomb (SR)   Coul. recip.      Potential    Kinetic En.
    5.40950e+04   -4.21251e+05    2.38724e+03   -3.50150e+05    6.76480e+04
   Total Energy  Conserved En.    Temperature Pressure (bar)   Constr. rmsd
   -2.82502e+05   -4.34172e+05    3.02787e+02    5.10888e+01    2.57455e-06

Writing checkpoint, step 1344900 at Thu Aug  7 19:00:14 2025



DD  step 1349999 load imb.: force  4.9%
           Step           Time
        1350000      675.00000

   Energies (kJ/mol)
          Angle    Proper Dih. Per. Imp. Dih.          LJ-14     Coulomb-14
    1.42370e+03    1.62901e+03    6.95480e+01    6.95580e+02    1.08093e+04
        LJ (SR)   Coulomb (SR)   Coul. recip.      Potential    Kinetic En.
    5.36055e+04   -4.20902e+05    2.33553e+03   -3.50334e+05    6.65294e+04
   Total Energy  Conserved En.    Temperature Pressure (bar)   Constr. rmsd
   -2.83804e+05   -4.33992e+05    2.97780e+02   -2.76329e+01    2.50088e-06


DD  step 1399999 load imb.: force  5.5%
           Step           Time
        1400000      700.00000

   Energies (kJ/mol)
          Angle    Proper Dih. Per. Imp. Dih.          LJ-14     Coulomb-14
    1.45664e+03    1.59151e+03    6.63765e+01    6.85695e+02    1.07376e+04
        LJ (SR)   Coulomb (SR)   Coul. recip.      Potential    Kinetic En.
    5.42109e+04   -4.22387e+05    2.39976e+03   -3.51238e+05    6.65115e+04
   Total Energy  Conserved En.    Temperature Pressure (bar)   Constr. rmsd
   -2.84727e+05   -4.33809e+05    2.97700e+02   -1.53488e+00    2.57520e-06

Writing checkpoint, step 1418400 at Thu Aug  7 19:15:15 2025



DD  step 1449999 load imb.: force  6.9%
           Step           Time
        1450000      725.00000

   Energies (kJ/mol)
          Angle    Proper Dih. Per. Imp. Dih.          LJ-14     Coulomb-14
    1.46814e+03    1.63989e+03    9.84780e+01    6.84934e+02    1.07585e+04
        LJ (SR)   Coulomb (SR)   Coul. recip.      Potential    Kinetic En.
    5.32524e+04   -4.20577e+05    2.34711e+03   -3.50327e+05    6.74711e+04
   Total Energy  Conserved En.    Temperature Pressure (bar)   Constr. rmsd
   -2.82856e+05   -4.33629e+05    3.01995e+02   -1.83830e+02    2.55611e-06

Writing checkpoint, step 1486100 at Thu Aug  7 19:30:18 2025



DD  step 1499999 load imb.: force  5.4%
           Step           Time
        1500000      750.00000

   Energies (kJ/mol)
          Angle    Proper Dih. Per. Imp. Dih.          LJ-14     Coulomb-14
    1.57975e+03    1.65487e+03    1.09298e+02    6.82516e+02    1.07376e+04
        LJ (SR)   Coulomb (SR)   Coul. recip.      Potential    Kinetic En.
    5.44613e+04   -4.21876e+05    2.37889e+03   -3.50272e+05    6.69942e+04
   Total Energy  Conserved En.    Temperature Pressure (bar)   Constr. rmsd
   -2.83277e+05   -4.33448e+05    2.99861e+02    1.08165e+02    2.49136e-06

Writing checkpoint, step 1541500 at Thu Aug  7 19:45:14 2025



DD  step 1549999 load imb.: force  3.6%
           Step           Time
        1550000      775.00000

   Energies (kJ/mol)
          Angle    Proper Dih. Per. Imp. Dih.          LJ-14     Coulomb-14
    1.35513e+03    1.66734e+03    7.73194e+01    7.02738e+02    1.07627e+04
        LJ (SR)   Coulomb (SR)   Coul. recip.      Potential    Kinetic En.
    5.39569e+04   -4.21627e+05    2.38157e+03   -3.50723e+05    6.73768e+04
   Total Energy  Conserved En.    Temperature Pressure (bar)   Constr. rmsd
   -2.83347e+05   -4.33267e+05    3.01573e+02   -5.71275e+00    2.40364e-06


DD  step 1599999 load imb.: force  3.4%
           Step           Time
        1600000      800.00000

   Energies (kJ/mol)
          Angle    Proper Dih. Per. Imp. Dih.          LJ-14     Coulomb-14
    1.49988e+03    1.64037e+03    6.94713e+01    6.93161e+02    1.07817e+04
        LJ (SR)   Coulomb (SR)   Coul. recip.      Potential    Kinetic En.
    5.31500e+04   -4.20743e+05    2.29631e+03   -3.50612e+05    6.70273e+04
   Total Energy  Conserved En.    Temperature Pressure (bar)   Constr. rmsd
   -2.83584e+05   -4.33076e+05    3.00009e+02   -2.22589e+02    2.61166e-06

Writing checkpoint, step 1611700 at Thu Aug  7 20:00:14 2025



DD  step 1649999 load imb.: force  5.7%
           Step           Time
        1650000      825.00000

   Energies (kJ/mol)
          Angle    Proper Dih. Per. Imp. Dih.          LJ-14     Coulomb-14
    1.43912e+03    1.65718e+03    6.94939e+01    6.75169e+02    1.07641e+04
        LJ (SR)   Coulomb (SR)   Coul. recip.      Potential    Kinetic En.
    5.37294e+04   -4.21304e+05    2.30553e+03   -3.50664e+05    6.61883e+04
   Total Energy  Conserved En.    Temperature Pressure (bar)   Constr. rmsd
   -2.84475e+05   -4.32889e+05    2.96253e+02   -1.56198e+02    2.59504e-06

Writing checkpoint, step 1681800 at Thu Aug  7 20:15:16 2025



DD  step 1699999 load imb.: force  7.8%
           Step           Time
        1700000      850.00000

   Energies (kJ/mol)
          Angle    Proper Dih. Per. Imp. Dih.          LJ-14     Coulomb-14
    1.38108e+03    1.62483e+03    7.75325e+01    7.05994e+02    1.08295e+04
        LJ (SR)   Coulomb (SR)   Coul. recip.      Potential    Kinetic En.
    5.33654e+04   -4.20153e+05    2.41491e+03   -3.49754e+05    6.76810e+04
   Total Energy  Conserved En.    Temperature Pressure (bar)   Constr. rmsd
   -2.82073e+05   -4.32707e+05    3.02935e+02   -2.23600e+01    2.40734e-06

Writing checkpoint, step 1748700 at Thu Aug  7 20:30:15 2025



DD  step 1749999 load imb.: force  5.4%
           Step           Time
        1750000      875.00000

   Energies (kJ/mol)
          Angle    Proper Dih. Per. Imp. Dih.          LJ-14     Coulomb-14
    1.39470e+03    1.74714e+03    8.45106e+01    6.75705e+02    1.07723e+04
        LJ (SR)   Coulomb (SR)   Coul. recip.      Potential    Kinetic En.
    5.48697e+04   -4.22882e+05    2.28240e+03   -3.51056e+05    6.71345e+04
   Total Energy  Conserved En.    Temperature Pressure (bar)   Constr. rmsd
   -2.83922e+05   -4.32520e+05    3.00488e+02    1.94775e+02    2.40702e-06


DD  step 1799999 load imb.: force  8.1%
           Step           Time
        1800000      900.00000

   Energies (kJ/mol)
          Angle    Proper Dih. Per. Imp. Dih.          LJ-14     Coulomb-14
    1.39636e+03    1.66700e+03    8.75554e+01    6.98649e+02    1.07198e+04
        LJ (SR)   Coulomb (SR)   Coul. recip.      Potential    Kinetic En.
    5.41801e+04   -4.21516e+05    2.39054e+03   -3.50376e+05    6.74792e+04
   Total Energy  Conserved En.    Temperature Pressure (bar)   Constr. rmsd
   -2.82896e+05   -4.32333e+05    3.02031e+02    1.72294e+02    2.27567e-06

Writing checkpoint, step 1819400 at Thu Aug  7 20:45:18 2025



DD  step 1849999 load imb.: force  5.0%
           Step           Time
        1850000      925.00000

   Energies (kJ/mol)
          Angle    Proper Dih. Per. Imp. Dih.          LJ-14     Coulomb-14
    1.44561e+03    1.67753e+03    9.02489e+01    6.96080e+02    1.07675e+04
        LJ (SR)   Coulomb (SR)   Coul. recip.      Potential    Kinetic En.
    5.38180e+04   -4.21713e+05    2.31553e+03   -3.50903e+05    6.73379e+04
   Total Energy  Conserved En.    Temperature Pressure (bar)   Constr. rmsd
   -2.83565e+05   -4.32151e+05    3.01399e+02   -1.18717e+02    2.46385e-06

Writing checkpoint, step 1894800 at Thu Aug  7 21:00:16 2025



DD  step 1899999 load imb.: force  3.0%
           Step           Time
        1900000      950.00000

   Energies (kJ/mol)
          Angle    Proper Dih. Per. Imp. Dih.          LJ-14     Coulomb-14
    1.39566e+03    1.64773e+03    8.32799e+01    6.88644e+02    1.07620e+04
        LJ (SR)   Coulomb (SR)   Coul. recip.      Potential    Kinetic En.
    5.46232e+04   -4.22041e+05    2.28870e+03   -3.50552e+05    6.62421e+04
   Total Energy  Conserved En.    Temperature Pressure (bar)   Constr. rmsd
   -2.84310e+05   -4.31966e+05    2.96494e+02    1.37299e+02    2.39541e-06


DD  step 1949999 load imb.: force  5.9%
           Step           Time
        1950000      975.00000

   Energies (kJ/mol)
          Angle    Proper Dih. Per. Imp. Dih.          LJ-14     Coulomb-14
    1.38423e+03    1.62236e+03    6.82470e+01    7.32596e+02    1.08859e+04
        LJ (SR)   Coulomb (SR)   Coul. recip.      Potential    Kinetic En.
    5.36256e+04   -4.21527e+05    2.32568e+03   -3.50882e+05    6.63144e+04
   Total Energy  Conserved En.    Temperature Pressure (bar)   Constr. rmsd
   -2.84568e+05   -4.31780e+05    2.96818e+02   -1.11812e+01    2.19833e-06

Writing checkpoint, step 1963700 at Thu Aug  7 21:15:14 2025



DD  step 1999999 load imb.: force  4.1%
           Step           Time
        2000000     1000.00000

Writing checkpoint, step 2000000 at Thu Aug  7 21:22:17 2025


   Energies (kJ/mol)
          Angle    Proper Dih. Per. Imp. Dih.          LJ-14     Coulomb-14
    1.44983e+03    1.61588e+03    9.19461e+01    7.00394e+02    1.08441e+04
        LJ (SR)   Coulomb (SR)   Coul. recip.      Potential    Kinetic En.
    5.35490e+04   -4.20742e+05    2.40087e+03   -3.50090e+05    6.68470e+04
   Total Energy  Conserved En.    Temperature Pressure (bar)   Constr. rmsd
   -2.83243e+05   -4.31596e+05    2.99201e+02   -3.34661e+01    2.54212e-06


Energy conservation over simulation part #1 of length 1000 ps, time 0 to 1000 ps
  Conserved energy drift: -4.05e-04 kJ/mol/ps per atom


	<======  ###############  ==>
	<====  A V E R A G E S  ====>
	<==  ###############  ======>

	Statistics over 2000001 steps using 20001 frames

   Energies (kJ/mol)
          Angle    Proper Dih. Per. Imp. Dih.          LJ-14     Coulomb-14
    1.47459e+03    1.65106e+03    7.94896e+01    6.94906e+02    1.08005e+04
        LJ (SR)   Coulomb (SR)   Coul. recip.      Potential    Kinetic En.
    5.35775e+04   -4.21153e+05    2.37167e+03   -3.50503e+05    6.69508e+04
   Total Energy  Conserved En.    Temperature Pressure (bar)   Constr. rmsd
   -2.83553e+05   -4.35279e+05    2.99666e+02   -8.12303e+01    0.00000e+00

   Total Virial (kJ/mol)
    2.30127e+04   -1.55592e+01   -8.61517e+00
   -1.39876e+01    2.29778e+04    2.24553e+01
   -8.94100e+00    2.04118e+01    2.29830e+04

   Pressure (bar)
   -8.30974e+01    1.87947e+00    3.88035e-01
    1.69013e+00   -7.91264e+01   -1.35597e+00
    4.27292e-01   -1.10977e+00   -8.14672e+01


	M E G A - F L O P S   A C C O U N T I N G

 NB=Group-cutoff nonbonded kernels    NxN=N-by-N cluster Verlet kernels
 RF=Reaction-Field  VdW=Van der Waals  QSTab=quadratic-spline table
 W3=SPC/TIP3p  W4=TIP4p (single or pairs)
 V&F=Potential and force  V=Potential only  F=Force only

 Computing:                               M-Number         M-Flops  % Flops
-----------------------------------------------------------------------------
 Pair Search distance check          178040.176548     1602361.589     0.1
 NxN Ewald Elec. + LJ [F]          11695372.899408   771894611.361    47.8
 NxN Ewald Elec. + LJ [V&F]          118140.992728    12641086.222     0.8
 NxN Ewald Elec. [F]               10937798.817264   667205727.853    41.3
 NxN Ewald Elec. [V&F]               110488.342936     9281020.807     0.6
 1,4 nonbonded interactions            3240.001620      291600.146     0.0
 Calc Weights                        161244.080622     5804786.902     0.4
 Spread Q Bspline                   3439873.719936     6879747.440     0.4
 Gather F Bspline                   3439873.719936    20639242.320     1.3
 3D-FFT                            12238378.119186    97907024.953     6.1
 Solve PME                           181888.090944    11640837.820     0.7
 Reset In Box                           537.426252        1612.279     0.0
 CG-CoM                                 537.506874        1612.521     0.0
 Angles                                2276.001138      382368.191     0.0
 Propers                               3426.001713      784554.392     0.0
 Impropers                              266.000133       55328.028     0.0
 Virial                                 546.507324        9837.132     0.0
 Stop-CM                                537.506874        5375.069     0.0
 Calc-Ekin                             1075.013748       29025.371     0.0
 Lincs                                 2198.138142      131888.289     0.0
 Lincs-Mat                            46779.549852      187118.199     0.0
 Constraint-V                         61695.583356      555260.250     0.0
 Constraint-Vir                         595.003869       14280.093     0.0
 Settle                               19099.769024     7066914.539     0.4
-----------------------------------------------------------------------------
 Total                                              1615013221.765   100.0
-----------------------------------------------------------------------------


    D O M A I N   D E C O M P O S I T I O N   S T A T I S T I C S

 av. #atoms communicated per step for force:  2 x 35891.1
 av. #atoms communicated per step for LINCS:  2 x 2905.7


Dynamic load balancing report:
 DLB got disabled because it was unsuitable to use.
 Average load imbalance: 5.1%.
 The balanceable part of the MD step is 56%, load imbalance is computed from this.
 Part of the total run time spent waiting due to load imbalance: 2.9%.


      R E A L   C Y C L E   A N D   T I M E   A C C O U N T I N G

On 10 MPI ranks

 Activity:              Num   Num      Call    Wall time         Giga-Cycles
                        Ranks Threads  Count      (s)         total sum    %
--------------------------------------------------------------------------------
 Domain decomp.           10    1      20000     124.739         29.937   0.4
 DD comm. load            10    1      20000       1.574          0.378   0.0
 DD comm. bounds          10    1         97       0.010          0.003   0.0
 Neighbor search          10    1      20001      91.444         21.947   0.3
 Comm. coord.             10    1    1980000     334.146         80.194   1.2
 Force                    10    1    2000001   16875.605       4050.115  59.6
 Wait + Comm. F           10    1    2000001     341.500         81.959   1.2
 PME mesh                 10    1    2000001    9595.239       2302.840  33.9
 NB X/F buffer ops.       10    1    5980002      72.258         17.342   0.3
 Write traj.              10    1         71       0.221          0.053   0.0
 Update                   10    1    2000001      35.674          8.562   0.1
 Constraints              10    1    2000001     833.839        200.120   2.9
 Kinetic energy           10    1      40001       1.513          0.363   0.0
 Comm. energies           10    1      20001       8.205          1.969   0.0
 Rest                                              8.291          1.990   0.0
--------------------------------------------------------------------------------
 Total                                         28324.259       6797.772 100.0
--------------------------------------------------------------------------------
 Breakdown of PME mesh activities
--------------------------------------------------------------------------------
 PME redist. X/F          10    1    4000002    5750.152       1380.026  20.3
 PME spread               10    1    2000001    1201.195        288.285   4.2
 PME gather               10    1    2000001     584.491        140.277   2.1
 PME 3D-FFT               10    1    4000002     597.364        143.366   2.1
 PME 3D-FFT Comm.         10    1    8000004    1349.448        323.865   4.8
 PME solve Elec           10    1    2000001     110.282         26.468   0.4
--------------------------------------------------------------------------------

               Core t (s)   Wall t (s)        (%)
       Time:   283242.458    28324.259     1000.0
                         7h52:04
                 (ns/day)    (hour/ns)
Performance:        3.050        7.868
Finished mdrun on rank 0 Thu Aug  7 21:22:17 2025

